Archive member included to satisfy reference by file (symbol)

C:/ST/STM32CubeIDE_1.13.0/STM32CubeIDE/plugins/com.st.stm32cube.ide.mcu.externaltools.gnu-tools-for-stm32.11.3.rel1.win32_1.1.100.202309141235/tools/bin/../lib/gcc/arm-none-eabi/11.3.1/../../../../arm-none-eabi/lib/thumb/v8-m.main+fp/hard\libc_nano.a(libc_a-exit.o)
                              C:/ST/STM32CubeIDE_1.13.0/STM32CubeIDE/plugins/com.st.stm32cube.ide.mcu.externaltools.gnu-tools-for-stm32.11.3.rel1.win32_1.1.100.202309141235/tools/bin/../lib/gcc/arm-none-eabi/11.3.1/../../../../arm-none-eabi/lib/thumb/v8-m.main+fp/hard/crt0.o (exit)
C:/ST/STM32CubeIDE_1.13.0/STM32CubeIDE/plugins/com.st.stm32cube.ide.mcu.externaltools.gnu-tools-for-stm32.11.3.rel1.win32_1.1.100.202309141235/tools/bin/../lib/gcc/arm-none-eabi/11.3.1/../../../../arm-none-eabi/lib/thumb/v8-m.main+fp/hard\libc_nano.a(libc_a-findfp.o)
                              C:/ST/STM32CubeIDE_1.13.0/STM32CubeIDE/plugins/com.st.stm32cube.ide.mcu.externaltools.gnu-tools-for-stm32.11.3.rel1.win32_1.1.100.202309141235/tools/bin/../lib/gcc/arm-none-eabi/11.3.1/../../../../arm-none-eabi/lib/thumb/v8-m.main+fp/hard\libc_nano.a(libc_a-exit.o) (__stdio_exit_handler)
C:/ST/STM32CubeIDE_1.13.0/STM32CubeIDE/plugins/com.st.stm32cube.ide.mcu.externaltools.gnu-tools-for-stm32.11.3.rel1.win32_1.1.100.202309141235/tools/bin/../lib/gcc/arm-none-eabi/11.3.1/../../../../arm-none-eabi/lib/thumb/v8-m.main+fp/hard\libc_nano.a(libc_a-fwalk.o)
                              C:/ST/STM32CubeIDE_1.13.0/STM32CubeIDE/plugins/com.st.stm32cube.ide.mcu.externaltools.gnu-tools-for-stm32.11.3.rel1.win32_1.1.100.202309141235/tools/bin/../lib/gcc/arm-none-eabi/11.3.1/../../../../arm-none-eabi/lib/thumb/v8-m.main+fp/hard\libc_nano.a(libc_a-findfp.o) (_fwalk_sglue)
C:/ST/STM32CubeIDE_1.13.0/STM32CubeIDE/plugins/com.st.stm32cube.ide.mcu.externaltools.gnu-tools-for-stm32.11.3.rel1.win32_1.1.100.202309141235/tools/bin/../lib/gcc/arm-none-eabi/11.3.1/../../../../arm-none-eabi/lib/thumb/v8-m.main+fp/hard\libc_nano.a(libc_a-snprintf.o)
                              ./Bsp/src/DDR5_DIMM_Detect.o (snprintf)
C:/ST/STM32CubeIDE_1.13.0/STM32CubeIDE/plugins/com.st.stm32cube.ide.mcu.externaltools.gnu-tools-for-stm32.11.3.rel1.win32_1.1.100.202309141235/tools/bin/../lib/gcc/arm-none-eabi/11.3.1/../../../../arm-none-eabi/lib/thumb/v8-m.main+fp/hard\libc_nano.a(libc_a-stdio.o)
                              C:/ST/STM32CubeIDE_1.13.0/STM32CubeIDE/plugins/com.st.stm32cube.ide.mcu.externaltools.gnu-tools-for-stm32.11.3.rel1.win32_1.1.100.202309141235/tools/bin/../lib/gcc/arm-none-eabi/11.3.1/../../../../arm-none-eabi/lib/thumb/v8-m.main+fp/hard\libc_nano.a(libc_a-findfp.o) (__sread)
C:/ST/STM32CubeIDE_1.13.0/STM32CubeIDE/plugins/com.st.stm32cube.ide.mcu.externaltools.gnu-tools-for-stm32.11.3.rel1.win32_1.1.100.202309141235/tools/bin/../lib/gcc/arm-none-eabi/11.3.1/../../../../arm-none-eabi/lib/thumb/v8-m.main+fp/hard\libc_nano.a(libc_a-memset.o)
                              C:/ST/STM32CubeIDE_1.13.0/STM32CubeIDE/plugins/com.st.stm32cube.ide.mcu.externaltools.gnu-tools-for-stm32.11.3.rel1.win32_1.1.100.202309141235/tools/bin/../lib/gcc/arm-none-eabi/11.3.1/../../../../arm-none-eabi/lib/thumb/v8-m.main+fp/hard/crt0.o (memset)
C:/ST/STM32CubeIDE_1.13.0/STM32CubeIDE/plugins/com.st.stm32cube.ide.mcu.externaltools.gnu-tools-for-stm32.11.3.rel1.win32_1.1.100.202309141235/tools/bin/../lib/gcc/arm-none-eabi/11.3.1/../../../../arm-none-eabi/lib/thumb/v8-m.main+fp/hard\libc_nano.a(libc_a-closer.o)
                              C:/ST/STM32CubeIDE_1.13.0/STM32CubeIDE/plugins/com.st.stm32cube.ide.mcu.externaltools.gnu-tools-for-stm32.11.3.rel1.win32_1.1.100.202309141235/tools/bin/../lib/gcc/arm-none-eabi/11.3.1/../../../../arm-none-eabi/lib/thumb/v8-m.main+fp/hard\libc_nano.a(libc_a-stdio.o) (_close_r)
C:/ST/STM32CubeIDE_1.13.0/STM32CubeIDE/plugins/com.st.stm32cube.ide.mcu.externaltools.gnu-tools-for-stm32.11.3.rel1.win32_1.1.100.202309141235/tools/bin/../lib/gcc/arm-none-eabi/11.3.1/../../../../arm-none-eabi/lib/thumb/v8-m.main+fp/hard\libc_nano.a(libc_a-reent.o)
                              C:/ST/STM32CubeIDE_1.13.0/STM32CubeIDE/plugins/com.st.stm32cube.ide.mcu.externaltools.gnu-tools-for-stm32.11.3.rel1.win32_1.1.100.202309141235/tools/bin/../lib/gcc/arm-none-eabi/11.3.1/../../../../arm-none-eabi/lib/thumb/v8-m.main+fp/hard\libc_nano.a(libc_a-closer.o) (errno)
C:/ST/STM32CubeIDE_1.13.0/STM32CubeIDE/plugins/com.st.stm32cube.ide.mcu.externaltools.gnu-tools-for-stm32.11.3.rel1.win32_1.1.100.202309141235/tools/bin/../lib/gcc/arm-none-eabi/11.3.1/../../../../arm-none-eabi/lib/thumb/v8-m.main+fp/hard\libc_nano.a(libc_a-impure.o)
                              C:/ST/STM32CubeIDE_1.13.0/STM32CubeIDE/plugins/com.st.stm32cube.ide.mcu.externaltools.gnu-tools-for-stm32.11.3.rel1.win32_1.1.100.202309141235/tools/bin/../lib/gcc/arm-none-eabi/11.3.1/../../../../arm-none-eabi/lib/thumb/v8-m.main+fp/hard\libc_nano.a(libc_a-snprintf.o) (_impure_ptr)
[...]
Memory Configuration

Name             Origin             Length             Attributes
RAM              0x0000000020000000 0x00000000000a0000 xrw
FLASH            0x0000000008000000 0x0000000000200000 xr
*default*        0x0000000000000000 0xffffffffffffffff

Linker script and memory map

LOAD C:/ST/STM32CubeIDE_1.13.0/STM32CubeIDE/plugins/com.st.stm32cube.ide.mcu.externaltools.gnu-tools-for-stm32.11.3.rel1.win32_1.1.100.202309141235/tools/bin/../lib/gcc/arm-none-eabi/11.3.1/thumb/v8-m.main+fp/hard/crti.o
LOAD C:/ST/STM32CubeIDE_1.13.0/STM32CubeIDE/plugins/com.st.stm32cube.ide.mcu.externaltools.gnu-tools-for-stm32.11.3.rel1.win32_1.1.100.202309141235/tools/bin/../lib/gcc/arm-none-eabi/11.3.1/thumb/v8-m.main+fp/hard/crtbegin.o
LOAD C:/ST/STM32CubeIDE_1.13.0/STM32CubeIDE/plugins/com.st.stm32cube.ide.mcu.externaltools.gnu-tools-for-stm32.11.3.rel1.win32_1.1.100.202309141235/tools/bin/../lib/gcc/arm-none-eabi/11.3.1/../../../../arm-none-eabi/lib/thumb/v8-m.main+fp/hard/crt0.o
LOAD ./Application/User/Core/main.o
LOAD ./Application/User/Core/stm32h5xx_hal_msp.o
LOAD ./Application/User/Core/stm32h5xx_it.o
LOAD ./Application/User/Core/syscalls.o
LOAD ./Application/User/Core/sysmem.o
LOAD ./Application/User/Startup/startup_stm32h563zitx.o
LOAD ./Bsp/src/DDR5_DIMM_Detect.o
LOAD ./Bsp/src/DDR5_I3C.o
LOAD ./Bsp/src/DDR5_LCD_DIMM.o
LOAD ./Bsp/src/DDR5_SPD.o
LOAD ./Bsp/src/DDR5_Time.o
LOAD ./Bsp/src/DDR5_UI_Menu.o
LOAD ./Bsp/src/DDR5_board.o
LOAD ./Bsp/src/nhd0420_i2c.o
LOAD ./Drivers/CMSIS/system_stm32h5xx.o
LOAD ./Drivers/STM32H5xx_HAL_Driver/stm32h5xx_hal.o
LOAD ./Drivers/STM32H5xx_HAL_Driver/stm32h5xx_hal_cortex.o
LOAD ./Drivers/STM32H5xx_HAL_Driver/stm32h5xx_hal_dma.o
LOAD ./Drivers/STM32H5xx_HAL_Driver/stm32h5xx_hal_dma_ex.o
LOAD ./Drivers/STM32H5xx_HAL_Driver/stm32h5xx_hal_exti.o
LOAD ./Drivers/STM32H5xx_HAL_Driver/stm32h5xx_hal_flash.o
LOAD ./Drivers/STM32H5xx_HAL_Driver/stm32h5xx_hal_flash_ex.o
LOAD ./Drivers/STM32H5xx_HAL_Driver/stm32h5xx_hal_gpio.o
LOAD ./Drivers/STM32H5xx_HAL_Driver/stm32h5xx_hal_i2c.o
LOAD ./Drivers/STM32H5xx_HAL_Driver/stm32h5xx_hal_i2c_ex.o
LOAD ./Drivers/STM32H5xx_HAL_Driver/stm32h5xx_hal_i3c.o
LOAD ./Drivers/STM32H5xx_HAL_Driver/stm32h5xx_hal_icache.o
LOAD ./Drivers/STM32H5xx_HAL_Driver/stm32h5xx_hal_pwr.o
LOAD ./Drivers/STM32H5xx_HAL_Driver/stm32h5xx_hal_pwr_ex.o
LOAD ./Drivers/STM32H5xx_HAL_Driver/stm32h5xx_hal_rcc.o
LOAD ./Drivers/STM32H5xx_HAL_Driver/stm32h5xx_hal_rcc_ex.o
LOAD ./Drivers/STM32H5xx_HAL_Driver/stm32h5xx_hal_uart.o
LOAD ./Drivers/STM32H5xx_HAL_Driver/stm32h5xx_hal_uart_ex.o
START GROUP
LOAD C:/ST/STM32CubeIDE_1.13.0/STM32CubeIDE/plugins/com.st.stm32cube.ide.mcu.externaltools.gnu-tools-for-stm32.11.3.rel1.win32_1.1.100.202309141235/tools/bin/../lib/gcc/arm-none-eabi/11.3.1/../../../../arm-none-eabi/lib/thumb/v8-m.main+fp/hard\libc_nano.a
LOAD C:/ST/STM32CubeIDE_1.13.0/STM32CubeIDE/plugins/com.st.stm32cube.ide.mcu.externaltools.gnu-tools-for-stm32.11.3.rel1.win32_1.1.100.202309141235/tools/bin/../lib/gcc/arm-none-eabi/11.3.1/../../../../arm-none-eabi/lib/thumb/v8-m.main+fp/hard\libm.a
END GROUP
START GROUP
LOAD C:/ST/STM32CubeIDE_1.13.0/STM32CubeIDE/plugins/com.st.stm32cube.ide.mcu.externaltools.gnu-tools-for-stm32.11.3.rel1.win32_1.1.100.202309141235/tools/bin/../lib/gcc/arm-none-eabi/11.3.1/thumb/v8-m.main+fp/hard\libgcc.a
LOAD C:/ST/STM32CubeIDE_1.13.0/STM32CubeIDE/plugins/com.st.stm32cube.ide.mcu.externaltools.gnu-tools-for-stm32.11.3.rel1.win32_1.1.100.202309141235/tools/bin/../lib/gcc/arm-none-eabi/11.3.1/../../../../arm-none-eabi/lib/thumb/v8-m.main+fp/hard\libc_nano.a
END GROUP
START GROUP
LOAD C:/ST/STM32CubeIDE_1.13.0/STM32CubeIDE/plugins/com.st.stm32cube.ide.mcu.externaltools.gnu-tools-for-stm32.11.3.rel1.win32_1.1.100.202309141235/tools/bin/../lib/gcc/arm-none-eabi/11.3.1/thumb/v8-m.main+fp/hard\libgcc.a
LOAD C:/ST/STM32CubeIDE_1.13.0/STM32CubeIDE/plugins/com.st.stm32cube.ide.mcu.externaltools.gnu-tools-for-stm32.11.3.rel1.win32_1.1.100.202309141235/tools/bin/../lib/gcc/arm-none-eabi/11.3.1/../../../../arm-none-eabi/lib/thumb/v8-m.main+fp/hard\libc_nano.a
LOAD C:/ST/STM32CubeIDE_1.13.0/STM32CubeIDE/plugins/com.st.stm32cube.ide.mcu.externaltools.gnu-tools-for-stm32.11.3.rel1.win32_1.1.100.202309141235/tools/bin/../lib/gcc/arm-none-eabi/11.3.1/../../../../arm-none-eabi/lib/thumb/v8-m.main+fp/hard\libnosys.a
END GROUP
START GROUP
LOAD C:/ST/STM32CubeIDE_1.13.0/STM32CubeIDE/plugins/com.st.stm32cube.ide.mcu.externaltools.gnu-tools-for-stm32.11.3.rel1.win32_1.1.100.202309141235/tools/bin/../lib/gcc/arm-none-eabi/11.3.1/thumb/v8-m.main+fp/hard\libgcc.a
LOAD C:/ST/STM32CubeIDE_1.13.0/STM32CubeIDE/plugins/com.st.stm32cube.ide.mcu.externaltools.gnu-tools-for-stm32.11.3.rel1.win32_1.1.100.202309141235/tools/bin/../lib/gcc/arm-none-eabi/11.3.1/../../../../arm-none-eabi/lib/thumb/v8-m.main+fp/hard\libc_nano.a
LOAD C:/ST/STM32CubeIDE_1.13.0/STM32CubeIDE/plugins/com.st.stm32cube.ide.mcu.externaltools.gnu-tools-for-stm32.11.3.rel1.win32_1.1.100.202309141235/tools/bin/../lib/gcc/arm-none-eabi/11.3.1/../../../../arm-none-eabi/lib/thumb/v8-m.main+fp/hard\libnosys.a
END GROUP
LOAD C:/ST/STM32CubeIDE_1.13.0/STM32CubeIDE/plugins/com.st.stm32cube.ide.mcu.externaltools.gnu-tools-for-stm32.11.3.rel1.win32_1.1.100.202309141235/tools/bin/../lib/gcc/arm-none-eabi/11.3.1/thumb/v8-m.main+fp/hard/crtend.o
LOAD C:/ST/STM32CubeIDE_1.13.0/STM32CubeIDE/plugins/com.st.stm32cube.ide.mcu.externaltools.gnu-tools-for-stm32.11.3.rel1.win32_1.1.100.202309141235/tools/bin/../lib/gcc/arm-none-eabi/11.3.1/thumb/v8-m.main+fp/hard/crtn.o
                0x00000000200a0000                _estack = (ORIGIN (RAM) + LENGTH (RAM))
                0x0000000000000200                _Min_Heap_Size = 0x200
                0x0000000000000400                _Min_Stack_Size = 0x400

.isr_vector     0x0000000008000000      0x24c
                0x0000000008000000                . = ALIGN (0x4)
 *(.isr_vector)
 .isr_vector    0x0000000008000000      0x24c ./Application/User/Startup/startup_stm32h563zitx.o
                0x0000000008000000                g_pfnVectors
                0x000000000800024c                . = ALIGN (0x4)

.text           0x000000000800024c     0xc81c
                0x000000000800024c                . = ALIGN (0x4)
 *(.text)
 .text          0x000000000800024c       0x40 C:/ST/STM32CubeIDE_1.13.0/STM32CubeIDE/plugins/com.st.stm32cube.ide.mcu.externaltools.gnu-tools-for-stm32.11.3.rel1.win32_1.1.100.202309141235/tools/bin/../lib/gcc/arm-none-eabi/11.3.1/thumb/v8-m.main+fp/hard/crtbegin.o
 .text          0x000000000800028c       0x30 C:/ST/STM32CubeIDE_1.13.0/STM32CubeIDE/plugins/com.st.stm32cube.ide.mcu.externaltools.gnu-tools-for-stm32.11.3.rel1.win32_1.1.100.202309141235/tools/bin/../lib/gcc/arm-none-eabi/11.3.1/thumb/v8-m.main+fp/hard\libgcc.a(_aeabi_uldivmod.o)
                0x000000000800028c                __aeabi_uldivmod
 .text          0x00000000080002bc      0x2ec C:/ST/STM32CubeIDE_1.13.0/STM32CubeIDE/plugins/com.st.stm32cube.ide.mcu.externaltools.gnu-tools-for-stm32.11.3.rel1.win32_1.1.100.202309141235/tools/bin/../lib/gcc/arm-none-eabi/11.3.1/thumb/v8-m.main+fp/hard\libgcc.a(_udivmoddi4.o)
                0x00000000080002bc                __udivmoddi4
 .text          0x00000000080005a8        0x4 C:/ST/STM32CubeIDE_1.13.0/STM32CubeIDE/plugins/com.st.stm32cube.ide.mcu.externaltools.gnu-tools-for-stm32.11.3.rel1.win32_1.1.100.202309141235/tools/bin/../lib/gcc/arm-none-eabi/11.3.1/thumb/v8-m.main+fp/hard\libgcc.a(_dvmd_tls.o)
                0x00000000080005a8                __aeabi_idiv0
                0x00000000080005a8                __aeabi_ldiv0
 *(.text*)
 .text.main     0x00000000080005ac      0x138 ./Application/User/Core/main.o
                0x00000000080005ac                main
 .text.SystemClock_Config
                0x00000000080006e4       0xd8 ./Application/User/Core/main.o
                0x00000000080006e4                SystemClock_Config
 .text.MX_I2C1_Init
                0x00000000080007bc       0x80 ./Application/User/Core/main.o
 .text.MX_I3C1_Init
                0x000000000800083c       0xe4 ./Application/User/Core/main.o
 .text.MX_ICACHE_Init
                0x0000000008000920       0x16 ./Application/User/Core/main.o
 .text.MX_MEMORYMAP_Init
                0x0000000008000936        0xe ./Application/User/Core/main.o
 .text.MX_USART3_UART_Init
                0x0000000008000944       0xa4 ./Application/User/Core/main.o
 .text.MX_GPIO_Init
                0x00000000080009e8      0x2ac ./Application/User/Core/main.o
 .text.Error_Handler
                0x0000000008000c94        0xa ./Application/User/Core/main.o
                0x0000000008000c94                Error_Handler
 .text.HAL_MspInit
                0x0000000008000c9e        0xe ./Application/User/Core/stm32h5xx_hal_msp.o
                0x0000000008000c9e                HAL_MspInit
 .text.HAL_I2C_MspInit
                0x0000000008000cac      0x11c ./Application/User/Core/stm32h5xx_hal_msp.o
                0x0000000008000cac                HAL_I2C_MspInit
 .text.HAL_I3C_MspInit
                0x0000000008000dc8      0x19c ./Application/User/Core/stm32h5xx_hal_msp.o
                0x0000000008000dc8                HAL_I3C_MspInit
 .text.HAL_UART_MspInit
                0x0000000008000f64      0x11c ./Application/User/Core/stm32h5xx_hal_msp.o
                0x0000000008000f64                HAL_UART_MspInit
 .text.NMI_Handler
                0x0000000008001080        0x6 ./Application/User/Core/stm32h5xx_it.o
                0x0000000008001080                NMI_Handler
 .text.HardFault_Handler
                0x0000000008001086        0x6 ./Application/User/Core/stm32h5xx_it.o
                0x0000000008001086                HardFault_Handler
 .text.MemManage_Handler
                0x000000000800108c        0x6 ./Application/User/Core/stm32h5xx_it.o
                0x000000000800108c                MemManage_Handler
 .text.BusFault_Handler
                0x0000000008001092        0x6 ./Application/User/Core/stm32h5xx_it.o
                0x0000000008001092                BusFault_Handler
 .text.UsageFault_Handler
                0x0000000008001098        0x6 ./Application/User/Core/stm32h5xx_it.o
                0x0000000008001098                UsageFault_Handler
 .text.SVC_Handler
                0x000000000800109e        0xe ./Application/User/Core/stm32h5xx_it.o
                0x000000000800109e                SVC_Handler
 .text.DebugMon_Handler
                0x00000000080010ac        0xe ./Application/User/Core/stm32h5xx_it.o
                0x00000000080010ac                DebugMon_Handler
 .text.PendSV_Handler
                0x00000000080010ba        0xe ./Application/User/Core/stm32h5xx_it.o
                0x00000000080010ba                PendSV_Handler
 .text.SysTick_Handler
                0x00000000080010c8       0x10 ./Application/User/Core/stm32h5xx_it.o
                0x00000000080010c8                SysTick_Handler
 .text._sbrk    0x00000000080010d8       0x6c ./Application/User/Core/sysmem.o
                0x00000000080010d8                _sbrk
 .text.Reset_Handler
                0x0000000008001144       0x50 ./Application/User/Startup/startup_stm32h563zitx.o
                0x0000000008001144                Reset_Handler
 .text.Default_Handler
                0x0000000008001194        0x2 ./Application/User/Startup/startup_stm32h563zitx.o
                0x0000000008001194                EXTI2_IRQHandler
                0x0000000008001194                TIM8_TRG_COM_IRQHandler
                0x0000000008001194                TIM8_CC_IRQHandler
                0x0000000008001194                EXTI5_IRQHandler
                0x0000000008001194                I3C1_ER_IRQHandler
                0x0000000008001194                UART8_IRQHandler
                0x0000000008001194                SPI4_IRQHandler
                0x0000000008001194                GPDMA2_Channel1_IRQHandler
                0x0000000008001194                FLASH_S_IRQHandler
                0x0000000008001194                EXTI13_IRQHandler
                0x0000000008001194                TIM1_CC_IRQHandler
                0x0000000008001194                GPDMA2_Channel3_IRQHandler
                0x0000000008001194                TAMP_IRQHandler
                0x0000000008001194                TIM6_IRQHandler
                0x0000000008001194                EXTI12_IRQHandler
                0x0000000008001194                CORDIC_IRQHandler
                0x0000000008001194                USB_DRD_FS_IRQHandler
                0x0000000008001194                EXTI3_IRQHandler
                0x0000000008001194                LPTIM4_IRQHandler
                0x0000000008001194                GPDMA1_Channel5_IRQHandler
                0x0000000008001194                EXTI8_IRQHandler
                0x0000000008001194                GPDMA2_Channel5_IRQHandler
                0x0000000008001194                LPTIM2_IRQHandler
                0x0000000008001194                I2C3_ER_IRQHandler
                0x0000000008001194                GPDMA2_Channel2_IRQHandler
                0x0000000008001194                USART10_IRQHandler
                0x0000000008001194                LPTIM3_IRQHandler
                0x0000000008001194                EXTI0_IRQHandler
                0x0000000008001194                I2C2_EV_IRQHandler
                0x0000000008001194                FPU_IRQHandler
                0x0000000008001194                GPDMA1_Channel3_IRQHandler
                0x0000000008001194                GPDMA1_Channel7_IRQHandler
                0x0000000008001194                FDCAN1_IT1_IRQHandler
                0x0000000008001194                RAMCFG_IRQHandler
                0x0000000008001194                DCACHE1_IRQHandler
                0x0000000008001194                SPI1_IRQHandler
                0x0000000008001194                OCTOSPI1_IRQHandler
                0x0000000008001194                GPDMA1_Channel2_IRQHandler
                0x0000000008001194                TIM8_UP_IRQHandler
                0x0000000008001194                RCC_S_IRQHandler
                0x0000000008001194                SAI2_IRQHandler
                0x0000000008001194                ADC1_IRQHandler
                0x0000000008001194                USART6_IRQHandler
                0x0000000008001194                EXTI15_IRQHandler
                0x0000000008001194                TIM17_IRQHandler
                0x0000000008001194                USART3_IRQHandler
                0x0000000008001194                RTC_IRQHandler
                0x0000000008001194                EXTI9_IRQHandler
                0x0000000008001194                LPTIM5_IRQHandler
                0x0000000008001194                UART5_IRQHandler
                0x0000000008001194                TIM4_IRQHandler
                0x0000000008001194                I2C1_EV_IRQHandler
                0x0000000008001194                GPDMA1_Channel1_IRQHandler
                0x0000000008001194                TIM16_IRQHandler
                0x0000000008001194                UART4_IRQHandler
                0x0000000008001194                SecureFault_Handler
                0x0000000008001194                TIM3_IRQHandler
                0x0000000008001194                RCC_IRQHandler
                0x0000000008001194                UART9_IRQHandler
                0x0000000008001194                TIM1_TRG_COM_IRQHandler
                0x0000000008001194                Default_Handler
                0x0000000008001194                FMAC_IRQHandler
                0x0000000008001194                CEC_IRQHandler
                0x0000000008001194                USART11_IRQHandler
                0x0000000008001194                TIM14_IRQHandler
                0x0000000008001194                TIM13_IRQHandler
                0x0000000008001194                GPDMA2_Channel4_IRQHandler
                0x0000000008001194                SPI5_IRQHandler
                0x0000000008001194                TIM12_IRQHandler
                0x0000000008001194                TIM7_IRQHandler
                0x0000000008001194                SDMMC1_IRQHandler
                0x0000000008001194                TIM5_IRQHandler
                0x0000000008001194                UCPD1_IRQHandler
                0x0000000008001194                GPDMA1_Channel0_IRQHandler
                0x0000000008001194                I3C1_EV_IRQHandler
                0x0000000008001194                TIM15_IRQHandler
                0x0000000008001194                PVD_AVD_IRQHandler
                0x0000000008001194                I2C3_EV_IRQHandler
                0x0000000008001194                ETH_WKUP_IRQHandler
                0x0000000008001194                ADC2_IRQHandler
                0x0000000008001194                SPI2_IRQHandler
                0x0000000008001194                EXTI14_IRQHandler
                0x0000000008001194                EXTI11_IRQHandler
                0x0000000008001194                CRS_IRQHandler
                0x0000000008001194                EXTI4_IRQHandler
                0x0000000008001194                GPDMA2_Channel0_IRQHandler
                0x0000000008001194                RTC_S_IRQHandler
                0x0000000008001194                RNG_IRQHandler
                0x0000000008001194                FDCAN2_IT1_IRQHandler
                0x0000000008001194                ETH_IRQHandler
                0x0000000008001194                GPDMA2_Channel6_IRQHandler
                0x0000000008001194                TIM1_UP_IRQHandler
                0x0000000008001194                UART12_IRQHandler
                0x0000000008001194                WWDG_IRQHandler
                0x0000000008001194                SPI6_IRQHandler
                0x0000000008001194                I2C4_EV_IRQHandler
                0x0000000008001194                FDCAN2_IT0_IRQHandler
                0x0000000008001194                IWDG_IRQHandler
                0x0000000008001194                LPUART1_IRQHandler
                0x0000000008001194                FDCAN1_IT0_IRQHandler
                0x0000000008001194                TIM2_IRQHandler
                0x0000000008001194                GPDMA1_Channel4_IRQHandler
                0x0000000008001194                EXTI7_IRQHandler
                0x0000000008001194                TIM1_BRK_IRQHandler
                0x0000000008001194                EXTI1_IRQHandler
                0x0000000008001194                SDMMC2_IRQHandler
                0x0000000008001194                LPTIM6_IRQHandler
                0x0000000008001194                DAC1_IRQHandler
                0x0000000008001194                DTS_IRQHandler
                0x0000000008001194                UART7_IRQHandler
                0x0000000008001194                GTZC_IRQHandler
                0x0000000008001194                USART2_IRQHandler
                0x0000000008001194                GPDMA1_Channel6_IRQHandler
                0x0000000008001194                GPDMA2_Channel7_IRQHandler
                0x0000000008001194                I2C2_ER_IRQHandler
                0x0000000008001194                TIM8_BRK_IRQHandler
                0x0000000008001194                FLASH_IRQHandler
                0x0000000008001194                USART1_IRQHandler
                0x0000000008001194                EXTI10_IRQHandler
                0x0000000008001194                SPI3_IRQHandler
                0x0000000008001194                I2C1_ER_IRQHandler
                0x0000000008001194                FMC_IRQHandler
                0x0000000008001194                EXTI6_IRQHandler
                0x0000000008001194                LPTIM1_IRQHandler
                0x0000000008001194                DCMI_PSSI_IRQHandler
                0x0000000008001194                I2C4_ER_IRQHandler
                0x0000000008001194                ICACHE_IRQHandler
                0x0000000008001194                SAI1_IRQHandler
                0x0000000008001194                HASH_IRQHandler
 .text.DDR5_PingAddr
                0x0000000008001196       0x30 ./Bsp/src/DDR5_DIMM_Detect.o
 .text.DDR5_Read_Regs_0_127
                0x00000000080011c6       0x58 ./Bsp/src/DDR5_DIMM_Detect.o
 .text.DDR5_FindPMIC
                0x000000000800121e       0x80 ./Bsp/src/DDR5_DIMM_Detect.o
 .text.DDR5_DIMM_Table_Init
                0x000000000800129e       0xb0 ./Bsp/src/DDR5_DIMM_Detect.o
                0x000000000800129e                DDR5_DIMM_Table_Init
 *fill*         0x000000000800134e        0x2 
 .text.DDR5_DIMM_CheckAll
                0x0000000008001350      0x27c ./Bsp/src/DDR5_DIMM_Detect.o
                0x0000000008001350                DDR5_DIMM_CheckAll
 .text.LL_I3C_RequestTransfer
                0x00000000080015cc       0x20 ./Bsp/src/DDR5_I3C.o
 .text.LL_I3C_ClearFlag_FC
                0x00000000080015ec       0x1c ./Bsp/src/DDR5_I3C.o
 .text.LL_I3C_ClearFlag_ERR
                0x0000000008001608       0x1c ./Bsp/src/DDR5_I3C.o
 .text.I3C_LL_I2C_PrivateReadReg
                0x0000000008001624      0x138 ./Bsp/src/DDR5_I3C.o
                0x0000000008001624                I3C_LL_I2C_PrivateReadReg
 .text.I3C_LL_PrivateReadReg
                0x000000000800175c      0x220 ./Bsp/src/DDR5_I3C.o
                0x000000000800175c                I3C_LL_PrivateReadReg
 .text.I3C_SETAASA_Status
                0x000000000800197c       0x78 ./Bsp/src/DDR5_I3C.o
                0x000000000800197c                I3C_SETAASA_Status
 .text.I3C_RSTDAA_Status
                0x00000000080019f4       0x78 ./Bsp/src/DDR5_I3C.o
                0x00000000080019f4                I3C_RSTDAA_Status
 .text.I3C_SETHID_Status
                0x0000000008001a6c       0x7c ./Bsp/src/DDR5_I3C.o
                0x0000000008001a6c                I3C_SETHID_Status
 .text.DDR5_ACK_String
                0x0000000008001ae8       0x2c ./Bsp/src/DDR5_LCD_DIMM.o
 .text.DDR5_LCD_WriteLine20
                0x0000000008001b14       0x92 ./Bsp/src/DDR5_LCD_DIMM.o
 *fill*         0x0000000008001ba6        0x2 
 .text.DDR5_LCD_DIMM_Init
                0x0000000008001ba8       0xac ./Bsp/src/DDR5_LCD_DIMM.o
                0x0000000008001ba8                DDR5_LCD_DIMM_Init
 .text.DDR5_LCD_DIMM_ShowPage
                0x0000000008001c54      0x14c ./Bsp/src/DDR5_LCD_DIMM.o
                0x0000000008001c54                DDR5_LCD_DIMM_ShowPage
 .text.DDR5_LCD_DIMM_NextPage
                0x0000000008001da0       0x4c ./Bsp/src/DDR5_LCD_DIMM.o
                0x0000000008001da0                DDR5_LCD_DIMM_NextPage
 .text.DDR5_LCD_DIMM_PreviousPage
                0x0000000008001dec       0x4c ./Bsp/src/DDR5_LCD_DIMM.o
                0x0000000008001dec                DDR5_LCD_DIMM_PreviousPage
 .text.SPD_ReadReg
                0x0000000008001e38       0x30 ./Bsp/src/DDR5_SPD.o
                0x0000000008001e38                SPD_ReadReg
 .text.DDR5_Time_IncTick
                0x0000000008001e68       0x1c ./Bsp/src/DDR5_Time.o
                0x0000000008001e68                DDR5_Time_IncTick
 .text.DDR5_GetTick
                0x0000000008001e84       0x18 ./Bsp/src/DDR5_Time.o
                0x0000000008001e84                DDR5_GetTick
 .text.DDR5_Delay_ms
                0x0000000008001e9c       0x2a ./Bsp/src/DDR5_Time.o
                0x0000000008001e9c                DDR5_Delay_ms
 .text.DDR5_ButtonPressed
                0x0000000008001ec6       0x2a ./Bsp/src/DDR5_UI_Menu.o
 .text.DDR5_UPButtonPressed
                0x0000000008001ef0       0x18 ./Bsp/src/DDR5_UI_Menu.o
 .text.DDR5_DOWNButtonPressed
                0x0000000008001f08       0x18 ./Bsp/src/DDR5_UI_Menu.o
 .text.DDR5_LEFTButtonPressed
                0x0000000008001f20       0x18 ./Bsp/src/DDR5_UI_Menu.o
 .text.DDR5_RIGHTButtonPressed
                0x0000000008001f38       0x18 ./Bsp/src/DDR5_UI_Menu.o
 .text.DDR5_OKButtonPressed
                0x0000000008001f50       0x18 ./Bsp/src/DDR5_UI_Menu.o
 .text.DDR5_CANCELButtonPressed
                0x0000000008001f68       0x18 ./Bsp/src/DDR5_UI_Menu.o
 .text.UI_WriteLine20
                0x0000000008001f80       0x7c ./Bsp/src/DDR5_UI_Menu.o
 .text.UI_GetButtonEvent
                0x0000000008001ffc      0x106 ./Bsp/src/DDR5_UI_Menu.o
 *fill*         0x0000000008002102        0x2 
 .text.UI_ShowMain
                0x0000000008002104       0x88 ./Bsp/src/DDR5_UI_Menu.o
 .text.UI_ShowMainPage2
                0x000000000800218c       0x78 ./Bsp/src/DDR5_UI_Menu.o
 .text.UI_ShowMainAuto
                0x0000000008002204       0x20 ./Bsp/src/DDR5_UI_Menu.o
 .text.UI_ShowCCC
                0x0000000008002224       0x88 ./Bsp/src/DDR5_UI_Menu.o
 .text.UI_ShowRead
                0x00000000080022ac       0x90 ./Bsp/src/DDR5_UI_Menu.o
 .text.UI_ShowReadAddr
                0x000000000800233c       0x7c ./Bsp/src/DDR5_UI_Menu.o
 .text.UI_ShowReadReg
                0x00000000080023b8       0x7c ./Bsp/src/DDR5_UI_Menu.o
 .text.UI_ShowReadResult
                0x0000000008002434       0xb8 ./Bsp/src/DDR5_UI_Menu.o
 .text.UI_ShowWrite
                0x00000000080024ec       0x90 ./Bsp/src/DDR5_UI_Menu.o
 .text.UI_ShowMessage
                0x000000000800257c       0x50 ./Bsp/src/DDR5_UI_Menu.o
 .text.UI_ExecuteRead
                0x00000000080025cc       0xa8 ./Bsp/src/DDR5_UI_Menu.o
 .text.UI_ExecuteCCC
                0x0000000008002674      0x114 ./Bsp/src/DDR5_UI_Menu.o
 .text.DDR5_UI_Menu_Init
                0x0000000008002788       0x70 ./Bsp/src/DDR5_UI_Menu.o
                0x0000000008002788                DDR5_UI_Menu_Init
 .text.DDR5_UI_Menu_FSM_Update
                0x00000000080027f8      0x440 ./Bsp/src/DDR5_UI_Menu.o
                0x00000000080027f8                DDR5_UI_Menu_FSM_Update
 .text.LL_USART_IsActiveFlag_TXE_TXFNF
                0x0000000008002c38       0x26 ./Bsp/src/DDR5_board.o
 .text.LL_USART_TransmitData8
                0x0000000008002c5e       0x1e ./Bsp/src/DDR5_board.o
 .text.DDR5_UART_WaitFlagSet
                0x0000000008002c7c       0x36 ./Bsp/src/DDR5_board.o
 *fill*         0x0000000008002cb2        0x2 
 .text.DDR5_UART_WriteByte
                0x0000000008002cb4       0x48 ./Bsp/src/DDR5_board.o
                0x0000000008002cb4                DDR5_UART_WriteByte
 .text.DDR5_UART_WriteString
                0x0000000008002cfc       0x50 ./Bsp/src/DDR5_board.o
                0x0000000008002cfc                DDR5_UART_WriteString
 .text.nhd0420_i2c_write_raw
                0x0000000008002d4c       0x5a ./Bsp/src/nhd0420_i2c.o
                0x0000000008002d4c                nhd0420_i2c_write_raw
 .text.nhd0420_send_cmd0
                0x0000000008002da6       0x30 ./Bsp/src/nhd0420_i2c.o
 .text.nhd0420_send_cmd1
                0x0000000008002dd6       0x38 ./Bsp/src/nhd0420_i2c.o
 *fill*         0x0000000008002e0e        0x2 
 .text.nhd0420_rowcol_to_pos
                0x0000000008002e10       0x2c ./Bsp/src/nhd0420_i2c.o
 .text.nhd0420_init
                0x0000000008002e3c       0x52 ./Bsp/src/nhd0420_i2c.o
                0x0000000008002e3c                nhd0420_init
 .text.nhd0420_display_on
                0x0000000008002e8e       0x1a ./Bsp/src/nhd0420_i2c.o
                0x0000000008002e8e                nhd0420_display_on
 .text.nhd0420_clear
                0x0000000008002ea8       0x32 ./Bsp/src/nhd0420_i2c.o
                0x0000000008002ea8                nhd0420_clear
 .text.nhd0420_set_cursor_pos
                0x0000000008002eda       0x22 ./Bsp/src/nhd0420_i2c.o
                0x0000000008002eda                nhd0420_set_cursor_pos
 .text.nhd0420_set_cursor_rc
                0x0000000008002efc       0x5a ./Bsp/src/nhd0420_i2c.o
                0x0000000008002efc                nhd0420_set_cursor_rc
 .text.nhd0420_write_char
                0x0000000008002f56       0x60 ./Bsp/src/nhd0420_i2c.o
                0x0000000008002f56                nhd0420_write_char
 .text.nhd0420_write_line
                0x0000000008002fb6       0x78 ./Bsp/src/nhd0420_i2c.o
                0x0000000008002fb6                nhd0420_write_line
 .text.nhd0420_write_line_20
                0x000000000800302e       0x36 ./Bsp/src/nhd0420_i2c.o
                0x000000000800302e                nhd0420_write_line_20
 .text.SystemInit
                0x0000000008003064       0xf8 ./Drivers/CMSIS/system_stm32h5xx.o
                0x0000000008003064                SystemInit
 .text.HAL_Init
                0x000000000800315c       0x4c ./Drivers/STM32H5xx_HAL_Driver/stm32h5xx_hal.o
                0x000000000800315c                HAL_Init
 .text.HAL_InitTick
                0x00000000080031a8       0x6c ./Drivers/STM32H5xx_HAL_Driver/stm32h5xx_hal.o
                0x00000000080031a8                HAL_InitTick
 .text.HAL_IncTick
                0x0000000008003214       0x28 ./Drivers/STM32H5xx_HAL_Driver/stm32h5xx_hal.o
                0x0000000008003214                HAL_IncTick
 .text.HAL_GetTick
                0x000000000800323c       0x18 ./Drivers/STM32H5xx_HAL_Driver/stm32h5xx_hal.o
                0x000000000800323c                HAL_GetTick
 .text.HAL_Delay
                0x0000000008003254       0x48 ./Drivers/STM32H5xx_HAL_Driver/stm32h5xx_hal.o
                0x0000000008003254                HAL_Delay
 .text.__NVIC_SetPriorityGrouping
                0x000000000800329c       0x48 ./Drivers/STM32H5xx_HAL_Driver/stm32h5xx_hal_cortex.o
 .text.__NVIC_GetPriorityGrouping
                0x00000000080032e4       0x1c ./Drivers/STM32H5xx_HAL_Driver/stm32h5xx_hal_cortex.o
 .text.__NVIC_SetPriority
                0x0000000008003300       0x54 ./Drivers/STM32H5xx_HAL_Driver/stm32h5xx_hal_cortex.o
 .text.NVIC_EncodePriority
                0x0000000008003354       0x66 ./Drivers/STM32H5xx_HAL_Driver/stm32h5xx_hal_cortex.o
 *fill*         0x00000000080033ba        0x2 
 .text.SysTick_Config
                0x00000000080033bc       0x44 ./Drivers/STM32H5xx_HAL_Driver/stm32h5xx_hal_cortex.o
 .text.HAL_NVIC_SetPriorityGrouping
                0x0000000008003400       0x16 ./Drivers/STM32H5xx_HAL_Driver/stm32h5xx_hal_cortex.o
                0x0000000008003400                HAL_NVIC_SetPriorityGrouping
 .text.HAL_NVIC_SetPriority
                0x0000000008003416       0x34 ./Drivers/STM32H5xx_HAL_Driver/stm32h5xx_hal_cortex.o
                0x0000000008003416                HAL_NVIC_SetPriority
 .text.HAL_SYSTICK_Config
                0x000000000800344a       0x18 ./Drivers/STM32H5xx_HAL_Driver/stm32h5xx_hal_cortex.o
                0x000000000800344a                HAL_SYSTICK_Config
 *fill*         0x0000000008003462        0x2 
 .text.HAL_GPIO_Init
                0x0000000008003464      0x2a4 ./Drivers/STM32H5xx_HAL_Driver/stm32h5xx_hal_gpio.o
                0x0000000008003464                HAL_GPIO_Init
 .text.HAL_GPIO_ReadPin
                0x0000000008003708       0x30 ./Drivers/STM32H5xx_HAL_Driver/stm32h5xx_hal_gpio.o
                0x0000000008003708                HAL_GPIO_ReadPin
 .text.HAL_GPIO_WritePin
                0x0000000008003738       0x30 ./Drivers/STM32H5xx_HAL_Driver/stm32h5xx_hal_gpio.o
                0x0000000008003738                HAL_GPIO_WritePin
 .text.HAL_I2C_Init
                0x0000000008003768      0x136 ./Drivers/STM32H5xx_HAL_Driver/stm32h5xx_hal_i2c.o
                0x0000000008003768                HAL_I2C_Init
 *fill*         0x000000000800389e        0x2 
 .text.HAL_I2C_Master_Transmit
                0x00000000080038a0      0x1e8 ./Drivers/STM32H5xx_HAL_Driver/stm32h5xx_hal_i2c.o
                0x00000000080038a0                HAL_I2C_Master_Transmit
 .text.I2C_Flush_TXDR
                0x0000000008003a88       0x48 ./Drivers/STM32H5xx_HAL_Driver/stm32h5xx_hal_i2c.o
 .text.I2C_WaitOnFlagUntilTimeout
                0x0000000008003ad0       0x9e ./Drivers/STM32H5xx_HAL_Driver/stm32h5xx_hal_i2c.o
 .text.I2C_WaitOnTXISFlagUntilTimeout
                0x0000000008003b6e       0x8e ./Drivers/STM32H5xx_HAL_Driver/stm32h5xx_hal_i2c.o
 .text.I2C_WaitOnSTOPFlagUntilTimeout
                0x0000000008003bfc       0x86 ./Drivers/STM32H5xx_HAL_Driver/stm32h5xx_hal_i2c.o
 *fill*         0x0000000008003c82        0x2 
 .text.I2C_IsErrorOccurred
                0x0000000008003c84      0x1c0 ./Drivers/STM32H5xx_HAL_Driver/stm32h5xx_hal_i2c.o
 .text.I2C_TransferConfig
                0x0000000008003e44       0x64 ./Drivers/STM32H5xx_HAL_Driver/stm32h5xx_hal_i2c.o
 .text.HAL_I2CEx_ConfigAnalogFilter
                0x0000000008003ea8       0x96 ./Drivers/STM32H5xx_HAL_Driver/stm32h5xx_hal_i2c_ex.o
                0x0000000008003ea8                HAL_I2CEx_ConfigAnalogFilter
 .text.HAL_I2CEx_ConfigDigitalFilter
                0x0000000008003f3e       0x98 ./Drivers/STM32H5xx_HAL_Driver/stm32h5xx_hal_i2c_ex.o
                0x0000000008003f3e                HAL_I2CEx_ConfigDigitalFilter
 .text.LL_I3C_Enable
                0x0000000008003fd6       0x20 ./Drivers/STM32H5xx_HAL_Driver/stm32h5xx_hal_i3c.o
 .text.LL_I3C_Disable
                0x0000000008003ff6       0x20 ./Drivers/STM32H5xx_HAL_Driver/stm32h5xx_hal_i3c.o
 .text.LL_I3C_SetMode
                0x0000000008004016       0x26 ./Drivers/STM32H5xx_HAL_Driver/stm32h5xx_hal_i3c.o
 .text.LL_I3C_EnableArbitrationHeader
                0x000000000800403c       0x20 ./Drivers/STM32H5xx_HAL_Driver/stm32h5xx_hal_i3c.o
 .text.LL_I3C_DisableArbitrationHeader
                0x000000000800405c       0x20 ./Drivers/STM32H5xx_HAL_Driver/stm32h5xx_hal_i3c.o
 .text.LL_I3C_GetTxFIFOThreshold
                0x000000000800407c       0x1c ./Drivers/STM32H5xx_HAL_Driver/stm32h5xx_hal_i3c.o
 .text.LL_I3C_IsEnabledControlFIFO
                0x0000000008004098       0x28 ./Drivers/STM32H5xx_HAL_Driver/stm32h5xx_hal_i3c.o
 .text.LL_I3C_EnableOwnDynAddress
                0x00000000080040c0       0x20 ./Drivers/STM32H5xx_HAL_Driver/stm32h5xx_hal_i3c.o
 .text.LL_I3C_SetOwnDynamicAddress
                0x00000000080040e0       0x28 ./Drivers/STM32H5xx_HAL_Driver/stm32h5xx_hal_i3c.o
 .text.LL_I3C_ConfigClockWaveForm
                0x0000000008004108       0x1e ./Drivers/STM32H5xx_HAL_Driver/stm32h5xx_hal_i3c.o
 .text.LL_I3C_SetAvalTiming
                0x0000000008004126       0x2a ./Drivers/STM32H5xx_HAL_Driver/stm32h5xx_hal_i3c.o
 .text.LL_I3C_SetCtrlBusCharacteristic
                0x0000000008004150       0x1e ./Drivers/STM32H5xx_HAL_Driver/stm32h5xx_hal_i3c.o
 .text.LL_I3C_RequestTransfer
                0x000000000800416e       0x20 ./Drivers/STM32H5xx_HAL_Driver/stm32h5xx_hal_i3c.o
 .text.LL_I3C_TransmitData8
                0x000000000800418e       0x1e ./Drivers/STM32H5xx_HAL_Driver/stm32h5xx_hal_i3c.o
 .text.LL_I3C_TransmitData32
                0x00000000080041ac       0x1c ./Drivers/STM32H5xx_HAL_Driver/stm32h5xx_hal_i3c.o
 .text.LL_I3C_GetMessageErrorCode
                0x00000000080041c8       0x1c ./Drivers/STM32H5xx_HAL_Driver/stm32h5xx_hal_i3c.o
 .text.LL_I3C_IsActiveFlag_PERR
                0x00000000080041e4       0x26 ./Drivers/STM32H5xx_HAL_Driver/stm32h5xx_hal_i3c.o
 .text.LL_I3C_IsActiveFlag_STALL
                0x000000000800420a       0x26 ./Drivers/STM32H5xx_HAL_Driver/stm32h5xx_hal_i3c.o
 .text.LL_I3C_IsActiveFlag_DOVR
                0x0000000008004230       0x26 ./Drivers/STM32H5xx_HAL_Driver/stm32h5xx_hal_i3c.o
 .text.LL_I3C_IsActiveFlag_COVR
                0x0000000008004256       0x26 ./Drivers/STM32H5xx_HAL_Driver/stm32h5xx_hal_i3c.o
 .text.LL_I3C_IsActiveFlag_ANACK
                0x000000000800427c       0x28 ./Drivers/STM32H5xx_HAL_Driver/stm32h5xx_hal_i3c.o
 .text.LL_I3C_IsActiveFlag_DNACK
                0x00000000080042a4       0x28 ./Drivers/STM32H5xx_HAL_Driver/stm32h5xx_hal_i3c.o
 .text.LL_I3C_IsActiveFlag_DERR
                0x00000000080042cc       0x28 ./Drivers/STM32H5xx_HAL_Driver/stm32h5xx_hal_i3c.o
 .text.LL_I3C_ClearFlag_FC
                0x00000000080042f4       0x1c ./Drivers/STM32H5xx_HAL_Driver/stm32h5xx_hal_i3c.o
 .text.LL_I3C_ClearFlag_ERR
                0x0000000008004310       0x1c ./Drivers/STM32H5xx_HAL_Driver/stm32h5xx_hal_i3c.o
 .text.LL_I3C_ClearFlag_IBI
                0x000000000800432c       0x1c ./Drivers/STM32H5xx_HAL_Driver/stm32h5xx_hal_i3c.o
 .text.LL_I3C_ClearFlag_CR
                0x0000000008004348       0x1c ./Drivers/STM32H5xx_HAL_Driver/stm32h5xx_hal_i3c.o
 .text.LL_I3C_ClearFlag_CRUPD
                0x0000000008004364       0x1c ./Drivers/STM32H5xx_HAL_Driver/stm32h5xx_hal_i3c.o
 .text.LL_I3C_ClearFlag_HJ
                0x0000000008004380       0x1c ./Drivers/STM32H5xx_HAL_Driver/stm32h5xx_hal_i3c.o
 .text.LL_I3C_ClearFlag_WKP
                0x000000000800439c       0x1c ./Drivers/STM32H5xx_HAL_Driver/stm32h5xx_hal_i3c.o
 .text.LL_I3C_ClearFlag_GET
                0x00000000080043b8       0x1c ./Drivers/STM32H5xx_HAL_Driver/stm32h5xx_hal_i3c.o
 .text.LL_I3C_ClearFlag_STA
                0x00000000080043d4       0x1c ./Drivers/STM32H5xx_HAL_Driver/stm32h5xx_hal_i3c.o
 .text.LL_I3C_ClearFlag_DAUPD
                0x00000000080043f0       0x1c ./Drivers/STM32H5xx_HAL_Driver/stm32h5xx_hal_i3c.o
 .text.LL_I3C_ClearFlag_MWLUPD
                0x000000000800440c       0x1c ./Drivers/STM32H5xx_HAL_Driver/stm32h5xx_hal_i3c.o
 .text.LL_I3C_ClearFlag_MRLUPD
                0x0000000008004428       0x1c ./Drivers/STM32H5xx_HAL_Driver/stm32h5xx_hal_i3c.o
 .text.LL_I3C_ClearFlag_RST
                0x0000000008004444       0x1c ./Drivers/STM32H5xx_HAL_Driver/stm32h5xx_hal_i3c.o
 .text.LL_I3C_ClearFlag_ASUPD
                0x0000000008004460       0x1c ./Drivers/STM32H5xx_HAL_Driver/stm32h5xx_hal_i3c.o
 .text.LL_I3C_ClearFlag_INTUPD
                0x000000000800447c       0x1c ./Drivers/STM32H5xx_HAL_Driver/stm32h5xx_hal_i3c.o
 .text.LL_I3C_ClearFlag_DEF
                0x0000000008004498       0x1c ./Drivers/STM32H5xx_HAL_Driver/stm32h5xx_hal_i3c.o
 .text.LL_I3C_ClearFlag_GRP
                0x00000000080044b4       0x1c ./Drivers/STM32H5xx_HAL_Driver/stm32h5xx_hal_i3c.o
 .text.HAL_I3C_Init
                0x00000000080044d0       0xea ./Drivers/STM32H5xx_HAL_Driver/stm32h5xx_hal_i3c.o
                0x00000000080044d0                HAL_I3C_Init
 .text.HAL_I3C_NotifyCallback
                0x00000000080045ba       0x16 ./Drivers/STM32H5xx_HAL_Driver/stm32h5xx_hal_i3c.o
                0x00000000080045ba                HAL_I3C_NotifyCallback
 .text.HAL_I3C_SetConfigFifo
                0x00000000080045d0       0xa0 ./Drivers/STM32H5xx_HAL_Driver/stm32h5xx_hal_i3c.o
                0x00000000080045d0                HAL_I3C_SetConfigFifo
 .text.HAL_I3C_Ctrl_Config
                0x0000000008004670       0xdc ./Drivers/STM32H5xx_HAL_Driver/stm32h5xx_hal_i3c.o
                0x0000000008004670                HAL_I3C_Ctrl_Config
 .text.HAL_I3C_AddDescToFrame
                0x000000000800474c      0x120 ./Drivers/STM32H5xx_HAL_Driver/stm32h5xx_hal_i3c.o
                0x000000000800474c                HAL_I3C_AddDescToFrame
 .text.HAL_I3C_Ctrl_TransmitCCC
                0x000000000800486c      0x1d4 ./Drivers/STM32H5xx_HAL_Driver/stm32h5xx_hal_i3c.o
                0x000000000800486c                HAL_I3C_Ctrl_TransmitCCC
 .text.I3C_Tgt_Event_ISR
                0x0000000008004a40      0x20a ./Drivers/STM32H5xx_HAL_Driver/stm32h5xx_hal_i3c.o
 .text.I3C_Ctrl_Event_ISR
                0x0000000008004c4a       0x94 ./Drivers/STM32H5xx_HAL_Driver/stm32h5xx_hal_i3c.o
 .text.I3C_TransmitByteTreatment
                0x0000000008004cde       0x50 ./Drivers/STM32H5xx_HAL_Driver/stm32h5xx_hal_i3c.o
 .text.I3C_TransmitWordTreatment
                0x0000000008004d2e       0x5e ./Drivers/STM32H5xx_HAL_Driver/stm32h5xx_hal_i3c.o
 .text.I3C_ControlDataTreatment
                0x0000000008004d8c       0x44 ./Drivers/STM32H5xx_HAL_Driver/stm32h5xx_hal_i3c.o
 .text.I3C_StateUpdate
                0x0000000008004dd0       0x58 ./Drivers/STM32H5xx_HAL_Driver/stm32h5xx_hal_i3c.o
 .text.I3C_GetErrorSources
                0x0000000008004e28       0xfa ./Drivers/STM32H5xx_HAL_Driver/stm32h5xx_hal_i3c.o
 .text.I3C_Xfer_PriorPreparation
                0x0000000008004f22      0x2ea ./Drivers/STM32H5xx_HAL_Driver/stm32h5xx_hal_i3c.o
 .text.I3C_FillTxBuffer_CCC
                0x000000000800520c       0x58 ./Drivers/STM32H5xx_HAL_Driver/stm32h5xx_hal_i3c.o
 .text.I3C_FillTxBuffer_Private
                0x0000000008005264       0x5e ./Drivers/STM32H5xx_HAL_Driver/stm32h5xx_hal_i3c.o
 .text.I3C_ControlBuffer_PriorPreparation
                0x00000000080052c2      0x394 ./Drivers/STM32H5xx_HAL_Driver/stm32h5xx_hal_i3c.o
 *fill*         0x0000000008005656        0x2 
 .text.HAL_ICACHE_Enable
                0x0000000008005658       0x20 ./Drivers/STM32H5xx_HAL_Driver/stm32h5xx_hal_icache.o
                0x0000000008005658                HAL_ICACHE_Enable
 .text.HAL_RCC_OscConfig
                0x0000000008005678      0x870 ./Drivers/STM32H5xx_HAL_Driver/stm32h5xx_hal_rcc.o
                0x0000000008005678                HAL_RCC_OscConfig
 .text.HAL_RCC_ClockConfig
                0x0000000008005ee8      0x370 ./Drivers/STM32H5xx_HAL_Driver/stm32h5xx_hal_rcc.o
                0x0000000008005ee8                HAL_RCC_ClockConfig
 .text.HAL_RCC_GetSysClockFreq
                0x0000000008006258      0x258 ./Drivers/STM32H5xx_HAL_Driver/stm32h5xx_hal_rcc.o
                0x0000000008006258                HAL_RCC_GetSysClockFreq
 .text.HAL_RCC_GetHCLKFreq
                0x00000000080064b0       0x38 ./Drivers/STM32H5xx_HAL_Driver/stm32h5xx_hal_rcc.o
                0x00000000080064b0                HAL_RCC_GetHCLKFreq
 .text.HAL_RCC_GetPCLK1Freq
                0x00000000080064e8       0x2c ./Drivers/STM32H5xx_HAL_Driver/stm32h5xx_hal_rcc.o
                0x00000000080064e8                HAL_RCC_GetPCLK1Freq
 .text.HAL_RCC_GetPCLK2Freq
                0x0000000008006514       0x2c ./Drivers/STM32H5xx_HAL_Driver/stm32h5xx_hal_rcc.o
                0x0000000008006514                HAL_RCC_GetPCLK2Freq
 .text.HAL_RCC_GetPCLK3Freq
                0x0000000008006540       0x2c ./Drivers/STM32H5xx_HAL_Driver/stm32h5xx_hal_rcc.o
                0x0000000008006540                HAL_RCC_GetPCLK3Freq
 .text.HAL_RCCEx_PeriphCLKConfig
                0x000000000800656c     0x1f14 ./Drivers/STM32H5xx_HAL_Driver/stm32h5xx_hal_rcc_ex.o
                0x000000000800656c                HAL_RCCEx_PeriphCLKConfig
 .text.HAL_RCCEx_GetPLL1ClockFreq
                0x0000000008008480      0x2d4 ./Drivers/STM32H5xx_HAL_Driver/stm32h5xx_hal_rcc_ex.o
                0x0000000008008480                HAL_RCCEx_GetPLL1ClockFreq
 .text.HAL_RCCEx_GetPLL2ClockFreq
                0x0000000008008754      0x2d4 ./Drivers/STM32H5xx_HAL_Driver/stm32h5xx_hal_rcc_ex.o
                0x0000000008008754                HAL_RCCEx_GetPLL2ClockFreq
 .text.HAL_RCCEx_GetPLL3ClockFreq
                0x0000000008008a28      0x2d4 ./Drivers/STM32H5xx_HAL_Driver/stm32h5xx_hal_rcc_ex.o
                0x0000000008008a28                HAL_RCCEx_GetPLL3ClockFreq
 .text.HAL_RCCEx_GetPeriphCLKFreq
                0x0000000008008cfc     0x26b4 ./Drivers/STM32H5xx_HAL_Driver/stm32h5xx_hal_rcc_ex.o
                0x0000000008008cfc                HAL_RCCEx_GetPeriphCLKFreq
 .text.RCCEx_PLL2_Config
                0x000000000800b3b0      0x130 ./Drivers/STM32H5xx_HAL_Driver/stm32h5xx_hal_rcc_ex.o
 .text.RCCEx_PLL3_Config
                0x000000000800b4e0      0x130 ./Drivers/STM32H5xx_HAL_Driver/stm32h5xx_hal_rcc_ex.o
 .text.HAL_UART_Init
                0x000000000800b610       0xa0 ./Drivers/STM32H5xx_HAL_Driver/stm32h5xx_hal_uart.o
                0x000000000800b610                HAL_UART_Init
 .text.UART_SetConfig
                0x000000000800b6b0      0x3dc ./Drivers/STM32H5xx_HAL_Driver/stm32h5xx_hal_uart.o
                0x000000000800b6b0                UART_SetConfig
 .text.UART_AdvFeatureConfig
                0x000000000800ba8c      0x144 ./Drivers/STM32H5xx_HAL_Driver/stm32h5xx_hal_uart.o
                0x000000000800ba8c                UART_AdvFeatureConfig
 .text.UART_CheckIdleState
                0x000000000800bbd0      0x154 ./Drivers/STM32H5xx_HAL_Driver/stm32h5xx_hal_uart.o
                0x000000000800bbd0                UART_CheckIdleState
 .text.UART_WaitOnFlagUntilTimeout
                0x000000000800bd24       0xce ./Drivers/STM32H5xx_HAL_Driver/stm32h5xx_hal_uart.o
                0x000000000800bd24                UART_WaitOnFlagUntilTimeout
 .text.UART_EndRxTransfer
                0x000000000800bdf2       0xcc ./Drivers/STM32H5xx_HAL_Driver/stm32h5xx_hal_uart.o
 .text.HAL_UARTEx_DisableFifoMode
                0x000000000800bebe       0x72 ./Drivers/STM32H5xx_HAL_Driver/stm32h5xx_hal_uart_ex.o
                0x000000000800bebe                HAL_UARTEx_DisableFifoMode
 .text.HAL_UARTEx_SetTxFifoThreshold
                0x000000000800bf30       0x7c ./Drivers/STM32H5xx_HAL_Driver/stm32h5xx_hal_uart_ex.o
                0x000000000800bf30                HAL_UARTEx_SetTxFifoThreshold
 .text.HAL_UARTEx_SetRxFifoThreshold
                0x000000000800bfac       0x7c ./Drivers/STM32H5xx_HAL_Driver/stm32h5xx_hal_uart_ex.o
                0x000000000800bfac                HAL_UARTEx_SetRxFifoThreshold
 .text.UARTEx_SetNbDataToProcess
                0x000000000800c028       0x9c ./Drivers/STM32H5xx_HAL_Driver/stm32h5xx_hal_uart_ex.o
 .text.snprintf
                0x000000000800c0c4       0x68 C:/ST/STM32CubeIDE_1.13.0/STM32CubeIDE/plugins/com.st.stm32cube.ide.mcu.externaltools.gnu-tools-for-stm32.11.3.rel1.win32_1.1.100.202309141235/tools/bin/../lib/gcc/arm-none-eabi/11.3.1/../../../../arm-none-eabi/lib/thumb/v8-m.main+fp/hard\libc_nano.a(libc_a-snprintf.o)
                0x000000000800c0c4                sniprintf
                0x000000000800c0c4                snprintf
 .text.memset   0x000000000800c12c       0x10 C:/ST/STM32CubeIDE_1.13.0/STM32CubeIDE/plugins/com.st.stm32cube.ide.mcu.externaltools.gnu-tools-for-stm32.11.3.rel1.win32_1.1.100.202309141235/tools/bin/../lib/gcc/arm-none-eabi/11.3.1/../../../../arm-none-eabi/lib/thumb/v8-m.main+fp/hard\libc_nano.a(libc_a-memset.o)
                0x000000000800c12c                memset
 .text.__errno  0x000000000800c13c        0xc C:/ST/STM32CubeIDE_1.13.0/STM32CubeIDE/plugins/com.st.stm32cube.ide.mcu.externaltools.gnu-tools-for-stm32.11.3.rel1.win32_1.1.100.202309141235/tools/bin/../lib/gcc/arm-none-eabi/11.3.1/../../../../arm-none-eabi/lib/thumb/v8-m.main+fp/hard\libc_nano.a(libc_a-errno.o)
                0x000000000800c13c                __errno
 .text.__libc_init_array
                0x000000000800c148       0x48 C:/ST/STM32CubeIDE_1.13.0/STM32CubeIDE/plugins/com.st.stm32cube.ide.mcu.externaltools.gnu-tools-for-stm32.11.3.rel1.win32_1.1.100.202309141235/tools/bin/../lib/gcc/arm-none-eabi/11.3.1/../../../../arm-none-eabi/lib/thumb/v8-m.main+fp/hard\libc_nano.a(libc_a-init.o)
                0x000000000800c148                __libc_init_array
 .text.__retarget_lock_acquire_recursive
                0x000000000800c190        0x2 C:/ST/STM32CubeIDE_1.13.0/STM32CubeIDE/plugins/com.st.stm32cube.ide.mcu.externaltools.gnu-tools-for-stm32.11.3.rel1.win32_1.1.100.202309141235/tools/bin/../lib/gcc/arm-none-eabi/11.3.1/../../../../arm-none-eabi/lib/thumb/v8-m.main+fp/hard\libc_nano.a(libc_a-lock.o)
                0x000000000800c190                __retarget_lock_acquire_recursive
 .text.__retarget_lock_release_recursive
                0x000000000800c192        0x2 C:/ST/STM32CubeIDE_1.13.0/STM32CubeIDE/plugins/com.st.stm32cube.ide.mcu.externaltools.gnu-tools-for-stm32.11.3.rel1.win32_1.1.100.202309141235/tools/bin/../lib/gcc/arm-none-eabi/11.3.1/../../../../arm-none-eabi/lib/thumb/v8-m.main+fp/hard\libc_nano.a(libc_a-lock.o)
                0x000000000800c192                __retarget_lock_release_recursive
 .text._free_r  0x000000000800c194       0x98 C:/ST/STM32CubeIDE_1.13.0/STM32CubeIDE/plugins/com.st.stm32cube.ide.mcu.externaltools.gnu-tools-for-stm32.11.3.rel1.win32_1.1.100.202309141235/tools/bin/../lib/gcc/arm-none-eabi/11.3.1/../../../../arm-none-eabi/lib/thumb/v8-m.main+fp/hard\libc_nano.a(libc_a-freer.o)
                0x000000000800c194                _free_r
 .text.sbrk_aligned
                0x000000000800c22c       0x40 C:/ST/STM32CubeIDE_1.13.0/STM32CubeIDE/plugins/com.st.stm32cube.ide.mcu.externaltools.gnu-tools-for-stm32.11.3.rel1.win32_1.1.100.202309141235/tools/bin/../lib/gcc/arm-none-eabi/11.3.1/../../../../arm-none-eabi/lib/thumb/v8-m.main+fp/hard\libc_nano.a(libc_a-mallocr.o)
 .text._malloc_r
                0x000000000800c26c      0x100 C:/ST/STM32CubeIDE_1.13.0/STM32CubeIDE/plugins/com.st.stm32cube.ide.mcu.externaltools.gnu-tools-for-stm32.11.3.rel1.win32_1.1.100.202309141235/tools/bin/../lib/gcc/arm-none-eabi/11.3.1/../../../../arm-none-eabi/lib/thumb/v8-m.main+fp/hard\libc_nano.a(libc_a-mallocr.o)
                0x000000000800c26c                _malloc_r
 .text.__malloc_lock
                0x000000000800c36c        0xc C:/ST/STM32CubeIDE_1.13.0/STM32CubeIDE/plugins/com.st.stm32cube.ide.mcu.externaltools.gnu-tools-for-stm32.11.3.rel1.win32_1.1.100.202309141235/tools/bin/../lib/gcc/arm-none-eabi/11.3.1/../../../../arm-none-eabi/lib/thumb/v8-m.main+fp/hard\libc_nano.a(libc_a-mlock.o)
                0x000000000800c36c                __malloc_lock
 .text.__malloc_unlock
                0x000000000800c378        0xc C:/ST/STM32CubeIDE_1.13.0/STM32CubeIDE/plugins/com.st.stm32cube.ide.mcu.externaltools.gnu-tools-for-stm32.11.3.rel1.win32_1.1.100.202309141235/tools/bin/../lib/gcc/arm-none-eabi/11.3.1/../../../../arm-none-eabi/lib/thumb/v8-m.main+fp/hard\libc_nano.a(libc_a-mlock.o)
                0x000000000800c378                __malloc_unlock
 .text.__ssputs_r
                0x000000000800c384       0xb4 C:/ST/STM32CubeIDE_1.13.0/STM32CubeIDE/plugins/com.st.stm32cube.ide.mcu.externaltools.gnu-tools-for-stm32.11.3.rel1.win32_1.1.100.202309141235/tools/bin/../lib/gcc/arm-none-eabi/11.3.1/../../../../arm-none-eabi/lib/thumb/v8-m.main+fp/hard\libc_nano.a(libc_a-nano-svfprintf.o)
                0x000000000800c384                __ssputs_r
 .text._svfprintf_r
                0x000000000800c438      0x1fc C:/ST/STM32CubeIDE_1.13.0/STM32CubeIDE/plugins/com.st.stm32cube.ide.mcu.externaltools.gnu-tools-for-stm32.11.3.rel1.win32_1.1.100.202309141235/tools/bin/../lib/gcc/arm-none-eabi/11.3.1/../../../../arm-none-eabi/lib/thumb/v8-m.main+fp/hard\libc_nano.a(libc_a-nano-svfprintf.o)
                0x000000000800c438                _svfiprintf_r
                0x000000000800c438                _svfprintf_r
 .text._printf_common
                0x000000000800c634       0xe4 C:/ST/STM32CubeIDE_1.13.0/STM32CubeIDE/plugins/com.st.stm32cube.ide.mcu.externaltools.gnu-tools-for-stm32.11.3.rel1.win32_1.1.100.202309141235/tools/bin/../lib/gcc/arm-none-eabi/11.3.1/../../../../arm-none-eabi/lib/thumb/v8-m.main+fp/hard\libc_nano.a(libc_a-nano-vfprintf_i.o)
                0x000000000800c634                _printf_common
 .text._printf_i
                0x000000000800c718      0x240 C:/ST/STM32CubeIDE_1.13.0/STM32CubeIDE/plugins/com.st.stm32cube.ide.mcu.externaltools.gnu-tools-for-stm32.11.3.rel1.win32_1.1.100.202309141235/tools/bin/../lib/gcc/arm-none-eabi/11.3.1/../../../../arm-none-eabi/lib/thumb/v8-m.main+fp/hard\libc_nano.a(libc_a-nano-vfprintf_i.o)
                0x000000000800c718                _printf_i
 .text.memmove  0x000000000800c958       0x34 C:/ST/STM32CubeIDE_1.13.0/STM32CubeIDE/plugins/com.st.stm32cube.ide.mcu.externaltools.gnu-tools-for-stm32.11.3.rel1.win32_1.1.100.202309141235/tools/bin/../lib/gcc/arm-none-eabi/11.3.1/../../../../arm-none-eabi/lib/thumb/v8-m.main+fp/hard\libc_nano.a(libc_a-memmove.o)
                0x000000000800c958                memmove
 .text._sbrk_r  0x000000000800c98c       0x20 C:/ST/STM32CubeIDE_1.13.0/STM32CubeIDE/plugins/com.st.stm32cube.ide.mcu.externaltools.gnu-tools-for-stm32.11.3.rel1.win32_1.1.100.202309141235/tools/bin/../lib/gcc/arm-none-eabi/11.3.1/../../../../arm-none-eabi/lib/thumb/v8-m.main+fp/hard\libc_nano.a(libc_a-sbrkr.o)
                0x000000000800c98c                _sbrk_r
 .text.memchr   0x000000000800c9ac       0x1c C:/ST/STM32CubeIDE_1.13.0/STM32CubeIDE/plugins/com.st.stm32cube.ide.mcu.externaltools.gnu-tools-for-stm32.11.3.rel1.win32_1.1.100.202309141235/tools/bin/../lib/gcc/arm-none-eabi/11.3.1/../../../../arm-none-eabi/lib/thumb/v8-m.main+fp/hard\libc_nano.a(libc_a-memchr-stub.o)
                0x000000000800c9ac                memchr
 .text.memcpy   0x000000000800c9c8       0x1a C:/ST/STM32CubeIDE_1.13.0/STM32CubeIDE/plugins/com.st.stm32cube.ide.mcu.externaltools.gnu-tools-for-stm32.11.3.rel1.win32_1.1.100.202309141235/tools/bin/../lib/gcc/arm-none-eabi/11.3.1/../../../../arm-none-eabi/lib/thumb/v8-m.main+fp/hard\libc_nano.a(libc_a-memcpy-stub.o)
                0x000000000800c9c8                memcpy
 .text._realloc_r
                0x000000000800c9e2       0x5e C:/ST/STM32CubeIDE_1.13.0/STM32CubeIDE/plugins/com.st.stm32cube.ide.mcu.externaltools.gnu-tools-for-stm32.11.3.rel1.win32_1.1.100.202309141235/tools/bin/../lib/gcc/arm-none-eabi/11.3.1/../../../../arm-none-eabi/lib/thumb/v8-m.main+fp/hard\libc_nano.a(libc_a-reallocr.o)
                0x000000000800c9e2                _realloc_r
 .text._malloc_usable_size_r
                0x000000000800ca40       0x10 C:/ST/STM32CubeIDE_1.13.0/STM32CubeIDE/plugins/com.st.stm32cube.ide.mcu.externaltools.gnu-tools-for-stm32.11.3.rel1.win32_1.1.100.202309141235/tools/bin/../lib/gcc/arm-none-eabi/11.3.1/../../../../arm-none-eabi/lib/thumb/v8-m.main+fp/hard\libc_nano.a(libc_a-msizer.o)
                0x000000000800ca40                _malloc_usable_size_r
 *(.glue_7)
 .glue_7        0x000000000800ca50        0x0 linker stubs
 *(.glue_7t)
 .glue_7t       0x000000000800ca50        0x0 linker stubs
 *(.eh_frame)
 .eh_frame      0x000000000800ca50        0x0 C:/ST/STM32CubeIDE_1.13.0/STM32CubeIDE/plugins/com.st.stm32cube.ide.mcu.externaltools.gnu-tools-for-stm32.11.3.rel1.win32_1.1.100.202309141235/tools/bin/../lib/gcc/arm-none-eabi/11.3.1/thumb/v8-m.main+fp/hard/crtbegin.o
 *(.init)
 .init          0x000000000800ca50        0x4 C:/ST/STM32CubeIDE_1.13.0/STM32CubeIDE/plugins/com.st.stm32cube.ide.mcu.externaltools.gnu-tools-for-stm32.11.3.rel1.win32_1.1.100.202309141235/tools/bin/../lib/gcc/arm-none-eabi/11.3.1/thumb/v8-m.main+fp/hard/crti.o
                0x000000000800ca50                _init
 .init          0x000000000800ca54        0x8 C:/ST/STM32CubeIDE_1.13.0/STM32CubeIDE/plugins/com.st.stm32cube.ide.mcu.externaltools.gnu-tools-for-stm32.11.3.rel1.win32_1.1.100.202309141235/tools/bin/../lib/gcc/arm-none-eabi/11.3.1/thumb/v8-m.main+fp/hard/crtn.o
 *(.fini)
 .fini          0x000000000800ca5c        0x4 C:/ST/STM32CubeIDE_1.13.0/STM32CubeIDE/plugins/com.st.stm32cube.ide.mcu.externaltools.gnu-tools-for-stm32.11.3.rel1.win32_1.1.100.202309141235/tools/bin/../lib/gcc/arm-none-eabi/11.3.1/thumb/v8-m.main+fp/hard/crti.o
                0x000000000800ca5c                _fini
 .fini          0x000000000800ca60        0x8 C:/ST/STM32CubeIDE_1.13.0/STM32CubeIDE/plugins/com.st.stm32cube.ide.mcu.externaltools.gnu-tools-for-stm32.11.3.rel1.win32_1.1.100.202309141235/tools/bin/../lib/gcc/arm-none-eabi/11.3.1/thumb/v8-m.main+fp/hard/crtn.o
                0x000000000800ca68                . = ALIGN (0x4)
                0x000000000800ca68                _etext = .

.vfp11_veneer   0x000000000800ca68        0x0
 .vfp11_veneer  0x000000000800ca68        0x0 linker stubs

.v4_bx          0x000000000800ca68        0x0
 .v4_bx         0x000000000800ca68        0x0 linker stubs

.iplt           0x000000000800ca68        0x0
 .iplt          0x000000000800ca68        0x0 C:/ST/STM32CubeIDE_1.13.0/STM32CubeIDE/plugins/com.st.stm32cube.ide.mcu.externaltools.gnu-tools-for-stm32.11.3.rel1.win32_1.1.100.202309141235/tools/bin/../lib/gcc/arm-none-eabi/11.3.1/thumb/v8-m.main+fp/hard/crtbegin.o

.rodata         0x000000000800ca68      0x6ac
                0x000000000800ca68                . = ALIGN (0x4)
 *(.rodata)
 .rodata        0x000000000800ca68       0x2c ./Application/User/Core/main.o
 .rodata        0x000000000800ca94       0x68 ./Bsp/src/DDR5_DIMM_Detect.o
 .rodata        0x000000000800cafc       0xb8 ./Bsp/src/DDR5_LCD_DIMM.o
 .rodata        0x000000000800cbb4      0x4e7 ./Bsp/src/DDR5_UI_Menu.o
 *(.rodata*)
 *fill*         0x000000000800d09b        0x1 
 .rodata.row_base.0
                0x000000000800d09c        0x4 ./Bsp/src/nhd0420_i2c.o
 .rodata.AHBPrescTable
                0x000000000800d0a0       0x10 ./Drivers/CMSIS/system_stm32h5xx.o
                0x000000000800d0a0                AHBPrescTable
 .rodata.APBPrescTable
                0x000000000800d0b0        0x8 ./Drivers/CMSIS/system_stm32h5xx.o
                0x000000000800d0b0                APBPrescTable
 .rodata.UARTPrescTable
                0x000000000800d0b8       0x18 ./Drivers/STM32H5xx_HAL_Driver/stm32h5xx_hal_uart.o
                0x000000000800d0b8                UARTPrescTable
 .rodata.numerator.1
                0x000000000800d0d0        0x8 ./Drivers/STM32H5xx_HAL_Driver/stm32h5xx_hal_uart_ex.o
 .rodata.denominator.0
                0x000000000800d0d8        0x8 ./Drivers/STM32H5xx_HAL_Driver/stm32h5xx_hal_uart_ex.o
 .rodata._svfprintf_r.str1.1
                0x000000000800d0e0       0x11 C:/ST/STM32CubeIDE_1.13.0/STM32CubeIDE/plugins/com.st.stm32cube.ide.mcu.externaltools.gnu-tools-for-stm32.11.3.rel1.win32_1.1.100.202309141235/tools/bin/../lib/gcc/arm-none-eabi/11.3.1/../../../../arm-none-eabi/lib/thumb/v8-m.main+fp/hard\libc_nano.a(libc_a-nano-svfprintf.o)
 .rodata._printf_i.str1.1
                0x000000000800d0f1       0x22 C:/ST/STM32CubeIDE_1.13.0/STM32CubeIDE/plugins/com.st.stm32cube.ide.mcu.externaltools.gnu-tools-for-stm32.11.3.rel1.win32_1.1.100.202309141235/tools/bin/../lib/gcc/arm-none-eabi/11.3.1/../../../../arm-none-eabi/lib/thumb/v8-m.main+fp/hard\libc_nano.a(libc_a-nano-vfprintf_i.o)
                0x000000000800d114                . = ALIGN (0x4)
 *fill*         0x000000000800d113        0x1 

.ARM.extab      0x000000000800d114        0x0
                0x000000000800d114                . = ALIGN (0x4)
 *(.ARM.extab* .gnu.linkonce.armextab.*)
                0x000000000800d114                . = ALIGN (0x4)

.ARM            0x000000000800d114        0x8
                0x000000000800d114                . = ALIGN (0x4)
                0x000000000800d114                __exidx_start = .
 *(.ARM.exidx*)
 .ARM.exidx     0x000000000800d114        0x8 C:/ST/STM32CubeIDE_1.13.0/STM32CubeIDE/plugins/com.st.stm32cube.ide.mcu.externaltools.gnu-tools-for-stm32.11.3.rel1.win32_1.1.100.202309141235/tools/bin/../lib/gcc/arm-none-eabi/11.3.1/thumb/v8-m.main+fp/hard\libgcc.a(_udivmoddi4.o)
                0x000000000800d11c                __exidx_end = .
                0x000000000800d11c                . = ALIGN (0x4)

.rel.dyn        0x000000000800d11c        0x0
 .rel.iplt      0x000000000800d11c        0x0 C:/ST/STM32CubeIDE_1.13.0/STM32CubeIDE/plugins/com.st.stm32cube.ide.mcu.externaltools.gnu-tools-for-stm32.11.3.rel1.win32_1.1.100.202309141235/tools/bin/../lib/gcc/arm-none-eabi/11.3.1/thumb/v8-m.main+fp/hard/crtbegin.o

.preinit_array  0x000000000800d11c        0x0
                0x000000000800d11c                . = ALIGN (0x4)
                0x000000000800d11c                PROVIDE (__preinit_array_start = .)
 *(.preinit_array*)
                0x000000000800d11c                PROVIDE (__preinit_array_end = .)
                0x000000000800d11c                . = ALIGN (0x4)

.init_array     0x000000000800d11c        0x4
                0x000000000800d11c                . = ALIGN (0x4)
                0x000000000800d11c                PROVIDE (__init_array_start = .)
 *(SORT_BY_NAME(.init_array.*))
 *(.init_array*)
 .init_array    0x000000000800d11c        0x4 C:/ST/STM32CubeIDE_1.13.0/STM32CubeIDE/plugins/com.st.stm32cube.ide.mcu.externaltools.gnu-tools-for-stm32.11.3.rel1.win32_1.1.100.202309141235/tools/bin/../lib/gcc/arm-none-eabi/11.3.1/thumb/v8-m.main+fp/hard/crtbegin.o
                0x000000000800d120                PROVIDE (__init_array_end = .)
                0x000000000800d120                . = ALIGN (0x4)

.fini_array     0x000000000800d120        0x4
                0x000000000800d120                . = ALIGN (0x4)
                [!provide]                        PROVIDE (__fini_array_start = .)
 *(SORT_BY_NAME(.fini_array.*))
 *(.fini_array*)
 .fini_array    0x000000000800d120        0x4 C:/ST/STM32CubeIDE_1.13.0/STM32CubeIDE/plugins/com.st.stm32cube.ide.mcu.externaltools.gnu-tools-for-stm32.11.3.rel1.win32_1.1.100.202309141235/tools/bin/../lib/gcc/arm-none-eabi/11.3.1/thumb/v8-m.main+fp/hard/crtbegin.o
                [!provide]                        PROVIDE (__fini_array_end = .)
                0x000000000800d124                . = ALIGN (0x4)
                0x000000000800d124                _sidata = LOADADDR (.data)

.data           0x0000000020000000       0x60 load address 0x000000000800d124
                0x0000000020000000                . = ALIGN (0x4)
                0x0000000020000000                _sdata = .
 *(.data)
 *(.data*)
 .data.g_hid    0x0000000020000000        0x1 ./Bsp/src/DDR5_UI_Menu.o
 .data.g_read_addr
                0x0000000020000001        0x1 ./Bsp/src/DDR5_UI_Menu.o
 .data.g_read_status
                0x0000000020000002        0x1 ./Bsp/src/DDR5_UI_Menu.o
 *fill*         0x0000000020000003        0x1 
 .data.SystemCoreClock
                0x0000000020000004        0x4 ./Drivers/CMSIS/system_stm32h5xx.o
                0x0000000020000004                SystemCoreClock
 .data.uwTickPrio
                0x0000000020000008        0x4 ./Drivers/STM32H5xx_HAL_Driver/stm32h5xx_hal.o
                0x0000000020000008                uwTickPrio
 .data.uwTickFreq
                0x000000002000000c        0x1 ./Drivers/STM32H5xx_HAL_Driver/stm32h5xx_hal.o
                0x000000002000000c                uwTickFreq
 *fill*         0x000000002000000d        0x3 
 .data._impure_data
                0x0000000020000010       0x4c C:/ST/STM32CubeIDE_1.13.0/STM32CubeIDE/plugins/com.st.stm32cube.ide.mcu.externaltools.gnu-tools-for-stm32.11.3.rel1.win32_1.1.100.202309141235/tools/bin/../lib/gcc/arm-none-eabi/11.3.1/../../../../arm-none-eabi/lib/thumb/v8-m.main+fp/hard\libc_nano.a(libc_a-impure.o)
                0x0000000020000010                _impure_data
 .data._impure_ptr
                0x000000002000005c        0x4 C:/ST/STM32CubeIDE_1.13.0/STM32CubeIDE/plugins/com.st.stm32cube.ide.mcu.externaltools.gnu-tools-for-stm32.11.3.rel1.win32_1.1.100.202309141235/tools/bin/../lib/gcc/arm-none-eabi/11.3.1/../../../../arm-none-eabi/lib/thumb/v8-m.main+fp/hard\libc_nano.a(libc_a-impure.o)
                0x000000002000005c                _impure_ptr
 *(.RamFunc)
 *(.RamFunc*)
                0x0000000020000060                . = ALIGN (0x4)
                0x0000000020000060                _edata = .

.igot.plt       0x0000000020000060        0x0 load address 0x000000000800d184
 .igot.plt      0x0000000020000060        0x0 C:/ST/STM32CubeIDE_1.13.0/STM32CubeIDE/plugins/com.st.stm32cube.ide.mcu.externaltools.gnu-tools-for-stm32.11.3.rel1.win32_1.1.100.202309141235/tools/bin/../lib/gcc/arm-none-eabi/11.3.1/thumb/v8-m.main+fp/hard/crtbegin.o
                0x0000000020000060                . = ALIGN (0x4)

.bss            0x0000000020000060     0x1734 load address 0x000000000800d184
                0x0000000020000060                _sbss = .
                0x0000000020000060                __bss_start__ = _sbss
 *(.bss)
 .bss           0x0000000020000060       0x1c C:/ST/STM32CubeIDE_1.13.0/STM32CubeIDE/plugins/com.st.stm32cube.ide.mcu.externaltools.gnu-tools-for-stm32.11.3.rel1.win32_1.1.100.202309141235/tools/bin/../lib/gcc/arm-none-eabi/11.3.1/thumb/v8-m.main+fp/hard/crtbegin.o
 *(.bss*)
 .bss.hi2c1     0x000000002000007c       0x54 ./Application/User/Core/main.o
                0x000000002000007c                hi2c1
 .bss.hi3c1     0x00000000200000d0       0x58 ./Application/User/Core/main.o
                0x00000000200000d0                hi3c1
 .bss.huart3    0x0000000020000128       0x94 ./Application/User/Core/main.o
                0x0000000020000128                huart3
 .bss.g_lcd     0x00000000200001bc        0xc ./Application/User/Core/main.o
 .bss.g_dimm_table
                0x00000000200001c8     0x1458 ./Application/User/Core/main.o
 .bss.__sbrk_heap_end
                0x0000000020001620        0x4 ./Application/User/Core/sysmem.o
 .bss.g_lcd     0x0000000020001624        0x4 ./Bsp/src/DDR5_LCD_DIMM.o
 .bss.g_table   0x0000000020001628        0x4 ./Bsp/src/DDR5_LCD_DIMM.o
 .bss.g_lcd_page
                0x000000002000162c        0x1 ./Bsp/src/DDR5_LCD_DIMM.o
 *fill*         0x000000002000162d        0x3 
 .bss.g_ms_ticks
                0x0000000020001630        0x4 ./Bsp/src/DDR5_Time.o
 .bss.g_ui_lcd  0x0000000020001634        0x4 ./Bsp/src/DDR5_UI_Menu.o
 .bss.g_ui_dimm_table
                0x0000000020001638        0x4 ./Bsp/src/DDR5_UI_Menu.o
 .bss.g_ui_state
                0x000000002000163c        0x1 ./Bsp/src/DDR5_UI_Menu.o
 .bss.g_main_index
                0x000000002000163d        0x1 ./Bsp/src/DDR5_UI_Menu.o
 .bss.g_ccc_index
                0x000000002000163e        0x1 ./Bsp/src/DDR5_UI_Menu.o
 .bss.g_read_index
                0x000000002000163f        0x1 ./Bsp/src/DDR5_UI_Menu.o
 .bss.g_write_index
                0x0000000020001640        0x1 ./Bsp/src/DDR5_UI_Menu.o
 .bss.g_i3c_enabled
                0x0000000020001641        0x1 ./Bsp/src/DDR5_UI_Menu.o
 .bss.g_read_bus_i3c
                0x0000000020001642        0x1 ./Bsp/src/DDR5_UI_Menu.o
 .bss.g_read_reg
                0x0000000020001643        0x1 ./Bsp/src/DDR5_UI_Menu.o
 .bss.g_read_value
                0x0000000020001644        0x1 ./Bsp/src/DDR5_UI_Menu.o
 *fill*         0x0000000020001645        0x3 
 .bss.uwTick    0x0000000020001648        0x4 ./Drivers/STM32H5xx_HAL_Driver/stm32h5xx_hal.o
                0x0000000020001648                uwTick
 .bss.__sf      0x000000002000164c      0x138 C:/ST/STM32CubeIDE_1.13.0/STM32CubeIDE/plugins/com.st.stm32cube.ide.mcu.externaltools.gnu-tools-for-stm32.11.3.rel1.win32_1.1.100.202309141235/tools/bin/../lib/gcc/arm-none-eabi/11.3.1/../../../../arm-none-eabi/lib/thumb/v8-m.main+fp/hard\libc_nano.a(libc_a-findfp.o)
                0x000000002000164c                __sf
 .bss.errno     0x0000000020001784        0x4 C:/ST/STM32CubeIDE_1.13.0/STM32CubeIDE/plugins/com.st.stm32cube.ide.mcu.externaltools.gnu-tools-for-stm32.11.3.rel1.win32_1.1.100.202309141235/tools/bin/../lib/gcc/arm-none-eabi/11.3.1/../../../../arm-none-eabi/lib/thumb/v8-m.main+fp/hard\libc_nano.a(libc_a-reent.o)
                0x0000000020001784                errno
 .bss.__lock___malloc_recursive_mutex
                0x0000000020001788        0x1 C:/ST/STM32CubeIDE_1.13.0/STM32CubeIDE/plugins/com.st.stm32cube.ide.mcu.externaltools.gnu-tools-for-stm32.11.3.rel1.win32_1.1.100.202309141235/tools/bin/../lib/gcc/arm-none-eabi/11.3.1/../../../../arm-none-eabi/lib/thumb/v8-m.main+fp/hard\libc_nano.a(libc_a-lock.o)
                0x0000000020001788                __lock___malloc_recursive_mutex
 *fill*         0x0000000020001789        0x3 
 .bss.__malloc_free_list
                0x000000002000178c        0x4 C:/ST/STM32CubeIDE_1.13.0/STM32CubeIDE/plugins/com.st.stm32cube.ide.mcu.externaltools.gnu-tools-for-stm32.11.3.rel1.win32_1.1.100.202309141235/tools/bin/../lib/gcc/arm-none-eabi/11.3.1/../../../../arm-none-eabi/lib/thumb/v8-m.main+fp/hard\libc_nano.a(libc_a-mallocr.o)
                0x000000002000178c                __malloc_free_list
 .bss.__malloc_sbrk_start
                0x0000000020001790        0x4 C:/ST/STM32CubeIDE_1.13.0/STM32CubeIDE/plugins/com.st.stm32cube.ide.mcu.externaltools.gnu-tools-for-stm32.11.3.rel1.win32_1.1.100.202309141235/tools/bin/../lib/gcc/arm-none-eabi/11.3.1/../../../../arm-none-eabi/lib/thumb/v8-m.main+fp/hard\libc_nano.a(libc_a-mallocr.o)
                0x0000000020001790                __malloc_sbrk_start
 *(COMMON)
                0x0000000020001794                . = ALIGN (0x4)
                0x0000000020001794                _ebss = .
                0x0000000020001794                __bss_end__ = _ebss

._user_heap_stack
                0x0000000020001794      0x604 load address 0x000000000800d184
                0x0000000020001798                . = ALIGN (0x8)
 *fill*         0x0000000020001794        0x4 
                [!provide]                        PROVIDE (end = .)
                0x0000000020001798                PROVIDE (_end = .)
                0x0000000020001998                . = (. + _Min_Heap_Size)
 *fill*         0x0000000020001798      0x200 
                0x0000000020001d98                . = (. + _Min_Stack_Size)
 *fill*         0x0000000020001998      0x400 
                0x0000000020001d98                . = ALIGN (0x8)

/DISCARD/
 libc.a(*)
 libm.a(*)
 libgcc.a(*)

.ARM.attributes
                0x0000000000000000       0x36
 *(.ARM.attributes)
 .ARM.attributes
                0x0000000000000000       0x22 C:/ST/STM32CubeIDE_1.13.0/STM32CubeIDE/plugins/com.st.stm32cube.ide.mcu.externaltools.gnu-tools-for-stm32.11.3.rel1.win32_1.1.100.202309141235/tools/bin/../lib/gcc/arm-none-eabi/11.3.1/thumb/v8-m.main+fp/hard/crti.o
 .ARM.attributes
                0x0000000000000022       0x38 C:/ST/STM32CubeIDE_1.13.0/STM32CubeIDE/plugins/com.st.stm32cube.ide.mcu.externaltools.gnu-tools-for-stm32.11.3.rel1.win32_1.1.100.202309141235/tools/bin/../lib/gcc/arm-none-eabi/11.3.1/thumb/v8-m.main+fp/hard/crtbegin.o
 .ARM.attributes
                0x000000000000005a       0x3a ./Application/User/Core/main.o
 .ARM.attributes
                0x0000000000000094       0x3a ./Application/User/Core/stm32h5xx_hal_msp.o
 .ARM.attributes
                0x00000000000000ce       0x3a ./Application/User/Core/stm32h5xx_it.o
 .ARM.attributes
                0x0000000000000108       0x3a ./Application/User/Core/sysmem.o
 .ARM.attributes
                0x0000000000000142       0x24 ./Application/User/Startup/startup_stm32h563zitx.o
 .ARM.attributes
                0x0000000000000166       0x3a ./Bsp/src/DDR5_DIMM_Detect.o
 .ARM.attributes
                0x00000000000001a0       0x3a ./Bsp/src/DDR5_I3C.o
 .ARM.attributes
                0x00000000000001da       0x3a ./Bsp/src/DDR5_LCD_DIMM.o
 .ARM.attributes
                0x0000000000000214       0x3a ./Bsp/src/DDR5_SPD.o
 .ARM.attributes
                0x000000000000024e       0x3a ./Bsp/src/DDR5_Time.o
 .ARM.attributes
                0x0000000000000288       0x3a ./Bsp/src/DDR5_UI_Menu.o
 .ARM.attributes
                0x00000000000002c2       0x3a ./Bsp/src/DDR5_board.o
 .ARM.attributes
                0x00000000000002fc       0x3a ./Bsp/src/nhd0420_i2c.o
 .ARM.attributes
                0x0000000000000336       0x3a ./Drivers/CMSIS/system_stm32h5xx.o
 .ARM.attributes
                0x0000000000000370       0x3a ./Drivers/STM32H5xx_HAL_Driver/stm32h5xx_hal.o
 .ARM.attributes
                0x00000000000003aa       0x3a ./Drivers/STM32H5xx_HAL_Driver/stm32h5xx_hal_cortex.o
 .ARM.attributes
                0x00000000000003e4       0x3a ./Drivers/STM32H5xx_HAL_Driver/stm32h5xx_hal_gpio.o
 .ARM.attributes
                0x000000000000041e       0x3a ./Drivers/STM32H5xx_HAL_Driver/stm32h5xx_hal_i2c.o
 .ARM.attributes
                0x0000000000000458       0x3a ./Drivers/STM32H5xx_HAL_Driver/stm32h5xx_hal_i2c_ex.o
 .ARM.attributes
                0x0000000000000492       0x3a ./Drivers/STM32H5xx_HAL_Driver/stm32h5xx_hal_i3c.o
 .ARM.attributes
                0x00000000000004cc       0x3a ./Drivers/STM32H5xx_HAL_Driver/stm32h5xx_hal_icache.o
 .ARM.attributes
                0x0000000000000506       0x3a ./Drivers/STM32H5xx_HAL_Driver/stm32h5xx_hal_rcc.o
 .ARM.attributes
                0x0000000000000540       0x3a ./Drivers/STM32H5xx_HAL_Driver/stm32h5xx_hal_rcc_ex.o
 .ARM.attributes
                0x000000000000057a       0x3a ./Drivers/STM32H5xx_HAL_Driver/stm32h5xx_hal_uart.o
 .ARM.attributes
                0x00000000000005b4       0x3a ./Drivers/STM32H5xx_HAL_Driver/stm32h5xx_hal_uart_ex.o
 .ARM.attributes
                0x00000000000005ee       0x38 C:/ST/STM32CubeIDE_1.13.0/STM32CubeIDE/plugins/com.st.stm32cube.ide.mcu.externaltools.gnu-tools-for-stm32.11.3.rel1.win32_1.1.100.202309141235/tools/bin/../lib/gcc/arm-none-eabi/11.3.1/../../../../arm-none-eabi/lib/thumb/v8-m.main+fp/hard\libc_nano.a(libc_a-findfp.o)
 .ARM.attributes
                0x0000000000000626       0x38 C:/ST/STM32CubeIDE_1.13.0/STM32CubeIDE/plugins/com.st.stm32cube.ide.mcu.externaltools.gnu-tools-for-stm32.11.3.rel1.win32_1.1.100.202309141235/tools/bin/../lib/gcc/arm-none-eabi/11.3.1/../../../../arm-none-eabi/lib/thumb/v8-m.main+fp/hard\libc_nano.a(libc_a-snprintf.o)
 .ARM.attributes
                0x000000000000065e       0x38 C:/ST/STM32CubeIDE_1.13.0/STM32CubeIDE/plugins/com.st.stm32cube.ide.mcu.externaltools.gnu-tools-for-stm32.11.3.rel1.win32_1.1.100.202309141235/tools/bin/../lib/gcc/arm-none-eabi/11.3.1/../../../../arm-none-eabi/lib/thumb/v8-m.main+fp/hard\libc_nano.a(libc_a-memset.o)
 .ARM.attributes
                0x0000000000000696       0x38 C:/ST/STM32CubeIDE_1.13.0/STM32CubeIDE/plugins/com.st.stm32cube.ide.mcu.externaltools.gnu-tools-for-stm32.11.3.rel1.win32_1.1.100.202309141235/tools/bin/../lib/gcc/arm-none-eabi/11.3.1/../../../../arm-none-eabi/lib/thumb/v8-m.main+fp/hard\libc_nano.a(libc_a-reent.o)
 .ARM.attributes
                0x00000000000006ce       0x38 C:/ST/STM32CubeIDE_1.13.0/STM32CubeIDE/plugins/com.st.stm32cube.ide.mcu.externaltools.gnu-tools-for-stm32.11.3.rel1.win32_1.1.100.202309141235/tools/bin/../lib/gcc/arm-none-eabi/11.3.1/../../../../arm-none-eabi/lib/thumb/v8-m.main+fp/hard\libc_nano.a(libc_a-impure.o)
 .ARM.attributes
                0x0000000000000706       0x38 C:/ST/STM32CubeIDE_1.13.0/STM32CubeIDE/plugins/com.st.stm32cube.ide.mcu.externaltools.gnu-tools-for-stm32.11.3.rel1.win32_1.1.100.202309141235/tools/bin/../lib/gcc/arm-none-eabi/11.3.1/../../../../arm-none-eabi/lib/thumb/v8-m.main+fp/hard\libc_nano.a(libc_a-errno.o)
 .ARM.attributes
                0x000000000000073e       0x38 C:/ST/STM32CubeIDE_1.13.0/STM32CubeIDE/plugins/com.st.stm32cube.ide.mcu.externaltools.gnu-tools-for-stm32.11.3.rel1.win32_1.1.100.202309141235/tools/bin/../lib/gcc/arm-none-eabi/11.3.1/../../../../arm-none-eabi/lib/thumb/v8-m.main+fp/hard\libc_nano.a(libc_a-init.o)
 .ARM.attributes
                0x0000000000000776       0x38 C:/ST/STM32CubeIDE_1.13.0/STM32CubeIDE/plugins/com.st.stm32cube.ide.mcu.externaltools.gnu-tools-for-stm32.11.3.rel1.win32_1.1.100.202309141235/tools/bin/../lib/gcc/arm-none-eabi/11.3.1/../../../../arm-none-eabi/lib/thumb/v8-m.main+fp/hard\libc_nano.a(libc_a-lock.o)
 .ARM.attributes
                0x00000000000007ae       0x38 C:/ST/STM32CubeIDE_1.13.0/STM32CubeIDE/plugins/com.st.stm32cube.ide.mcu.externaltools.gnu-tools-for-stm32.11.3.rel1.win32_1.1.100.202309141235/tools/bin/../lib/gcc/arm-none-eabi/11.3.1/../../../../arm-none-eabi/lib/thumb/v8-m.main+fp/hard\libc_nano.a(libc_a-freer.o)
 .ARM.attributes
                0x00000000000007e6       0x38 C:/ST/STM32CubeIDE_1.13.0/STM32CubeIDE/plugins/com.st.stm32cube.ide.mcu.externaltools.gnu-tools-for-stm32.11.3.rel1.win32_1.1.100.202309141235/tools/bin/../lib/gcc/arm-none-eabi/11.3.1/../../../../arm-none-eabi/lib/thumb/v8-m.main+fp/hard\libc_nano.a(libc_a-mallocr.o)
 .ARM.attributes
                0x000000000000081e       0x38 C:/ST/STM32CubeIDE_1.13.0/STM32CubeIDE/plugins/com.st.stm32cube.ide.mcu.externaltools.gnu-tools-for-stm32.11.3.rel1.win32_1.1.100.202309141235/tools/bin/../lib/gcc/arm-none-eabi/11.3.1/../../../../arm-none-eabi/lib/thumb/v8-m.main+fp/hard\libc_nano.a(libc_a-mlock.o)
 .ARM.attributes
                0x0000000000000856       0x38 C:/ST/STM32CubeIDE_1.13.0/STM32CubeIDE/plugins/com.st.stm32cube.ide.mcu.externaltools.gnu-tools-for-stm32.11.3.rel1.win32_1.1.100.202309141235/tools/bin/../lib/gcc/arm-none-eabi/11.3.1/../../../../arm-none-eabi/lib/thumb/v8-m.main+fp/hard\libc_nano.a(libc_a-nano-svfprintf.o)
 .ARM.attributes
                0x000000000000088e       0x38 C:/ST/STM32CubeIDE_1.13.0/STM32CubeIDE/plugins/com.st.stm32cube.ide.mcu.externaltools.gnu-tools-for-stm32.11.3.rel1.win32_1.1.100.202309141235/tools/bin/../lib/gcc/arm-none-eabi/11.3.1/../../../../arm-none-eabi/lib/thumb/v8-m.main+fp/hard\libc_nano.a(libc_a-nano-vfprintf_i.o)
 .ARM.attributes
                0x00000000000008c6       0x38 C:/ST/STM32CubeIDE_1.13.0/STM32CubeIDE/plugins/com.st.stm32cube.ide.mcu.externaltools.gnu-tools-for-stm32.11.3.rel1.win32_1.1.100.202309141235/tools/bin/../lib/gcc/arm-none-eabi/11.3.1/../../../../arm-none-eabi/lib/thumb/v8-m.main+fp/hard\libc_nano.a(libc_a-memmove.o)
 .ARM.attributes
                0x00000000000008fe       0x38 C:/ST/STM32CubeIDE_1.13.0/STM32CubeIDE/plugins/com.st.stm32cube.ide.mcu.externaltools.gnu-tools-for-stm32.11.3.rel1.win32_1.1.100.202309141235/tools/bin/../lib/gcc/arm-none-eabi/11.3.1/../../../../arm-none-eabi/lib/thumb/v8-m.main+fp/hard\libc_nano.a(libc_a-sbrkr.o)
 .ARM.attributes
                0x0000000000000936       0x38 C:/ST/STM32CubeIDE_1.13.0/STM32CubeIDE/plugins/com.st.stm32cube.ide.mcu.externaltools.gnu-tools-for-stm32.11.3.rel1.win32_1.1.100.202309141235/tools/bin/../lib/gcc/arm-none-eabi/11.3.1/../../../../arm-none-eabi/lib/thumb/v8-m.main+fp/hard\libc_nano.a(libc_a-memchr-stub.o)
 .ARM.attributes
                0x000000000000096e       0x38 C:/ST/STM32CubeIDE_1.13.0/STM32CubeIDE/plugins/com.st.stm32cube.ide.mcu.externaltools.gnu-tools-for-stm32.11.3.rel1.win32_1.1.100.202309141235/tools/bin/../lib/gcc/arm-none-eabi/11.3.1/../../../../arm-none-eabi/lib/thumb/v8-m.main+fp/hard\libc_nano.a(libc_a-memcpy-stub.o)
 .ARM.attributes
                0x00000000000009a6       0x38 C:/ST/STM32CubeIDE_1.13.0/STM32CubeIDE/plugins/com.st.stm32cube.ide.mcu.externaltools.gnu-tools-for-stm32.11.3.rel1.win32_1.1.100.202309141235/tools/bin/../lib/gcc/arm-none-eabi/11.3.1/../../../../arm-none-eabi/lib/thumb/v8-m.main+fp/hard\libc_nano.a(libc_a-reallocr.o)
 .ARM.attributes
                0x00000000000009de       0x38 C:/ST/STM32CubeIDE_1.13.0/STM32CubeIDE/plugins/com.st.stm32cube.ide.mcu.externaltools.gnu-tools-for-stm32.11.3.rel1.win32_1.1.100.202309141235/tools/bin/../lib/gcc/arm-none-eabi/11.3.1/../../../../arm-none-eabi/lib/thumb/v8-m.main+fp/hard\libc_nano.a(libc_a-msizer.o)
 .ARM.attributes
                0x0000000000000a16       0x22 C:/ST/STM32CubeIDE_1.13.0/STM32CubeIDE/plugins/com.st.stm32cube.ide.mcu.externaltools.gnu-tools-for-stm32.11.3.rel1.win32_1.1.100.202309141235/tools/bin/../lib/gcc/arm-none-eabi/11.3.1/thumb/v8-m.main+fp/hard\libgcc.a(_aeabi_uldivmod.o)
 .ARM.attributes
                0x0000000000000a38       0x38 C:/ST/STM32CubeIDE_1.13.0/STM32CubeIDE/plugins/com.st.stm32cube.ide.mcu.externaltools.gnu-tools-for-stm32.11.3.rel1.win32_1.1.100.202309141235/tools/bin/../lib/gcc/arm-none-eabi/11.3.1/thumb/v8-m.main+fp/hard\libgcc.a(_udivmoddi4.o)
 .ARM.attributes
                0x0000000000000a70       0x22 C:/ST/STM32CubeIDE_1.13.0/STM32CubeIDE/plugins/com.st.stm32cube.ide.mcu.externaltools.gnu-tools-for-stm32.11.3.rel1.win32_1.1.100.202309141235/tools/bin/../lib/gcc/arm-none-eabi/11.3.1/thumb/v8-m.main+fp/hard\libgcc.a(_dvmd_tls.o)
 .ARM.attributes
                0x0000000000000a92       0x22 C:/ST/STM32CubeIDE_1.13.0/STM32CubeIDE/plugins/com.st.stm32cube.ide.mcu.externaltools.gnu-tools-for-stm32.11.3.rel1.win32_1.1.100.202309141235/tools/bin/../lib/gcc/arm-none-eabi/11.3.1/thumb/v8-m.main+fp/hard/crtn.o
OUTPUT(DDR5_TestPlatform.elf elf32-littlearm)
LOAD linker stubs
LOAD C:/ST/STM32CubeIDE_1.13.0/STM32CubeIDE/plugins/com.st.stm32cube.ide.mcu.externaltools.gnu-tools-for-stm32.11.3.rel1.win32_1.1.100.202309141235/tools/bin/../lib/gcc/arm-none-eabi/11.3.1/../../../../arm-none-eabi/lib/thumb/v8-m.main+fp/hard\libc.a
LOAD C:/ST/STM32CubeIDE_1.13.0/STM32CubeIDE/plugins/com.st.stm32cube.ide.mcu.externaltools.gnu-tools-for-stm32.11.3.rel1.win32_1.1.100.202309141235/tools/bin/../lib/gcc/arm-none-eabi/11.3.1/../../../../arm-none-eabi/lib/thumb/v8-m.main+fp/hard\libm.a
LOAD C:/ST/STM32CubeIDE_1.13.0/STM32CubeIDE/plugins/com.st.stm32cube.ide.mcu.externaltools.gnu-tools-for-stm32.11.3.rel1.win32_1.1.100.202309141235/tools/bin/../lib/gcc/arm-none-eabi/11.3.1/thumb/v8-m.main+fp/hard\libgcc.a

.comment        0x0000000000000000       0x43
 .comment       0x0000000000000000       0x43 C:/ST/STM32CubeIDE_1.13.0/STM32CubeIDE/plugins/com.st.stm32cube.ide.mcu.externaltools.gnu-tools-for-stm32.11.3.rel1.win32_1.1.100.202309141235/tools/bin/../lib/gcc/arm-none-eabi/11.3.1/thumb/v8-m.main+fp/hard/crtbegin.o
                                         0x44 (size before relaxing)
 .comment       0x0000000000000043       0x44 ./Application/User/Core/main.o
 .comment       0x0000000000000043       0x44 ./Application/User/Core/stm32h5xx_hal_msp.o
 .comment       0x0000000000000043       0x44 ./Application/User/Core/stm32h5xx_it.o
 .comment       0x0000000000000043       0x44 ./Application/User/Core/sysmem.o
 .comment       0x0000000000000043       0x44 ./Bsp/src/DDR5_DIMM_Detect.o
 .comment       0x0000000000000043       0x44 ./Bsp/src/DDR5_I3C.o
 .comment       0x0000000000000043       0x44 ./Bsp/src/DDR5_LCD_DIMM.o
 .comment       0x0000000000000043       0x44 ./Bsp/src/DDR5_SPD.o
 .comment       0x0000000000000043       0x44 ./Bsp/src/DDR5_Time.o
 .comment       0x0000000000000043       0x44 ./Bsp/src/DDR5_UI_Menu.o
 .comment       0x0000000000000043       0x44 ./Bsp/src/DDR5_board.o
 .comment       0x0000000000000043       0x44 ./Bsp/src/nhd0420_i2c.o
 .comment       0x0000000000000043       0x44 ./Drivers/CMSIS/system_stm32h5xx.o
 .comment       0x0000000000000043       0x44 ./Drivers/STM32H5xx_HAL_Driver/stm32h5xx_hal.o
 .comment       0x0000000000000043       0x44 ./Drivers/STM32H5xx_HAL_Driver/stm32h5xx_hal_cortex.o
 .comment       0x0000000000000043       0x44 ./Drivers/STM32H5xx_HAL_Driver/stm32h5xx_hal_gpio.o
 .comment       0x0000000000000043       0x44 ./Drivers/STM32H5xx_HAL_Driver/stm32h5xx_hal_i2c.o
 .comment       0x0000000000000043       0x44 ./Drivers/STM32H5xx_HAL_Driver/stm32h5xx_hal_i2c_ex.o
 .comment       0x0000000000000043       0x44 ./Drivers/STM32H5xx_HAL_Driver/stm32h5xx_hal_i3c.o
 .comment       0x0000000000000043       0x44 ./Drivers/STM32H5xx_HAL_Driver/stm32h5xx_hal_icache.o
 .comment       0x0000000000000043       0x44 ./Drivers/STM32H5xx_HAL_Driver/stm32h5xx_hal_rcc.o
 .comment       0x0000000000000043       0x44 ./Drivers/STM32H5xx_HAL_Driver/stm32h5xx_hal_rcc_ex.o
 .comment       0x0000000000000043       0x44 ./Drivers/STM32H5xx_HAL_Driver/stm32h5xx_hal_uart.o
 .comment       0x0000000000000043       0x44 ./Drivers/STM32H5xx_HAL_Driver/stm32h5xx_hal_uart_ex.o

.debug_info     0x0000000000000000    0x1b221
 .debug_info    0x0000000000000000     0x21bb ./Application/User/Core/main.o
 .debug_info    0x00000000000021bb     0x1d19 ./Application/User/Core/stm32h5xx_hal_msp.o
 .debug_info    0x0000000000003ed4      0x130 ./Application/User/Core/stm32h5xx_it.o
 .debug_info    0x0000000000004004      0x168 ./Application/User/Core/sysmem.o
 .debug_info    0x000000000000416c       0x23 ./Application/User/Startup/startup_stm32h563zitx.o
 .debug_info    0x000000000000418f      0x5aa ./Bsp/src/DDR5_DIMM_Detect.o
 .debug_info    0x0000000000004739     0x10a8 ./Bsp/src/DDR5_I3C.o
 .debug_info    0x00000000000057e1      0xd1e ./Bsp/src/DDR5_LCD_DIMM.o
 .debug_info    0x00000000000064ff      0x3c1 ./Bsp/src/DDR5_SPD.o
 .debug_info    0x00000000000068c0      0x1a1 ./Bsp/src/DDR5_Time.o
 .debug_info    0x0000000000006a61     0x1016 ./Bsp/src/DDR5_UI_Menu.o
 .debug_info    0x0000000000007a77      0x2ed ./Bsp/src/DDR5_board.o
 .debug_info    0x0000000000007d64      0xf26 ./Bsp/src/nhd0420_i2c.o
 .debug_info    0x0000000000008c8a      0xd8e ./Drivers/CMSIS/system_stm32h5xx.o
 .debug_info    0x0000000000009a18     0x1361 ./Drivers/STM32H5xx_HAL_Driver/stm32h5xx_hal.o
 .debug_info    0x000000000000ad79     0x15f8 ./Drivers/STM32H5xx_HAL_Driver/stm32h5xx_hal_cortex.o
 .debug_info    0x000000000000c371      0x6b6 ./Drivers/STM32H5xx_HAL_Driver/stm32h5xx_hal_gpio.o
 .debug_info    0x000000000000ca27     0x22d6 ./Drivers/STM32H5xx_HAL_Driver/stm32h5xx_hal_i2c.o
 .debug_info    0x000000000000ecfd      0x901 ./Drivers/STM32H5xx_HAL_Driver/stm32h5xx_hal_i2c_ex.o
 .debug_info    0x000000000000f5fe     0x42a7 ./Drivers/STM32H5xx_HAL_Driver/stm32h5xx_hal_i3c.o
 .debug_info    0x00000000000138a5      0x4e9 ./Drivers/STM32H5xx_HAL_Driver/stm32h5xx_hal_icache.o
 .debug_info    0x0000000000013d8e     0x109f ./Drivers/STM32H5xx_HAL_Driver/stm32h5xx_hal_rcc.o
 .debug_info    0x0000000000014e2d     0x12d7 ./Drivers/STM32H5xx_HAL_Driver/stm32h5xx_hal_rcc_ex.o
 .debug_info    0x0000000000016104     0x4030 ./Drivers/STM32H5xx_HAL_Driver/stm32h5xx_hal_uart.o
 .debug_info    0x000000000001a134     0x10ed ./Drivers/STM32H5xx_HAL_Driver/stm32h5xx_hal_uart_ex.o

.debug_abbrev   0x0000000000000000     0x336a
 .debug_abbrev  0x0000000000000000      0x33b ./Application/User/Core/main.o
 .debug_abbrev  0x000000000000033b      0x25a ./Application/User/Core/stm32h5xx_hal_msp.o
 .debug_abbrev  0x0000000000000595       0x86 ./Application/User/Core/stm32h5xx_it.o
 .debug_abbrev  0x000000000000061b       0xbc ./Application/User/Core/sysmem.o
 .debug_abbrev  0x00000000000006d7       0x12 ./Application/User/Startup/startup_stm32h563zitx.o
 .debug_abbrev  0x00000000000006e9      0x1ea ./Bsp/src/DDR5_DIMM_Detect.o
 .debug_abbrev  0x00000000000008d3      0x279 ./Bsp/src/DDR5_I3C.o
 .debug_abbrev  0x0000000000000b4c      0x2b8 ./Bsp/src/DDR5_LCD_DIMM.o
 .debug_abbrev  0x0000000000000e04      0x16e ./Bsp/src/DDR5_SPD.o
 .debug_abbrev  0x0000000000000f72      0x118 ./Bsp/src/DDR5_Time.o
 .debug_abbrev  0x000000000000108a      0x310 ./Bsp/src/DDR5_UI_Menu.o
 .debug_abbrev  0x000000000000139a      0x170 ./Bsp/src/DDR5_board.o
 .debug_abbrev  0x000000000000150a      0x20a ./Bsp/src/nhd0420_i2c.o
 .debug_abbrev  0x0000000000001714      0x13a ./Drivers/CMSIS/system_stm32h5xx.o
 .debug_abbrev  0x000000000000184e      0x29c ./Drivers/STM32H5xx_HAL_Driver/stm32h5xx_hal.o
 .debug_abbrev  0x0000000000001aea      0x30d ./Drivers/STM32H5xx_HAL_Driver/stm32h5xx_hal_cortex.o
 .debug_abbrev  0x0000000000001df7      0x1db ./Drivers/STM32H5xx_HAL_Driver/stm32h5xx_hal_gpio.o
 .debug_abbrev  0x0000000000001fd2      0x270 ./Drivers/STM32H5xx_HAL_Driver/stm32h5xx_hal_i2c.o
 .debug_abbrev  0x0000000000002242      0x1a7 ./Drivers/STM32H5xx_HAL_Driver/stm32h5xx_hal_i2c_ex.o
 .debug_abbrev  0x00000000000023e9      0x287 ./Drivers/STM32H5xx_HAL_Driver/stm32h5xx_hal_i3c.o
 .debug_abbrev  0x0000000000002670      0x228 ./Drivers/STM32H5xx_HAL_Driver/stm32h5xx_hal_icache.o
 .debug_abbrev  0x0000000000002898      0x290 ./Drivers/STM32H5xx_HAL_Driver/stm32h5xx_hal_rcc.o
 .debug_abbrev  0x0000000000002b28      0x269 ./Drivers/STM32H5xx_HAL_Driver/stm32h5xx_hal_rcc_ex.o
 .debug_abbrev  0x0000000000002d91      0x305 ./Drivers/STM32H5xx_HAL_Driver/stm32h5xx_hal_uart.o
 .debug_abbrev  0x0000000000003096      0x2d4 ./Drivers/STM32H5xx_HAL_Driver/stm32h5xx_hal_uart_ex.o

.debug_aranges  0x0000000000000000     0x16e8
 .debug_aranges
                0x0000000000000000       0x60 ./Application/User/Core/main.o
 .debug_aranges
                0x0000000000000060       0x50 ./Application/User/Core/stm32h5xx_hal_msp.o
 .debug_aranges
                0x00000000000000b0       0x60 ./Application/User/Core/stm32h5xx_it.o
 .debug_aranges
                0x0000000000000110       0x20 ./Application/User/Core/sysmem.o
 .debug_aranges
                0x0000000000000130       0x28 ./Application/User/Startup/startup_stm32h563zitx.o
 .debug_aranges
                0x0000000000000158       0x40 ./Bsp/src/DDR5_DIMM_Detect.o
 .debug_aranges
                0x0000000000000198       0x80 ./Bsp/src/DDR5_I3C.o
 .debug_aranges
                0x0000000000000218       0x68 ./Bsp/src/DDR5_LCD_DIMM.o
 .debug_aranges
                0x0000000000000280       0x50 ./Bsp/src/DDR5_SPD.o
 .debug_aranges
                0x00000000000002d0       0x40 ./Bsp/src/DDR5_Time.o
 .debug_aranges
                0x0000000000000310       0xd0 ./Bsp/src/DDR5_UI_Menu.o
 .debug_aranges
                0x00000000000003e0       0x40 ./Bsp/src/DDR5_board.o
 .debug_aranges
                0x0000000000000420       0xe0 ./Bsp/src/nhd0420_i2c.o
 .debug_aranges
                0x0000000000000500       0x28 ./Drivers/CMSIS/system_stm32h5xx.o
 .debug_aranges
                0x0000000000000528      0x200 ./Drivers/STM32H5xx_HAL_Driver/stm32h5xx_hal.o
 .debug_aranges
                0x0000000000000728      0x130 ./Drivers/STM32H5xx_HAL_Driver/stm32h5xx_hal_cortex.o
 .debug_aranges
                0x0000000000000858       0x78 ./Drivers/STM32H5xx_HAL_Driver/stm32h5xx_hal_gpio.o
 .debug_aranges
                0x00000000000008d0      0x2a0 ./Drivers/STM32H5xx_HAL_Driver/stm32h5xx_hal_i2c.o
 .debug_aranges
                0x0000000000000b70       0x40 ./Drivers/STM32H5xx_HAL_Driver/stm32h5xx_hal_i2c_ex.o
 .debug_aranges
                0x0000000000000bb0      0x5f8 ./Drivers/STM32H5xx_HAL_Driver/stm32h5xx_hal_i3c.o
 .debug_aranges
                0x00000000000011a8       0xa8 ./Drivers/STM32H5xx_HAL_Driver/stm32h5xx_hal_icache.o
 .debug_aranges
                0x0000000000001250       0xa0 ./Drivers/STM32H5xx_HAL_Driver/stm32h5xx_hal_rcc.o
 .debug_aranges
                0x00000000000012f0      0x108 ./Drivers/STM32H5xx_HAL_Driver/stm32h5xx_hal_rcc_ex.o
 .debug_aranges
                0x00000000000013f8      0x248 ./Drivers/STM32H5xx_HAL_Driver/stm32h5xx_hal_uart.o
 .debug_aranges
                0x0000000000001640       0xa8 ./Drivers/STM32H5xx_HAL_Driver/stm32h5xx_hal_uart_ex.o

.debug_rnglists
                0x0000000000000000     0x11b2
 .debug_rnglists
                0x0000000000000000       0x49 ./Application/User/Core/main.o
 .debug_rnglists
                0x0000000000000049       0x3a ./Application/User/Core/stm32h5xx_hal_msp.o
 .debug_rnglists
                0x0000000000000083       0x43 ./Application/User/Core/stm32h5xx_it.o
 .debug_rnglists
                0x00000000000000c6       0x13 ./Application/User/Core/sysmem.o
 .debug_rnglists
                0x00000000000000d9       0x19 ./Application/User/Startup/startup_stm32h563zitx.o
 .debug_rnglists
                0x00000000000000f2       0x2e ./Bsp/src/DDR5_DIMM_Detect.o
 .debug_rnglists
                0x0000000000000120       0x5f ./Bsp/src/DDR5_I3C.o
 .debug_rnglists
                0x000000000000017f       0x4d ./Bsp/src/DDR5_LCD_DIMM.o
 .debug_rnglists
                0x00000000000001cc       0x39 ./Bsp/src/DDR5_SPD.o
 .debug_rnglists
                0x0000000000000205       0x2b ./Bsp/src/DDR5_Time.o
 .debug_rnglists
                0x0000000000000230       0xa0 ./Bsp/src/DDR5_UI_Menu.o
 .debug_rnglists
                0x00000000000002d0       0x2b ./Bsp/src/DDR5_board.o
 .debug_rnglists
                0x00000000000002fb       0xa3 ./Bsp/src/nhd0420_i2c.o
 .debug_rnglists
                0x000000000000039e       0x1b ./Drivers/CMSIS/system_stm32h5xx.o
 .debug_rnglists
                0x00000000000003b9      0x17c ./Drivers/STM32H5xx_HAL_Driver/stm32h5xx_hal.o
 .debug_rnglists
                0x0000000000000535       0xe0 ./Drivers/STM32H5xx_HAL_Driver/stm32h5xx_hal_cortex.o
 .debug_rnglists
                0x0000000000000615       0x57 ./Drivers/STM32H5xx_HAL_Driver/stm32h5xx_hal_gpio.o
 .debug_rnglists
                0x000000000000066c      0x228 ./Drivers/STM32H5xx_HAL_Driver/stm32h5xx_hal_i2c.o
 .debug_rnglists
                0x0000000000000894       0x30 ./Drivers/STM32H5xx_HAL_Driver/stm32h5xx_hal_i2c_ex.o
 .debug_rnglists
                0x00000000000008c4      0x4b2 ./Drivers/STM32H5xx_HAL_Driver/stm32h5xx_hal_i3c.o
 .debug_rnglists
                0x0000000000000d76       0x7a ./Drivers/STM32H5xx_HAL_Driver/stm32h5xx_hal_icache.o
 .debug_rnglists
                0x0000000000000df0       0x79 ./Drivers/STM32H5xx_HAL_Driver/stm32h5xx_hal_rcc.o
 .debug_rnglists
                0x0000000000000e69       0xcf ./Drivers/STM32H5xx_HAL_Driver/stm32h5xx_hal_rcc_ex.o
 .debug_rnglists
                0x0000000000000f38      0x1fb ./Drivers/STM32H5xx_HAL_Driver/stm32h5xx_hal_uart.o
 .debug_rnglists
                0x0000000000001133       0x7f ./Drivers/STM32H5xx_HAL_Driver/stm32h5xx_hal_uart_ex.o

.debug_macro    0x0000000000000000    0x33980
 .debug_macro   0x0000000000000000      0x2fd ./Application/User/Core/main.o
 .debug_macro   0x00000000000002fd      0xab4 ./Application/User/Core/main.o
 .debug_macro   0x0000000000000db1      0x1d6 ./Application/User/Core/main.o
 .debug_macro   0x0000000000000f87       0x22 ./Application/User/Core/main.o
 .debug_macro   0x0000000000000fa9       0x5b ./Application/User/Core/main.o
 .debug_macro   0x0000000000001004       0x2a ./Application/User/Core/main.o
 .debug_macro   0x000000000000102e       0x94 ./Application/User/Core/main.o
 .debug_macro   0x00000000000010c2       0x43 ./Application/User/Core/main.o
 .debug_macro   0x0000000000001105       0x34 ./Application/User/Core/main.o