Archive member included to satisfy reference by file (symbol)

C:/ST/STM32CubeIDE_1.13.0/STM32CubeIDE/plugins/com.st.stm32cube.ide.mcu.externaltools.gnu-tools-for-stm32.11.3.rel1.win32_1.1.100.202309141235/tools/bin/../lib/gcc/arm-none-eabi/11.3.1/../../../../arm-none-eabi/lib/thumb/v8-m.main+fp/hard\libc_nano.a(libc_a-exit.o)
                              C:/ST/STM32CubeIDE_1.13.0/STM32CubeIDE/plugins/com.st.stm32cube.ide.mcu.externaltools.gnu-tools-for-stm32.11.3.rel1.win32_1.1.100.202309141235/tools/bin/../lib/gcc/arm-none-eabi/11.3.1/../../../../arm-none-eabi/lib/thumb/v8-m.main+fp/hard/crt0.o (exit)
C:/ST/STM32CubeIDE_1.13.0/STM32CubeIDE/plugins/com.st.stm32cube.ide.mcu.externaltools.gnu-tools-for-stm32.11.3.rel1.win32_1.1.100.202309141235/tools/bin/../lib/gcc/arm-none-eabi/11.3.1/../../../../arm-none-eabi/lib/thumb/v8-m.main+fp/hard\libc_nano.a(libc_a-findfp.o)
                              C:/ST/STM32CubeIDE_1.13.0/STM32CubeIDE/plugins/com.st.stm32cube.ide.mcu.externaltools.gnu-tools-for-stm32.11.3.rel1.win32_1.1.100.202309141235/tools/bin/../lib/gcc/arm-none-eabi/11.3.1/../../../../arm-none-eabi/lib/thumb/v8-m.main+fp/hard\libc_nano.a(libc_a-exit.o) (__stdio_exit_handler)
C:/ST/STM32CubeIDE_1.13.0/STM32CubeIDE/plugins/com.st.stm32cube.ide.mcu.externaltools.gnu-tools-for-stm32.11.3.rel1.win32_1.1.100.202309141235/tools/bin/../lib/gcc/arm-none-eabi/11.3.1/../../../../arm-none-eabi/lib/thumb/v8-m.main+fp/hard\libc_nano.a(libc_a-fwalk.o)
                              C:/ST/STM32CubeIDE_1.13.0/STM32CubeIDE/plugins/com.st.stm32cube.ide.mcu.externaltools.gnu-tools-for-stm32.11.3.rel1.win32_1.1.100.202309141235/tools/bin/../lib/gcc/arm-none-eabi/11.3.1/../../../../arm-none-eabi/lib/thumb/v8-m.main+fp/hard\libc_nano.a(libc_a-findfp.o) (_fwalk_sglue)
C:/ST/STM32CubeIDE_1.13.0/STM32CubeIDE/plugins/com.st.stm32cube.ide.mcu.externaltools.gnu-tools-for-stm32.11.3.rel1.win32_1.1.100.202309141235/tools/bin/../lib/gcc/arm-none-eabi/11.3.1/../../../../arm-none-eabi/lib/thumb/v8-m.main+fp/hard\libc_nano.a(libc_a-snprintf.o)
                              ./Bsp/src/DDR5_DIMM_Detect.o (snprintf)
C:/ST/STM32CubeIDE_1.13.0/STM32CubeIDE/plugins/com.st.stm32cube.ide.mcu.externaltools.gnu-tools-for-stm32.11.3.rel1.win32_1.1.100.202309141235/tools/bin/../lib/gcc/arm-none-eabi/11.3.1/../../../../arm-none-eabi/lib/thumb/v8-m.main+fp/hard\libc_nano.a(libc_a-stdio.o)
                              C:/ST/STM32CubeIDE_1.13.0/STM32CubeIDE/plugins/com.st.stm32cube.ide.mcu.externaltools.gnu-tools-for-stm32.11.3.rel1.win32_1.1.100.202309141235/tools/bin/../lib/gcc/arm-none-eabi/11.3.1/../../../../arm-none-eabi/lib/thumb/v8-m.main+fp/hard\libc_nano.a(libc_a-findfp.o) (__sread)
C:/ST/STM32CubeIDE_1.13.0/STM32CubeIDE/plugins/com.st.stm32cube.ide.mcu.externaltools.gnu-tools-for-stm32.11.3.rel1.win32_1.1.100.202309141235/tools/bin/../lib/gcc/arm-none-eabi/11.3.1/../../../../arm-none-eabi/lib/thumb/v8-m.main+fp/hard\libc_nano.a(libc_a-memset.o)
                              C:/ST/STM32CubeIDE_1.13.0/STM32CubeIDE/plugins/com.st.stm32cube.ide.mcu.externaltools.gnu-tools-for-stm32.11.3.rel1.win32_1.1.100.202309141235/tools/bin/../lib/gcc/arm-none-eabi/11.3.1/../../../../arm-none-eabi/lib/thumb/v8-m.main+fp/hard/crt0.o (memset)
C:/ST/STM32CubeIDE_1.13.0/STM32CubeIDE/plugins/com.st.stm32cube.ide.mcu.externaltools.gnu-tools-for-stm32.11.3.rel1.win32_1.1.100.202309141235/tools/bin/../lib/gcc/arm-none-eabi/11.3.1/../../../../arm-none-eabi/lib/thumb/v8-m.main+fp/hard\libc_nano.a(libc_a-closer.o)
                              C:/ST/STM32CubeIDE_1.13.0/STM32CubeIDE/plugins/com.st.stm32cube.ide.mcu.externaltools.gnu-tools-for-stm32.11.3.rel1.win32_1.1.100.202309141235/tools/bin/../lib/gcc/arm-none-eabi/11.3.1/../../../../arm-none-eabi/lib/thumb/v8-m.main+fp/hard\libc_nano.a(libc_a-stdio.o) (_close_r)
C:/ST/STM32CubeIDE_1.13.0/STM32CubeIDE/plugins/com.st.stm32cube.ide.mcu.externaltools.gnu-tools-for-stm32.11.3.rel1.win32_1.1.100.202309141235/tools/bin/../lib/gcc/arm-none-eabi/11.3.1/../../../../arm-none-eabi/lib/thumb/v8-m.main+fp/hard\libc_nano.a(libc_a-reent.o)
                              C:/ST/STM32CubeIDE_1.13.0/STM32CubeIDE/plugins/com.st.stm32cube.ide.mcu.externaltools.gnu-tools-for-stm32.11.3.rel1.win32_1.1.100.202309141235/tools/bin/../lib/gcc/arm-none-eabi/11.3.1/../../../../arm-none-eabi/lib/thumb/v8-m.main+fp/hard\libc_nano.a(libc_a-closer.o) (errno)
C:/ST/STM32CubeIDE_1.13.0/STM32CubeIDE/plugins/com.st.stm32cube.ide.mcu.externaltools.gnu-tools-for-stm32.11.3.rel1.win32_1.1.100.202309141235/tools/bin/../lib/gcc/arm-none-eabi/11.3.1/../../../../arm-none-eabi/lib/thumb/v8-m.main+fp/hard\libc_nano.a(libc_a-impure.o)
                              C:/ST/STM32CubeIDE_1.13.0/STM32CubeIDE/plugins/com.st.stm32cube.ide.mcu.externaltools.gnu-tools-for-stm32.11.3.rel1.win32_1.1.100.202309141235/tools/bin/../lib/gcc/arm-none-eabi/11.3.1/../../../../arm-none-eabi/lib/thumb/v8-m.main+fp/hard\libc_nano.a(libc_a-snprintf.o) (_impure_ptr)
[...]
Memory Configuration

Name             Origin             Length             Attributes
RAM              0x0000000020000000 0x00000000000a0000 xrw
FLASH            0x0000000008000000 0x0000000000200000 xr
*default*        0x0000000000000000 0xffffffffffffffff

Linker script and memory map

LOAD C:/ST/STM32CubeIDE_1.13.0/STM32CubeIDE/plugins/com.st.stm32cube.ide.mcu.externaltools.gnu-tools-for-stm32.11.3.rel1.win32_1.1.100.202309141235/tools/bin/../lib/gcc/arm-none-eabi/11.3.1/thumb/v8-m.main+fp/hard/crti.o
LOAD C:/ST/STM32CubeIDE_1.13.0/STM32CubeIDE/plugins/com.st.stm32cube.ide.mcu.externaltools.gnu-tools-for-stm32.11.3.rel1.win32_1.1.100.202309141235/tools/bin/../lib/gcc/arm-none-eabi/11.3.1/thumb/v8-m.main+fp/hard/crtbegin.o
LOAD C:/ST/STM32CubeIDE_1.13.0/STM32CubeIDE/plugins/com.st.stm32cube.ide.mcu.externaltools.gnu-tools-for-stm32.11.3.rel1.win32_1.1.100.202309141235/tools/bin/../lib/gcc/arm-none-eabi/11.3.1/../../../../arm-none-eabi/lib/thumb/v8-m.main+fp/hard/crt0.o
LOAD ./Application/User/Core/main.o
LOAD ./Application/User/Core/stm32h5xx_hal_msp.o
LOAD ./Application/User/Core/stm32h5xx_it.o
LOAD ./Application/User/Core/syscalls.o
LOAD ./Application/User/Core/sysmem.o
LOAD ./Application/User/Startup/startup_stm32h563zitx.o
LOAD ./Bsp/src/DDR5_DIMM_Detect.o
LOAD ./Bsp/src/DDR5_I3C.o
LOAD ./Bsp/src/DDR5_LCD_DIMM.o
LOAD ./Bsp/src/DDR5_SPD.o
LOAD ./Bsp/src/DDR5_Time.o
LOAD ./Bsp/src/DDR5_board.o
LOAD ./Bsp/src/nhd0420_i2c.o
LOAD ./Drivers/CMSIS/system_stm32h5xx.o
LOAD ./Drivers/STM32H5xx_HAL_Driver/stm32h5xx_hal.o
LOAD ./Drivers/STM32H5xx_HAL_Driver/stm32h5xx_hal_cortex.o
LOAD ./Drivers/STM32H5xx_HAL_Driver/stm32h5xx_hal_dma.o
LOAD ./Drivers/STM32H5xx_HAL_Driver/stm32h5xx_hal_dma_ex.o
LOAD ./Drivers/STM32H5xx_HAL_Driver/stm32h5xx_hal_exti.o
LOAD ./Drivers/STM32H5xx_HAL_Driver/stm32h5xx_hal_flash.o
LOAD ./Drivers/STM32H5xx_HAL_Driver/stm32h5xx_hal_flash_ex.o
LOAD ./Drivers/STM32H5xx_HAL_Driver/stm32h5xx_hal_gpio.o
LOAD ./Drivers/STM32H5xx_HAL_Driver/stm32h5xx_hal_i2c.o
LOAD ./Drivers/STM32H5xx_HAL_Driver/stm32h5xx_hal_i2c_ex.o
LOAD ./Drivers/STM32H5xx_HAL_Driver/stm32h5xx_hal_i3c.o
LOAD ./Drivers/STM32H5xx_HAL_Driver/stm32h5xx_hal_icache.o
LOAD ./Drivers/STM32H5xx_HAL_Driver/stm32h5xx_hal_pwr.o
LOAD ./Drivers/STM32H5xx_HAL_Driver/stm32h5xx_hal_pwr_ex.o
LOAD ./Drivers/STM32H5xx_HAL_Driver/stm32h5xx_hal_rcc.o
LOAD ./Drivers/STM32H5xx_HAL_Driver/stm32h5xx_hal_rcc_ex.o
LOAD ./Drivers/STM32H5xx_HAL_Driver/stm32h5xx_hal_uart.o
LOAD ./Drivers/STM32H5xx_HAL_Driver/stm32h5xx_hal_uart_ex.o
START GROUP
LOAD C:/ST/STM32CubeIDE_1.13.0/STM32CubeIDE/plugins/com.st.stm32cube.ide.mcu.externaltools.gnu-tools-for-stm32.11.3.rel1.win32_1.1.100.202309141235/tools/bin/../lib/gcc/arm-none-eabi/11.3.1/../../../../arm-none-eabi/lib/thumb/v8-m.main+fp/hard\libc_nano.a
LOAD C:/ST/STM32CubeIDE_1.13.0/STM32CubeIDE/plugins/com.st.stm32cube.ide.mcu.externaltools.gnu-tools-for-stm32.11.3.rel1.win32_1.1.100.202309141235/tools/bin/../lib/gcc/arm-none-eabi/11.3.1/../../../../arm-none-eabi/lib/thumb/v8-m.main+fp/hard\libm.a
END GROUP
START GROUP
LOAD C:/ST/STM32CubeIDE_1.13.0/STM32CubeIDE/plugins/com.st.stm32cube.ide.mcu.externaltools.gnu-tools-for-stm32.11.3.rel1.win32_1.1.100.202309141235/tools/bin/../lib/gcc/arm-none-eabi/11.3.1/thumb/v8-m.main+fp/hard\libgcc.a
LOAD C:/ST/STM32CubeIDE_1.13.0/STM32CubeIDE/plugins/com.st.stm32cube.ide.mcu.externaltools.gnu-tools-for-stm32.11.3.rel1.win32_1.1.100.202309141235/tools/bin/../lib/gcc/arm-none-eabi/11.3.1/../../../../arm-none-eabi/lib/thumb/v8-m.main+fp/hard\libc_nano.a
END GROUP
START GROUP
LOAD C:/ST/STM32CubeIDE_1.13.0/STM32CubeIDE/plugins/com.st.stm32cube.ide.mcu.externaltools.gnu-tools-for-stm32.11.3.rel1.win32_1.1.100.202309141235/tools/bin/../lib/gcc/arm-none-eabi/11.3.1/thumb/v8-m.main+fp/hard\libgcc.a
LOAD C:/ST/STM32CubeIDE_1.13.0/STM32CubeIDE/plugins/com.st.stm32cube.ide.mcu.externaltools.gnu-tools-for-stm32.11.3.rel1.win32_1.1.100.202309141235/tools/bin/../lib/gcc/arm-none-eabi/11.3.1/../../../../arm-none-eabi/lib/thumb/v8-m.main+fp/hard\libc_nano.a
LOAD C:/ST/STM32CubeIDE_1.13.0/STM32CubeIDE/plugins/com.st.stm32cube.ide.mcu.externaltools.gnu-tools-for-stm32.11.3.rel1.win32_1.1.100.202309141235/tools/bin/../lib/gcc/arm-none-eabi/11.3.1/../../../../arm-none-eabi/lib/thumb/v8-m.main+fp/hard\libnosys.a
END GROUP
START GROUP
LOAD C:/ST/STM32CubeIDE_1.13.0/STM32CubeIDE/plugins/com.st.stm32cube.ide.mcu.externaltools.gnu-tools-for-stm32.11.3.rel1.win32_1.1.100.202309141235/tools/bin/../lib/gcc/arm-none-eabi/11.3.1/thumb/v8-m.main+fp/hard\libgcc.a
LOAD C:/ST/STM32CubeIDE_1.13.0/STM32CubeIDE/plugins/com.st.stm32cube.ide.mcu.externaltools.gnu-tools-for-stm32.11.3.rel1.win32_1.1.100.202309141235/tools/bin/../lib/gcc/arm-none-eabi/11.3.1/../../../../arm-none-eabi/lib/thumb/v8-m.main+fp/hard\libc_nano.a
LOAD C:/ST/STM32CubeIDE_1.13.0/STM32CubeIDE/plugins/com.st.stm32cube.ide.mcu.externaltools.gnu-tools-for-stm32.11.3.rel1.win32_1.1.100.202309141235/tools/bin/../lib/gcc/arm-none-eabi/11.3.1/../../../../arm-none-eabi/lib/thumb/v8-m.main+fp/hard\libnosys.a
END GROUP
LOAD C:/ST/STM32CubeIDE_1.13.0/STM32CubeIDE/plugins/com.st.stm32cube.ide.mcu.externaltools.gnu-tools-for-stm32.11.3.rel1.win32_1.1.100.202309141235/tools/bin/../lib/gcc/arm-none-eabi/11.3.1/thumb/v8-m.main+fp/hard/crtend.o
LOAD C:/ST/STM32CubeIDE_1.13.0/STM32CubeIDE/plugins/com.st.stm32cube.ide.mcu.externaltools.gnu-tools-for-stm32.11.3.rel1.win32_1.1.100.202309141235/tools/bin/../lib/gcc/arm-none-eabi/11.3.1/thumb/v8-m.main+fp/hard/crtn.o
                0x00000000200a0000                _estack = (ORIGIN (RAM) + LENGTH (RAM))
                0x0000000000000200                _Min_Heap_Size = 0x200
                0x0000000000000400                _Min_Stack_Size = 0x400

.isr_vector     0x0000000008000000      0x24c
                0x0000000008000000                . = ALIGN (0x4)
 *(.isr_vector)
 .isr_vector    0x0000000008000000      0x24c ./Application/User/Startup/startup_stm32h563zitx.o
                0x0000000008000000                g_pfnVectors
                0x000000000800024c                . = ALIGN (0x4)

.text           0x000000000800024c     0xa464
                0x000000000800024c                . = ALIGN (0x4)
 *(.text)
 .text          0x000000000800024c       0x40 C:/ST/STM32CubeIDE_1.13.0/STM32CubeIDE/plugins/com.st.stm32cube.ide.mcu.externaltools.gnu-tools-for-stm32.11.3.rel1.win32_1.1.100.202309141235/tools/bin/../lib/gcc/arm-none-eabi/11.3.1/thumb/v8-m.main+fp/hard/crtbegin.o
 .text          0x000000000800028c       0x30 C:/ST/STM32CubeIDE_1.13.0/STM32CubeIDE/plugins/com.st.stm32cube.ide.mcu.externaltools.gnu-tools-for-stm32.11.3.rel1.win32_1.1.100.202309141235/tools/bin/../lib/gcc/arm-none-eabi/11.3.1/thumb/v8-m.main+fp/hard\libgcc.a(_aeabi_uldivmod.o)
                0x000000000800028c                __aeabi_uldivmod
 .text          0x00000000080002bc      0x2ec C:/ST/STM32CubeIDE_1.13.0/STM32CubeIDE/plugins/com.st.stm32cube.ide.mcu.externaltools.gnu-tools-for-stm32.11.3.rel1.win32_1.1.100.202309141235/tools/bin/../lib/gcc/arm-none-eabi/11.3.1/thumb/v8-m.main+fp/hard\libgcc.a(_udivmoddi4.o)
                0x00000000080002bc                __udivmoddi4
 .text          0x00000000080005a8        0x4 C:/ST/STM32CubeIDE_1.13.0/STM32CubeIDE/plugins/com.st.stm32cube.ide.mcu.externaltools.gnu-tools-for-stm32.11.3.rel1.win32_1.1.100.202309141235/tools/bin/../lib/gcc/arm-none-eabi/11.3.1/thumb/v8-m.main+fp/hard\libgcc.a(_dvmd_tls.o)
                0x00000000080005a8                __aeabi_idiv0
                0x00000000080005a8                __aeabi_ldiv0
 *(.text*)
 .text.main     0x00000000080005ac      0x130 ./Application/User/Core/main.o
                0x00000000080005ac                main
 .text.SystemClock_Config
                0x00000000080006dc       0xd8 ./Application/User/Core/main.o
                0x00000000080006dc                SystemClock_Config
 .text.MX_I2C1_Init
                0x00000000080007b4       0x80 ./Application/User/Core/main.o
 .text.MX_I3C1_Init
                0x0000000008000834       0xe4 ./Application/User/Core/main.o
 .text.MX_ICACHE_Init
                0x0000000008000918       0x16 ./Application/User/Core/main.o
 .text.MX_MEMORYMAP_Init
                0x000000000800092e        0xe ./Application/User/Core/main.o
 .text.MX_USART3_UART_Init
                0x000000000800093c       0xa4 ./Application/User/Core/main.o
 .text.MX_GPIO_Init
                0x00000000080009e0      0x2ac ./Application/User/Core/main.o
 .text.Error_Handler
                0x0000000008000c8c        0xa ./Application/User/Core/main.o
                0x0000000008000c8c                Error_Handler
 .text.HAL_MspInit
                0x0000000008000c96        0xe ./Application/User/Core/stm32h5xx_hal_msp.o
                0x0000000008000c96                HAL_MspInit
 .text.HAL_I2C_MspInit
                0x0000000008000ca4      0x11c ./Application/User/Core/stm32h5xx_hal_msp.o
                0x0000000008000ca4                HAL_I2C_MspInit
 .text.HAL_I3C_MspInit
                0x0000000008000dc0      0x19c ./Application/User/Core/stm32h5xx_hal_msp.o
                0x0000000008000dc0                HAL_I3C_MspInit
 .text.HAL_UART_MspInit
                0x0000000008000f5c      0x11c ./Application/User/Core/stm32h5xx_hal_msp.o
                0x0000000008000f5c                HAL_UART_MspInit
 .text.NMI_Handler
                0x0000000008001078        0x6 ./Application/User/Core/stm32h5xx_it.o
                0x0000000008001078                NMI_Handler
 .text.HardFault_Handler
                0x000000000800107e        0x6 ./Application/User/Core/stm32h5xx_it.o
                0x000000000800107e                HardFault_Handler
 .text.MemManage_Handler
                0x0000000008001084        0x6 ./Application/User/Core/stm32h5xx_it.o
                0x0000000008001084                MemManage_Handler
 .text.BusFault_Handler
                0x000000000800108a        0x6 ./Application/User/Core/stm32h5xx_it.o
                0x000000000800108a                BusFault_Handler
 .text.UsageFault_Handler
                0x0000000008001090        0x6 ./Application/User/Core/stm32h5xx_it.o
                0x0000000008001090                UsageFault_Handler
 .text.SVC_Handler
                0x0000000008001096        0xe ./Application/User/Core/stm32h5xx_it.o
                0x0000000008001096                SVC_Handler
 .text.DebugMon_Handler
                0x00000000080010a4        0xe ./Application/User/Core/stm32h5xx_it.o
                0x00000000080010a4                DebugMon_Handler
 .text.PendSV_Handler
                0x00000000080010b2        0xe ./Application/User/Core/stm32h5xx_it.o
                0x00000000080010b2                PendSV_Handler
 .text.SysTick_Handler
                0x00000000080010c0       0x10 ./Application/User/Core/stm32h5xx_it.o
                0x00000000080010c0                SysTick_Handler
 .text._sbrk    0x00000000080010d0       0x6c ./Application/User/Core/sysmem.o
                0x00000000080010d0                _sbrk
 .text.Reset_Handler
                0x000000000800113c       0x50 ./Application/User/Startup/startup_stm32h563zitx.o
                0x000000000800113c                Reset_Handler
 .text.Default_Handler
                0x000000000800118c        0x2 ./Application/User/Startup/startup_stm32h563zitx.o
                0x000000000800118c                EXTI2_IRQHandler
                0x000000000800118c                TIM8_TRG_COM_IRQHandler
                0x000000000800118c                TIM8_CC_IRQHandler
                0x000000000800118c                EXTI5_IRQHandler
                0x000000000800118c                I3C1_ER_IRQHandler
                0x000000000800118c                UART8_IRQHandler
                0x000000000800118c                SPI4_IRQHandler
                0x000000000800118c                GPDMA2_Channel1_IRQHandler
                0x000000000800118c                FLASH_S_IRQHandler
                0x000000000800118c                EXTI13_IRQHandler
                0x000000000800118c                TIM1_CC_IRQHandler
                0x000000000800118c                GPDMA2_Channel3_IRQHandler
                0x000000000800118c                TAMP_IRQHandler
                0x000000000800118c                TIM6_IRQHandler
                0x000000000800118c                EXTI12_IRQHandler
                0x000000000800118c                CORDIC_IRQHandler
                0x000000000800118c                USB_DRD_FS_IRQHandler
                0x000000000800118c                EXTI3_IRQHandler
                0x000000000800118c                LPTIM4_IRQHandler
                0x000000000800118c                GPDMA1_Channel5_IRQHandler
                0x000000000800118c                EXTI8_IRQHandler
                0x000000000800118c                GPDMA2_Channel5_IRQHandler
                0x000000000800118c                LPTIM2_IRQHandler
                0x000000000800118c                I2C3_ER_IRQHandler
                0x000000000800118c                GPDMA2_Channel2_IRQHandler
                0x000000000800118c                USART10_IRQHandler
                0x000000000800118c                LPTIM3_IRQHandler
                0x000000000800118c                EXTI0_IRQHandler
                0x000000000800118c                I2C2_EV_IRQHandler
                0x000000000800118c                FPU_IRQHandler
                0x000000000800118c                GPDMA1_Channel3_IRQHandler
                0x000000000800118c                GPDMA1_Channel7_IRQHandler
                0x000000000800118c                FDCAN1_IT1_IRQHandler
                0x000000000800118c                RAMCFG_IRQHandler
                0x000000000800118c                DCACHE1_IRQHandler
                0x000000000800118c                SPI1_IRQHandler
                0x000000000800118c                OCTOSPI1_IRQHandler
                0x000000000800118c                GPDMA1_Channel2_IRQHandler
                0x000000000800118c                TIM8_UP_IRQHandler
                0x000000000800118c                RCC_S_IRQHandler
                0x000000000800118c                SAI2_IRQHandler
                0x000000000800118c                ADC1_IRQHandler
                0x000000000800118c                USART6_IRQHandler
                0x000000000800118c                EXTI15_IRQHandler
                0x000000000800118c                TIM17_IRQHandler
                0x000000000800118c                USART3_IRQHandler
                0x000000000800118c                RTC_IRQHandler
                0x000000000800118c                EXTI9_IRQHandler
                0x000000000800118c                LPTIM5_IRQHandler
                0x000000000800118c                UART5_IRQHandler
                0x000000000800118c                TIM4_IRQHandler
                0x000000000800118c                I2C1_EV_IRQHandler
                0x000000000800118c                GPDMA1_Channel1_IRQHandler
                0x000000000800118c                TIM16_IRQHandler
                0x000000000800118c                UART4_IRQHandler
                0x000000000800118c                SecureFault_Handler
                0x000000000800118c                TIM3_IRQHandler
                0x000000000800118c                RCC_IRQHandler
                0x000000000800118c                UART9_IRQHandler
                0x000000000800118c                TIM1_TRG_COM_IRQHandler
                0x000000000800118c                Default_Handler
                0x000000000800118c                FMAC_IRQHandler
                0x000000000800118c                CEC_IRQHandler
                0x000000000800118c                USART11_IRQHandler
                0x000000000800118c                TIM14_IRQHandler
                0x000000000800118c                TIM13_IRQHandler
                0x000000000800118c                GPDMA2_Channel4_IRQHandler
                0x000000000800118c                SPI5_IRQHandler
                0x000000000800118c                TIM12_IRQHandler
                0x000000000800118c                TIM7_IRQHandler
                0x000000000800118c                SDMMC1_IRQHandler
                0x000000000800118c                TIM5_IRQHandler
                0x000000000800118c                UCPD1_IRQHandler
                0x000000000800118c                GPDMA1_Channel0_IRQHandler
                0x000000000800118c                I3C1_EV_IRQHandler
                0x000000000800118c                TIM15_IRQHandler
                0x000000000800118c                PVD_AVD_IRQHandler
                0x000000000800118c                I2C3_EV_IRQHandler
                0x000000000800118c                ETH_WKUP_IRQHandler
                0x000000000800118c                ADC2_IRQHandler
                0x000000000800118c                SPI2_IRQHandler
                0x000000000800118c                EXTI14_IRQHandler
                0x000000000800118c                EXTI11_IRQHandler
                0x000000000800118c                CRS_IRQHandler
                0x000000000800118c                EXTI4_IRQHandler
                0x000000000800118c                GPDMA2_Channel0_IRQHandler
                0x000000000800118c                RTC_S_IRQHandler
                0x000000000800118c                RNG_IRQHandler
                0x000000000800118c                FDCAN2_IT1_IRQHandler
                0x000000000800118c                ETH_IRQHandler
                0x000000000800118c                GPDMA2_Channel6_IRQHandler
                0x000000000800118c                TIM1_UP_IRQHandler
                0x000000000800118c                UART12_IRQHandler
                0x000000000800118c                WWDG_IRQHandler
                0x000000000800118c                SPI6_IRQHandler
                0x000000000800118c                I2C4_EV_IRQHandler
                0x000000000800118c                FDCAN2_IT0_IRQHandler
                0x000000000800118c                IWDG_IRQHandler
                0x000000000800118c                LPUART1_IRQHandler
                0x000000000800118c                FDCAN1_IT0_IRQHandler
                0x000000000800118c                TIM2_IRQHandler
                0x000000000800118c                GPDMA1_Channel4_IRQHandler
                0x000000000800118c                EXTI7_IRQHandler
                0x000000000800118c                TIM1_BRK_IRQHandler
                0x000000000800118c                EXTI1_IRQHandler
                0x000000000800118c                SDMMC2_IRQHandler
                0x000000000800118c                LPTIM6_IRQHandler
                0x000000000800118c                DAC1_IRQHandler
                0x000000000800118c                DTS_IRQHandler
                0x000000000800118c                UART7_IRQHandler
                0x000000000800118c                GTZC_IRQHandler
                0x000000000800118c                USART2_IRQHandler
                0x000000000800118c                GPDMA1_Channel6_IRQHandler
                0x000000000800118c                GPDMA2_Channel7_IRQHandler
                0x000000000800118c                I2C2_ER_IRQHandler
                0x000000000800118c                TIM8_BRK_IRQHandler
                0x000000000800118c                FLASH_IRQHandler
                0x000000000800118c                USART1_IRQHandler
                0x000000000800118c                EXTI10_IRQHandler
                0x000000000800118c                SPI3_IRQHandler
                0x000000000800118c                I2C1_ER_IRQHandler
                0x000000000800118c                FMC_IRQHandler
                0x000000000800118c                EXTI6_IRQHandler
                0x000000000800118c                LPTIM1_IRQHandler
                0x000000000800118c                DCMI_PSSI_IRQHandler
                0x000000000800118c                I2C4_ER_IRQHandler
                0x000000000800118c                ICACHE_IRQHandler
                0x000000000800118c                SAI1_IRQHandler
                0x000000000800118c                HASH_IRQHandler
 .text.DDR5_PingAddr
                0x000000000800118e       0x30 ./Bsp/src/DDR5_DIMM_Detect.o
 .text.DDR5_Read_Regs_0_127
                0x00000000080011be       0x58 ./Bsp/src/DDR5_DIMM_Detect.o
 .text.DDR5_FindPMIC
                0x0000000008001216       0x80 ./Bsp/src/DDR5_DIMM_Detect.o
 .text.DDR5_DIMM_Table_Init
                0x0000000008001296       0xb0 ./Bsp/src/DDR5_DIMM_Detect.o
                0x0000000008001296                DDR5_DIMM_Table_Init
 *fill*         0x0000000008001346        0x2 
 .text.DDR5_DIMM_CheckAll
                0x0000000008001348      0x27c ./Bsp/src/DDR5_DIMM_Detect.o
                0x0000000008001348                DDR5_DIMM_CheckAll
 .text.LL_I3C_RequestTransfer
                0x00000000080015c4       0x20 ./Bsp/src/DDR5_I3C.o
 .text.LL_I3C_ClearFlag_FC
                0x00000000080015e4       0x1c ./Bsp/src/DDR5_I3C.o
 .text.I3C_LL_I2C_PrivateReadReg
                0x0000000008001600      0x138 ./Bsp/src/DDR5_I3C.o
                0x0000000008001600                I3C_LL_I2C_PrivateReadReg
 .text.DDR5_ButtonPressed
                0x0000000008001738       0x2a ./Bsp/src/DDR5_LCD_DIMM.o
 *fill*         0x0000000008001762        0x2 
 .text.DDR5_LEFTButtonPressed
                0x0000000008001764       0x18 ./Bsp/src/DDR5_LCD_DIMM.o
 .text.DDR5_RIGHTButtonPressed
                0x000000000800177c       0x18 ./Bsp/src/DDR5_LCD_DIMM.o
 .text.DDR5_ACK_String
                0x0000000008001794       0x2c ./Bsp/src/DDR5_LCD_DIMM.o
 .text.DDR5_LCD_WriteLine20
                0x00000000080017c0       0x92 ./Bsp/src/DDR5_LCD_DIMM.o
 *fill*         0x0000000008001852        0x2 
 .text.DDR5_LCD_DIMM_Init
                0x0000000008001854       0xac ./Bsp/src/DDR5_LCD_DIMM.o
                0x0000000008001854                DDR5_LCD_DIMM_Init
 .text.DDR5_LCD_DIMM_ShowPage
                0x0000000008001900      0x14c ./Bsp/src/DDR5_LCD_DIMM.o
                0x0000000008001900                DDR5_LCD_DIMM_ShowPage
 .text.DDR5_LCD_DIMM_FSM_Update
                0x0000000008001a4c       0xc0 ./Bsp/src/DDR5_LCD_DIMM.o
                0x0000000008001a4c                DDR5_LCD_DIMM_FSM_Update
 .text.SPD_ReadReg
                0x0000000008001b0c       0x30 ./Bsp/src/DDR5_SPD.o
                0x0000000008001b0c                SPD_ReadReg
 .text.DDR5_Time_IncTick
                0x0000000008001b3c       0x1c ./Bsp/src/DDR5_Time.o
                0x0000000008001b3c                DDR5_Time_IncTick
 .text.DDR5_GetTick
                0x0000000008001b58       0x18 ./Bsp/src/DDR5_Time.o
                0x0000000008001b58                DDR5_GetTick
 .text.DDR5_Delay_ms
                0x0000000008001b70       0x2a ./Bsp/src/DDR5_Time.o
                0x0000000008001b70                DDR5_Delay_ms
 .text.LL_USART_IsActiveFlag_TXE_TXFNF
                0x0000000008001b9a       0x26 ./Bsp/src/DDR5_board.o
 .text.LL_USART_TransmitData8
                0x0000000008001bc0       0x1e ./Bsp/src/DDR5_board.o
 .text.DDR5_UART_WaitFlagSet
                0x0000000008001bde       0x36 ./Bsp/src/DDR5_board.o
 .text.DDR5_UART_WriteByte
                0x0000000008001c14       0x48 ./Bsp/src/DDR5_board.o
                0x0000000008001c14                DDR5_UART_WriteByte
 .text.DDR5_UART_WriteString
                0x0000000008001c5c       0x50 ./Bsp/src/DDR5_board.o
                0x0000000008001c5c                DDR5_UART_WriteString
 .text.nhd0420_i2c_write_raw
                0x0000000008001cac       0x5a ./Bsp/src/nhd0420_i2c.o
                0x0000000008001cac                nhd0420_i2c_write_raw
 .text.nhd0420_send_cmd0
                0x0000000008001d06       0x30 ./Bsp/src/nhd0420_i2c.o
 .text.nhd0420_send_cmd1
                0x0000000008001d36       0x38 ./Bsp/src/nhd0420_i2c.o
 *fill*         0x0000000008001d6e        0x2 
 .text.nhd0420_rowcol_to_pos
                0x0000000008001d70       0x2c ./Bsp/src/nhd0420_i2c.o
 .text.nhd0420_init
                0x0000000008001d9c       0x52 ./Bsp/src/nhd0420_i2c.o
                0x0000000008001d9c                nhd0420_init
 .text.nhd0420_display_on
                0x0000000008001dee       0x1a ./Bsp/src/nhd0420_i2c.o
                0x0000000008001dee                nhd0420_display_on
 .text.nhd0420_clear
                0x0000000008001e08       0x32 ./Bsp/src/nhd0420_i2c.o
                0x0000000008001e08                nhd0420_clear
 .text.nhd0420_set_cursor_pos
                0x0000000008001e3a       0x22 ./Bsp/src/nhd0420_i2c.o
                0x0000000008001e3a                nhd0420_set_cursor_pos
 .text.nhd0420_set_cursor_rc
                0x0000000008001e5c       0x5a ./Bsp/src/nhd0420_i2c.o
                0x0000000008001e5c                nhd0420_set_cursor_rc
 .text.nhd0420_write_char
                0x0000000008001eb6       0x4a ./Bsp/src/nhd0420_i2c.o
                0x0000000008001eb6                nhd0420_write_char
 .text.nhd0420_write_line
                0x0000000008001f00       0x7e ./Bsp/src/nhd0420_i2c.o
                0x0000000008001f00                nhd0420_write_line
 .text.nhd0420_write_line_20
                0x0000000008001f7e       0x36 ./Bsp/src/nhd0420_i2c.o
                0x0000000008001f7e                nhd0420_write_line_20
 .text.SystemInit
                0x0000000008001fb4       0xf8 ./Drivers/CMSIS/system_stm32h5xx.o
                0x0000000008001fb4                SystemInit
 .text.HAL_Init
                0x00000000080020ac       0x4c ./Drivers/STM32H5xx_HAL_Driver/stm32h5xx_hal.o
                0x00000000080020ac                HAL_Init
 .text.HAL_InitTick
                0x00000000080020f8       0x6c ./Drivers/STM32H5xx_HAL_Driver/stm32h5xx_hal.o
                0x00000000080020f8                HAL_InitTick
 .text.HAL_IncTick
                0x0000000008002164       0x28 ./Drivers/STM32H5xx_HAL_Driver/stm32h5xx_hal.o
                0x0000000008002164                HAL_IncTick
 .text.HAL_GetTick
                0x000000000800218c       0x18 ./Drivers/STM32H5xx_HAL_Driver/stm32h5xx_hal.o
                0x000000000800218c                HAL_GetTick
 .text.HAL_Delay
                0x00000000080021a4       0x48 ./Drivers/STM32H5xx_HAL_Driver/stm32h5xx_hal.o
                0x00000000080021a4                HAL_Delay
 .text.__NVIC_SetPriorityGrouping
                0x00000000080021ec       0x48 ./Drivers/STM32H5xx_HAL_Driver/stm32h5xx_hal_cortex.o
 .text.__NVIC_GetPriorityGrouping
                0x0000000008002234       0x1c ./Drivers/STM32H5xx_HAL_Driver/stm32h5xx_hal_cortex.o
 .text.__NVIC_SetPriority
                0x0000000008002250       0x54 ./Drivers/STM32H5xx_HAL_Driver/stm32h5xx_hal_cortex.o
 .text.NVIC_EncodePriority
                0x00000000080022a4       0x66 ./Drivers/STM32H5xx_HAL_Driver/stm32h5xx_hal_cortex.o
 *fill*         0x000000000800230a        0x2 
 .text.SysTick_Config
                0x000000000800230c       0x44 ./Drivers/STM32H5xx_HAL_Driver/stm32h5xx_hal_cortex.o
 .text.HAL_NVIC_SetPriorityGrouping
                0x0000000008002350       0x16 ./Drivers/STM32H5xx_HAL_Driver/stm32h5xx_hal_cortex.o
                0x0000000008002350                HAL_NVIC_SetPriorityGrouping
 .text.HAL_NVIC_SetPriority
                0x0000000008002366       0x34 ./Drivers/STM32H5xx_HAL_Driver/stm32h5xx_hal_cortex.o
                0x0000000008002366                HAL_NVIC_SetPriority
 .text.HAL_SYSTICK_Config
                0x000000000800239a       0x18 ./Drivers/STM32H5xx_HAL_Driver/stm32h5xx_hal_cortex.o
                0x000000000800239a                HAL_SYSTICK_Config
 *fill*         0x00000000080023b2        0x2 
 .text.HAL_GPIO_Init
                0x00000000080023b4      0x2a4 ./Drivers/STM32H5xx_HAL_Driver/stm32h5xx_hal_gpio.o
                0x00000000080023b4                HAL_GPIO_Init
 .text.HAL_GPIO_ReadPin
                0x0000000008002658       0x30 ./Drivers/STM32H5xx_HAL_Driver/stm32h5xx_hal_gpio.o
                0x0000000008002658                HAL_GPIO_ReadPin
 .text.HAL_GPIO_WritePin
                0x0000000008002688       0x30 ./Drivers/STM32H5xx_HAL_Driver/stm32h5xx_hal_gpio.o
                0x0000000008002688                HAL_GPIO_WritePin
 .text.HAL_I2C_Init
                0x00000000080026b8      0x136 ./Drivers/STM32H5xx_HAL_Driver/stm32h5xx_hal_i2c.o
                0x00000000080026b8                HAL_I2C_Init
 *fill*         0x00000000080027ee        0x2 
 .text.HAL_I2C_Master_Transmit
                0x00000000080027f0      0x1e8 ./Drivers/STM32H5xx_HAL_Driver/stm32h5xx_hal_i2c.o
                0x00000000080027f0                HAL_I2C_Master_Transmit
 .text.I2C_Flush_TXDR
                0x00000000080029d8       0x48 ./Drivers/STM32H5xx_HAL_Driver/stm32h5xx_hal_i2c.o
 .text.I2C_WaitOnFlagUntilTimeout
                0x0000000008002a20       0x9e ./Drivers/STM32H5xx_HAL_Driver/stm32h5xx_hal_i2c.o
 .text.I2C_WaitOnTXISFlagUntilTimeout
                0x0000000008002abe       0x8e ./Drivers/STM32H5xx_HAL_Driver/stm32h5xx_hal_i2c.o
 .text.I2C_WaitOnSTOPFlagUntilTimeout
                0x0000000008002b4c       0x86 ./Drivers/STM32H5xx_HAL_Driver/stm32h5xx_hal_i2c.o
 *fill*         0x0000000008002bd2        0x2 
 .text.I2C_IsErrorOccurred
                0x0000000008002bd4      0x1c0 ./Drivers/STM32H5xx_HAL_Driver/stm32h5xx_hal_i2c.o
 .text.I2C_TransferConfig
                0x0000000008002d94       0x64 ./Drivers/STM32H5xx_HAL_Driver/stm32h5xx_hal_i2c.o
 .text.HAL_I2CEx_ConfigAnalogFilter
                0x0000000008002df8       0x96 ./Drivers/STM32H5xx_HAL_Driver/stm32h5xx_hal_i2c_ex.o
                0x0000000008002df8                HAL_I2CEx_ConfigAnalogFilter
 .text.HAL_I2CEx_ConfigDigitalFilter
                0x0000000008002e8e       0x98 ./Drivers/STM32H5xx_HAL_Driver/stm32h5xx_hal_i2c_ex.o
                0x0000000008002e8e                HAL_I2CEx_ConfigDigitalFilter
 .text.LL_I3C_Enable
                0x0000000008002f26       0x20 ./Drivers/STM32H5xx_HAL_Driver/stm32h5xx_hal_i3c.o
 .text.LL_I3C_Disable
                0x0000000008002f46       0x20 ./Drivers/STM32H5xx_HAL_Driver/stm32h5xx_hal_i3c.o
 .text.LL_I3C_SetMode
                0x0000000008002f66       0x26 ./Drivers/STM32H5xx_HAL_Driver/stm32h5xx_hal_i3c.o
 .text.LL_I3C_EnableOwnDynAddress
                0x0000000008002f8c       0x20 ./Drivers/STM32H5xx_HAL_Driver/stm32h5xx_hal_i3c.o
 .text.LL_I3C_SetOwnDynamicAddress
                0x0000000008002fac       0x28 ./Drivers/STM32H5xx_HAL_Driver/stm32h5xx_hal_i3c.o
 .text.LL_I3C_ConfigClockWaveForm
                0x0000000008002fd4       0x1e ./Drivers/STM32H5xx_HAL_Driver/stm32h5xx_hal_i3c.o
 .text.LL_I3C_SetAvalTiming
                0x0000000008002ff2       0x2a ./Drivers/STM32H5xx_HAL_Driver/stm32h5xx_hal_i3c.o
 .text.LL_I3C_SetCtrlBusCharacteristic
                0x000000000800301c       0x1e ./Drivers/STM32H5xx_HAL_Driver/stm32h5xx_hal_i3c.o
 .text.HAL_I3C_Init
                0x000000000800303a       0xea ./Drivers/STM32H5xx_HAL_Driver/stm32h5xx_hal_i3c.o
                0x000000000800303a                HAL_I3C_Init
 .text.HAL_I3C_SetConfigFifo
                0x0000000008003124       0xa0 ./Drivers/STM32H5xx_HAL_Driver/stm32h5xx_hal_i3c.o
                0x0000000008003124                HAL_I3C_SetConfigFifo
 .text.HAL_I3C_Ctrl_Config
                0x00000000080031c4       0xdc ./Drivers/STM32H5xx_HAL_Driver/stm32h5xx_hal_i3c.o
                0x00000000080031c4                HAL_I3C_Ctrl_Config
 .text.HAL_ICACHE_Enable
                0x00000000080032a0       0x20 ./Drivers/STM32H5xx_HAL_Driver/stm32h5xx_hal_icache.o
                0x00000000080032a0                HAL_ICACHE_Enable
 .text.HAL_RCC_OscConfig
                0x00000000080032c0      0x870 ./Drivers/STM32H5xx_HAL_Driver/stm32h5xx_hal_rcc.o
                0x00000000080032c0                HAL_RCC_OscConfig
 .text.HAL_RCC_ClockConfig
                0x0000000008003b30      0x370 ./Drivers/STM32H5xx_HAL_Driver/stm32h5xx_hal_rcc.o
                0x0000000008003b30                HAL_RCC_ClockConfig
 .text.HAL_RCC_GetSysClockFreq
                0x0000000008003ea0      0x258 ./Drivers/STM32H5xx_HAL_Driver/stm32h5xx_hal_rcc.o
                0x0000000008003ea0                HAL_RCC_GetSysClockFreq
 .text.HAL_RCC_GetHCLKFreq
                0x00000000080040f8       0x38 ./Drivers/STM32H5xx_HAL_Driver/stm32h5xx_hal_rcc.o
                0x00000000080040f8                HAL_RCC_GetHCLKFreq
 .text.HAL_RCC_GetPCLK1Freq
                0x0000000008004130       0x2c ./Drivers/STM32H5xx_HAL_Driver/stm32h5xx_hal_rcc.o
                0x0000000008004130                HAL_RCC_GetPCLK1Freq
 .text.HAL_RCC_GetPCLK2Freq
                0x000000000800415c       0x2c ./Drivers/STM32H5xx_HAL_Driver/stm32h5xx_hal_rcc.o
                0x000000000800415c                HAL_RCC_GetPCLK2Freq
 .text.HAL_RCC_GetPCLK3Freq
                0x0000000008004188       0x2c ./Drivers/STM32H5xx_HAL_Driver/stm32h5xx_hal_rcc.o
                0x0000000008004188                HAL_RCC_GetPCLK3Freq
 .text.HAL_RCCEx_PeriphCLKConfig
                0x00000000080041b4     0x1f14 ./Drivers/STM32H5xx_HAL_Driver/stm32h5xx_hal_rcc_ex.o
                0x00000000080041b4                HAL_RCCEx_PeriphCLKConfig
 .text.HAL_RCCEx_GetPLL1ClockFreq
                0x00000000080060c8      0x2d4 ./Drivers/STM32H5xx_HAL_Driver/stm32h5xx_hal_rcc_ex.o
                0x00000000080060c8                HAL_RCCEx_GetPLL1ClockFreq
 .text.HAL_RCCEx_GetPLL2ClockFreq
                0x000000000800639c      0x2d4 ./Drivers/STM32H5xx_HAL_Driver/stm32h5xx_hal_rcc_ex.o
                0x000000000800639c                HAL_RCCEx_GetPLL2ClockFreq
 .text.HAL_RCCEx_GetPLL3ClockFreq
                0x0000000008006670      0x2d4 ./Drivers/STM32H5xx_HAL_Driver/stm32h5xx_hal_rcc_ex.o
                0x0000000008006670                HAL_RCCEx_GetPLL3ClockFreq
 .text.HAL_RCCEx_GetPeriphCLKFreq
                0x0000000008006944     0x26b4 ./Drivers/STM32H5xx_HAL_Driver/stm32h5xx_hal_rcc_ex.o
                0x0000000008006944                HAL_RCCEx_GetPeriphCLKFreq
 .text.RCCEx_PLL2_Config
                0x0000000008008ff8      0x130 ./Drivers/STM32H5xx_HAL_Driver/stm32h5xx_hal_rcc_ex.o
 .text.RCCEx_PLL3_Config
                0x0000000008009128      0x130 ./Drivers/STM32H5xx_HAL_Driver/stm32h5xx_hal_rcc_ex.o
 .text.HAL_UART_Init
                0x0000000008009258       0xa0 ./Drivers/STM32H5xx_HAL_Driver/stm32h5xx_hal_uart.o
                0x0000000008009258                HAL_UART_Init
 .text.UART_SetConfig
                0x00000000080092f8      0x3dc ./Drivers/STM32H5xx_HAL_Driver/stm32h5xx_hal_uart.o
                0x00000000080092f8                UART_SetConfig
 .text.UART_AdvFeatureConfig
                0x00000000080096d4      0x144 ./Drivers/STM32H5xx_HAL_Driver/stm32h5xx_hal_uart.o
                0x00000000080096d4                UART_AdvFeatureConfig
 .text.UART_CheckIdleState
                0x0000000008009818      0x154 ./Drivers/STM32H5xx_HAL_Driver/stm32h5xx_hal_uart.o
                0x0000000008009818                UART_CheckIdleState
 .text.UART_WaitOnFlagUntilTimeout
                0x000000000800996c       0xce ./Drivers/STM32H5xx_HAL_Driver/stm32h5xx_hal_uart.o
                0x000000000800996c                UART_WaitOnFlagUntilTimeout
 .text.UART_EndRxTransfer
                0x0000000008009a3a       0xcc ./Drivers/STM32H5xx_HAL_Driver/stm32h5xx_hal_uart.o
 .text.HAL_UARTEx_DisableFifoMode
                0x0000000008009b06       0x72 ./Drivers/STM32H5xx_HAL_Driver/stm32h5xx_hal_uart_ex.o
                0x0000000008009b06                HAL_UARTEx_DisableFifoMode
 .text.HAL_UARTEx_SetTxFifoThreshold
                0x0000000008009b78       0x7c ./Drivers/STM32H5xx_HAL_Driver/stm32h5xx_hal_uart_ex.o
                0x0000000008009b78                HAL_UARTEx_SetTxFifoThreshold
 .text.HAL_UARTEx_SetRxFifoThreshold
                0x0000000008009bf4       0x7c ./Drivers/STM32H5xx_HAL_Driver/stm32h5xx_hal_uart_ex.o
                0x0000000008009bf4                HAL_UARTEx_SetRxFifoThreshold
 .text.UARTEx_SetNbDataToProcess
                0x0000000008009c70       0x9c ./Drivers/STM32H5xx_HAL_Driver/stm32h5xx_hal_uart_ex.o
 .text.snprintf
                0x0000000008009d0c       0x68 C:/ST/STM32CubeIDE_1.13.0/STM32CubeIDE/plugins/com.st.stm32cube.ide.mcu.externaltools.gnu-tools-for-stm32.11.3.rel1.win32_1.1.100.202309141235/tools/bin/../lib/gcc/arm-none-eabi/11.3.1/../../../../arm-none-eabi/lib/thumb/v8-m.main+fp/hard\libc_nano.a(libc_a-snprintf.o)
                0x0000000008009d0c                sniprintf
                0x0000000008009d0c                snprintf
 .text.memset   0x0000000008009d74       0x10 C:/ST/STM32CubeIDE_1.13.0/STM32CubeIDE/plugins/com.st.stm32cube.ide.mcu.externaltools.gnu-tools-for-stm32.11.3.rel1.win32_1.1.100.202309141235/tools/bin/../lib/gcc/arm-none-eabi/11.3.1/../../../../arm-none-eabi/lib/thumb/v8-m.main+fp/hard\libc_nano.a(libc_a-memset.o)
                0x0000000008009d74                memset
 .text.__errno  0x0000000008009d84        0xc C:/ST/STM32CubeIDE_1.13.0/STM32CubeIDE/plugins/com.st.stm32cube.ide.mcu.externaltools.gnu-tools-for-stm32.11.3.rel1.win32_1.1.100.202309141235/tools/bin/../lib/gcc/arm-none-eabi/11.3.1/../../../../arm-none-eabi/lib/thumb/v8-m.main+fp/hard\libc_nano.a(libc_a-errno.o)
                0x0000000008009d84                __errno
 .text.__libc_init_array
                0x0000000008009d90       0x48 C:/ST/STM32CubeIDE_1.13.0/STM32CubeIDE/plugins/com.st.stm32cube.ide.mcu.externaltools.gnu-tools-for-stm32.11.3.rel1.win32_1.1.100.202309141235/tools/bin/../lib/gcc/arm-none-eabi/11.3.1/../../../../arm-none-eabi/lib/thumb/v8-m.main+fp/hard\libc_nano.a(libc_a-init.o)
                0x0000000008009d90                __libc_init_array
 .text.__retarget_lock_acquire_recursive
                0x0000000008009dd8        0x2 C:/ST/STM32CubeIDE_1.13.0/STM32CubeIDE/plugins/com.st.stm32cube.ide.mcu.externaltools.gnu-tools-for-stm32.11.3.rel1.win32_1.1.100.202309141235/tools/bin/../lib/gcc/arm-none-eabi/11.3.1/../../../../arm-none-eabi/lib/thumb/v8-m.main+fp/hard\libc_nano.a(libc_a-lock.o)
                0x0000000008009dd8                __retarget_lock_acquire_recursive
 .text.__retarget_lock_release_recursive
                0x0000000008009dda        0x2 C:/ST/STM32CubeIDE_1.13.0/STM32CubeIDE/plugins/com.st.stm32cube.ide.mcu.externaltools.gnu-tools-for-stm32.11.3.rel1.win32_1.1.100.202309141235/tools/bin/../lib/gcc/arm-none-eabi/11.3.1/../../../../arm-none-eabi/lib/thumb/v8-m.main+fp/hard\libc_nano.a(libc_a-lock.o)
                0x0000000008009dda                __retarget_lock_release_recursive
 .text._free_r  0x0000000008009ddc       0x98 C:/ST/STM32CubeIDE_1.13.0/STM32CubeIDE/plugins/com.st.stm32cube.ide.mcu.externaltools.gnu-tools-for-stm32.11.3.rel1.win32_1.1.100.202309141235/tools/bin/../lib/gcc/arm-none-eabi/11.3.1/../../../../arm-none-eabi/lib/thumb/v8-m.main+fp/hard\libc_nano.a(libc_a-freer.o)
                0x0000000008009ddc                _free_r
 .text.sbrk_aligned
                0x0000000008009e74       0x40 C:/ST/STM32CubeIDE_1.13.0/STM32CubeIDE/plugins/com.st.stm32cube.ide.mcu.externaltools.gnu-tools-for-stm32.11.3.rel1.win32_1.1.100.202309141235/tools/bin/../lib/gcc/arm-none-eabi/11.3.1/../../../../arm-none-eabi/lib/thumb/v8-m.main+fp/hard\libc_nano.a(libc_a-mallocr.o)
 .text._malloc_r
                0x0000000008009eb4      0x100 C:/ST/STM32CubeIDE_1.13.0/STM32CubeIDE/plugins/com.st.stm32cube.ide.mcu.externaltools.gnu-tools-for-stm32.11.3.rel1.win32_1.1.100.202309141235/tools/bin/../lib/gcc/arm-none-eabi/11.3.1/../../../../arm-none-eabi/lib/thumb/v8-m.main+fp/hard\libc_nano.a(libc_a-mallocr.o)
                0x0000000008009eb4                _malloc_r
 .text.__malloc_lock
                0x0000000008009fb4        0xc C:/ST/STM32CubeIDE_1.13.0/STM32CubeIDE/plugins/com.st.stm32cube.ide.mcu.externaltools.gnu-tools-for-stm32.11.3.rel1.win32_1.1.100.202309141235/tools/bin/../lib/gcc/arm-none-eabi/11.3.1/../../../../arm-none-eabi/lib/thumb/v8-m.main+fp/hard\libc_nano.a(libc_a-mlock.o)
                0x0000000008009fb4                __malloc_lock
 .text.__malloc_unlock
                0x0000000008009fc0        0xc C:/ST/STM32CubeIDE_1.13.0/STM32CubeIDE/plugins/com.st.stm32cube.ide.mcu.externaltools.gnu-tools-for-stm32.11.3.rel1.win32_1.1.100.202309141235/tools/bin/../lib/gcc/arm-none-eabi/11.3.1/../../../../arm-none-eabi/lib/thumb/v8-m.main+fp/hard\libc_nano.a(libc_a-mlock.o)
                0x0000000008009fc0                __malloc_unlock
 .text.__ssputs_r
                0x0000000008009fcc       0xb4 C:/ST/STM32CubeIDE_1.13.0/STM32CubeIDE/plugins/com.st.stm32cube.ide.mcu.externaltools.gnu-tools-for-stm32.11.3.rel1.win32_1.1.100.202309141235/tools/bin/../lib/gcc/arm-none-eabi/11.3.1/../../../../arm-none-eabi/lib/thumb/v8-m.main+fp/hard\libc_nano.a(libc_a-nano-svfprintf.o)
                0x0000000008009fcc                __ssputs_r
 .text._svfprintf_r
                0x000000000800a080      0x1fc C:/ST/STM32CubeIDE_1.13.0/STM32CubeIDE/plugins/com.st.stm32cube.ide.mcu.externaltools.gnu-tools-for-stm32.11.3.rel1.win32_1.1.100.202309141235/tools/bin/../lib/gcc/arm-none-eabi/11.3.1/../../../../arm-none-eabi/lib/thumb/v8-m.main+fp/hard\libc_nano.a(libc_a-nano-svfprintf.o)
                0x000000000800a080                _svfiprintf_r
                0x000000000800a080                _svfprintf_r
 .text._printf_common
                0x000000000800a27c       0xe4 C:/ST/STM32CubeIDE_1.13.0/STM32CubeIDE/plugins/com.st.stm32cube.ide.mcu.externaltools.gnu-tools-for-stm32.11.3.rel1.win32_1.1.100.202309141235/tools/bin/../lib/gcc/arm-none-eabi/11.3.1/../../../../arm-none-eabi/lib/thumb/v8-m.main+fp/hard\libc_nano.a(libc_a-nano-vfprintf_i.o)
                0x000000000800a27c                _printf_common
 .text._printf_i
                0x000000000800a360      0x240 C:/ST/STM32CubeIDE_1.13.0/STM32CubeIDE/plugins/com.st.stm32cube.ide.mcu.externaltools.gnu-tools-for-stm32.11.3.rel1.win32_1.1.100.202309141235/tools/bin/../lib/gcc/arm-none-eabi/11.3.1/../../../../arm-none-eabi/lib/thumb/v8-m.main+fp/hard\libc_nano.a(libc_a-nano-vfprintf_i.o)
                0x000000000800a360                _printf_i
 .text.memmove  0x000000000800a5a0       0x34 C:/ST/STM32CubeIDE_1.13.0/STM32CubeIDE/plugins/com.st.stm32cube.ide.mcu.externaltools.gnu-tools-for-stm32.11.3.rel1.win32_1.1.100.202309141235/tools/bin/../lib/gcc/arm-none-eabi/11.3.1/../../../../arm-none-eabi/lib/thumb/v8-m.main+fp/hard\libc_nano.a(libc_a-memmove.o)
                0x000000000800a5a0                memmove
 .text._sbrk_r  0x000000000800a5d4       0x20 C:/ST/STM32CubeIDE_1.13.0/STM32CubeIDE/plugins/com.st.stm32cube.ide.mcu.externaltools.gnu-tools-for-stm32.11.3.rel1.win32_1.1.100.202309141235/tools/bin/../lib/gcc/arm-none-eabi/11.3.1/../../../../arm-none-eabi/lib/thumb/v8-m.main+fp/hard\libc_nano.a(libc_a-sbrkr.o)
                0x000000000800a5d4                _sbrk_r
 .text.memchr   0x000000000800a5f4       0x1c C:/ST/STM32CubeIDE_1.13.0/STM32CubeIDE/plugins/com.st.stm32cube.ide.mcu.externaltools.gnu-tools-for-stm32.11.3.rel1.win32_1.1.100.202309141235/tools/bin/../lib/gcc/arm-none-eabi/11.3.1/../../../../arm-none-eabi/lib/thumb/v8-m.main+fp/hard\libc_nano.a(libc_a-memchr-stub.o)
                0x000000000800a5f4                memchr
 .text.memcpy   0x000000000800a610       0x1a C:/ST/STM32CubeIDE_1.13.0/STM32CubeIDE/plugins/com.st.stm32cube.ide.mcu.externaltools.gnu-tools-for-stm32.11.3.rel1.win32_1.1.100.202309141235/tools/bin/../lib/gcc/arm-none-eabi/11.3.1/../../../../arm-none-eabi/lib/thumb/v8-m.main+fp/hard\libc_nano.a(libc_a-memcpy-stub.o)
                0x000000000800a610                memcpy
 .text._realloc_r
                0x000000000800a62a       0x5e C:/ST/STM32CubeIDE_1.13.0/STM32CubeIDE/plugins/com.st.stm32cube.ide.mcu.externaltools.gnu-tools-for-stm32.11.3.rel1.win32_1.1.100.202309141235/tools/bin/../lib/gcc/arm-none-eabi/11.3.1/../../../../arm-none-eabi/lib/thumb/v8-m.main+fp/hard\libc_nano.a(libc_a-reallocr.o)
                0x000000000800a62a                _realloc_r
 .text._malloc_usable_size_r
                0x000000000800a688       0x10 C:/ST/STM32CubeIDE_1.13.0/STM32CubeIDE/plugins/com.st.stm32cube.ide.mcu.externaltools.gnu-tools-for-stm32.11.3.rel1.win32_1.1.100.202309141235/tools/bin/../lib/gcc/arm-none-eabi/11.3.1/../../../../arm-none-eabi/lib/thumb/v8-m.main+fp/hard\libc_nano.a(libc_a-msizer.o)
                0x000000000800a688                _malloc_usable_size_r
 *(.glue_7)
 .glue_7        0x000000000800a698        0x0 linker stubs
 *(.glue_7t)
 .glue_7t       0x000000000800a698        0x0 linker stubs
 *(.eh_frame)
 .eh_frame      0x000000000800a698        0x0 C:/ST/STM32CubeIDE_1.13.0/STM32CubeIDE/plugins/com.st.stm32cube.ide.mcu.externaltools.gnu-tools-for-stm32.11.3.rel1.win32_1.1.100.202309141235/tools/bin/../lib/gcc/arm-none-eabi/11.3.1/thumb/v8-m.main+fp/hard/crtbegin.o
 *(.init)
 .init          0x000000000800a698        0x4 C:/ST/STM32CubeIDE_1.13.0/STM32CubeIDE/plugins/com.st.stm32cube.ide.mcu.externaltools.gnu-tools-for-stm32.11.3.rel1.win32_1.1.100.202309141235/tools/bin/../lib/gcc/arm-none-eabi/11.3.1/thumb/v8-m.main+fp/hard/crti.o
                0x000000000800a698                _init
 .init          0x000000000800a69c        0x8 C:/ST/STM32CubeIDE_1.13.0/STM32CubeIDE/plugins/com.st.stm32cube.ide.mcu.externaltools.gnu-tools-for-stm32.11.3.rel1.win32_1.1.100.202309141235/tools/bin/../lib/gcc/arm-none-eabi/11.3.1/thumb/v8-m.main+fp/hard/crtn.o
 *(.fini)
 .fini          0x000000000800a6a4        0x4 C:/ST/STM32CubeIDE_1.13.0/STM32CubeIDE/plugins/com.st.stm32cube.ide.mcu.externaltools.gnu-tools-for-stm32.11.3.rel1.win32_1.1.100.202309141235/tools/bin/../lib/gcc/arm-none-eabi/11.3.1/thumb/v8-m.main+fp/hard/crti.o
                0x000000000800a6a4                _fini
 .fini          0x000000000800a6a8        0x8 C:/ST/STM32CubeIDE_1.13.0/STM32CubeIDE/plugins/com.st.stm32cube.ide.mcu.externaltools.gnu-tools-for-stm32.11.3.rel1.win32_1.1.100.202309141235/tools/bin/../lib/gcc/arm-none-eabi/11.3.1/thumb/v8-m.main+fp/hard/crtn.o
                0x000000000800a6b0                . = ALIGN (0x4)
                0x000000000800a6b0                _etext = .

.vfp11_veneer   0x000000000800a6b0        0x0
 .vfp11_veneer  0x000000000800a6b0        0x0 linker stubs

.v4_bx          0x000000000800a6b0        0x0
 .v4_bx         0x000000000800a6b0        0x0 linker stubs

.iplt           0x000000000800a6b0        0x0
 .iplt          0x000000000800a6b0        0x0 C:/ST/STM32CubeIDE_1.13.0/STM32CubeIDE/plugins/com.st.stm32cube.ide.mcu.externaltools.gnu-tools-for-stm32.11.3.rel1.win32_1.1.100.202309141235/tools/bin/../lib/gcc/arm-none-eabi/11.3.1/thumb/v8-m.main+fp/hard/crtbegin.o

.rodata         0x000000000800a6b0      0x1c4
                0x000000000800a6b0                . = ALIGN (0x4)
 *(.rodata)
 .rodata        0x000000000800a6b0       0x2c ./Application/User/Core/main.o
 .rodata        0x000000000800a6dc       0x68 ./Bsp/src/DDR5_DIMM_Detect.o
 .rodata        0x000000000800a744       0xb8 ./Bsp/src/DDR5_LCD_DIMM.o
 *(.rodata*)
 .rodata.row_base.0
                0x000000000800a7fc        0x4 ./Bsp/src/nhd0420_i2c.o
 .rodata.AHBPrescTable
                0x000000000800a800       0x10 ./Drivers/CMSIS/system_stm32h5xx.o
                0x000000000800a800                AHBPrescTable
 .rodata.APBPrescTable
                0x000000000800a810        0x8 ./Drivers/CMSIS/system_stm32h5xx.o
                0x000000000800a810                APBPrescTable
 .rodata.UARTPrescTable
                0x000000000800a818       0x18 ./Drivers/STM32H5xx_HAL_Driver/stm32h5xx_hal_uart.o
                0x000000000800a818                UARTPrescTable
 .rodata.numerator.1
                0x000000000800a830        0x8 ./Drivers/STM32H5xx_HAL_Driver/stm32h5xx_hal_uart_ex.o
 .rodata.denominator.0
                0x000000000800a838        0x8 ./Drivers/STM32H5xx_HAL_Driver/stm32h5xx_hal_uart_ex.o
 .rodata._svfprintf_r.str1.1
                0x000000000800a840       0x11 C:/ST/STM32CubeIDE_1.13.0/STM32CubeIDE/plugins/com.st.stm32cube.ide.mcu.externaltools.gnu-tools-for-stm32.11.3.rel1.win32_1.1.100.202309141235/tools/bin/../lib/gcc/arm-none-eabi/11.3.1/../../../../arm-none-eabi/lib/thumb/v8-m.main+fp/hard\libc_nano.a(libc_a-nano-svfprintf.o)
 .rodata._printf_i.str1.1
                0x000000000800a851       0x22 C:/ST/STM32CubeIDE_1.13.0/STM32CubeIDE/plugins/com.st.stm32cube.ide.mcu.externaltools.gnu-tools-for-stm32.11.3.rel1.win32_1.1.100.202309141235/tools/bin/../lib/gcc/arm-none-eabi/11.3.1/../../../../arm-none-eabi/lib/thumb/v8-m.main+fp/hard\libc_nano.a(libc_a-nano-vfprintf_i.o)
                0x000000000800a874                . = ALIGN (0x4)
 *fill*         0x000000000800a873        0x1 

.ARM.extab      0x000000000800a874        0x0
                0x000000000800a874                . = ALIGN (0x4)
 *(.ARM.extab* .gnu.linkonce.armextab.*)
                0x000000000800a874                . = ALIGN (0x4)

.ARM            0x000000000800a874        0x8
                0x000000000800a874                . = ALIGN (0x4)
                0x000000000800a874                __exidx_start = .
 *(.ARM.exidx*)
 .ARM.exidx     0x000000000800a874        0x8 C:/ST/STM32CubeIDE_1.13.0/STM32CubeIDE/plugins/com.st.stm32cube.ide.mcu.externaltools.gnu-tools-for-stm32.11.3.rel1.win32_1.1.100.202309141235/tools/bin/../lib/gcc/arm-none-eabi/11.3.1/thumb/v8-m.main+fp/hard\libgcc.a(_udivmoddi4.o)
                0x000000000800a87c                __exidx_end = .
                0x000000000800a87c                . = ALIGN (0x4)

.rel.dyn        0x000000000800a87c        0x0
 .rel.iplt      0x000000000800a87c        0x0 C:/ST/STM32CubeIDE_1.13.0/STM32CubeIDE/plugins/com.st.stm32cube.ide.mcu.externaltools.gnu-tools-for-stm32.11.3.rel1.win32_1.1.100.202309141235/tools/bin/../lib/gcc/arm-none-eabi/11.3.1/thumb/v8-m.main+fp/hard/crtbegin.o

.preinit_array  0x000000000800a87c        0x0
                0x000000000800a87c                . = ALIGN (0x4)
                0x000000000800a87c                PROVIDE (__preinit_array_start = .)
 *(.preinit_array*)
                0x000000000800a87c                PROVIDE (__preinit_array_end = .)
                0x000000000800a87c                . = ALIGN (0x4)

.init_array     0x000000000800a87c        0x4
                0x000000000800a87c                . = ALIGN (0x4)
                0x000000000800a87c                PROVIDE (__init_array_start = .)
 *(SORT_BY_NAME(.init_array.*))
 *(.init_array*)
 .init_array    0x000000000800a87c        0x4 C:/ST/STM32CubeIDE_1.13.0/STM32CubeIDE/plugins/com.st.stm32cube.ide.mcu.externaltools.gnu-tools-for-stm32.11.3.rel1.win32_1.1.100.202309141235/tools/bin/../lib/gcc/arm-none-eabi/11.3.1/thumb/v8-m.main+fp/hard/crtbegin.o
                0x000000000800a880                PROVIDE (__init_array_end = .)
                0x000000000800a880                . = ALIGN (0x4)

.fini_array     0x000000000800a880        0x4
                0x000000000800a880                . = ALIGN (0x4)
                [!provide]                        PROVIDE (__fini_array_start = .)
 *(SORT_BY_NAME(.fini_array.*))
 *(.fini_array*)
 .fini_array    0x000000000800a880        0x4 C:/ST/STM32CubeIDE_1.13.0/STM32CubeIDE/plugins/com.st.stm32cube.ide.mcu.externaltools.gnu-tools-for-stm32.11.3.rel1.win32_1.1.100.202309141235/tools/bin/../lib/gcc/arm-none-eabi/11.3.1/thumb/v8-m.main+fp/hard/crtbegin.o
                [!provide]                        PROVIDE (__fini_array_end = .)
                0x000000000800a884                . = ALIGN (0x4)
                0x000000000800a884                _sidata = LOADADDR (.data)

.data           0x0000000020000000       0x5c load address 0x000000000800a884
                0x0000000020000000                . = ALIGN (0x4)
                0x0000000020000000                _sdata = .
 *(.data)
 *(.data*)
 .data.SystemCoreClock
                0x0000000020000000        0x4 ./Drivers/CMSIS/system_stm32h5xx.o
                0x0000000020000000                SystemCoreClock
 .data.uwTickPrio
                0x0000000020000004        0x4 ./Drivers/STM32H5xx_HAL_Driver/stm32h5xx_hal.o
                0x0000000020000004                uwTickPrio
 .data.uwTickFreq
                0x0000000020000008        0x1 ./Drivers/STM32H5xx_HAL_Driver/stm32h5xx_hal.o
                0x0000000020000008                uwTickFreq
 *fill*         0x0000000020000009        0x3 
 .data._impure_data
                0x000000002000000c       0x4c C:/ST/STM32CubeIDE_1.13.0/STM32CubeIDE/plugins/com.st.stm32cube.ide.mcu.externaltools.gnu-tools-for-stm32.11.3.rel1.win32_1.1.100.202309141235/tools/bin/../lib/gcc/arm-none-eabi/11.3.1/../../../../arm-none-eabi/lib/thumb/v8-m.main+fp/hard\libc_nano.a(libc_a-impure.o)
                0x000000002000000c                _impure_data
 .data._impure_ptr
                0x0000000020000058        0x4 C:/ST/STM32CubeIDE_1.13.0/STM32CubeIDE/plugins/com.st.stm32cube.ide.mcu.externaltools.gnu-tools-for-stm32.11.3.rel1.win32_1.1.100.202309141235/tools/bin/../lib/gcc/arm-none-eabi/11.3.1/../../../../arm-none-eabi/lib/thumb/v8-m.main+fp/hard\libc_nano.a(libc_a-impure.o)
                0x0000000020000058                _impure_ptr
 *(.RamFunc)
 *(.RamFunc*)
                0x000000002000005c                . = ALIGN (0x4)
                0x000000002000005c                _edata = .

.igot.plt       0x000000002000005c        0x0 load address 0x000000000800a8e0
 .igot.plt      0x000000002000005c        0x0 C:/ST/STM32CubeIDE_1.13.0/STM32CubeIDE/plugins/com.st.stm32cube.ide.mcu.externaltools.gnu-tools-for-stm32.11.3.rel1.win32_1.1.100.202309141235/tools/bin/../lib/gcc/arm-none-eabi/11.3.1/thumb/v8-m.main+fp/hard/crtbegin.o
                0x000000002000005c                . = ALIGN (0x4)

.bss            0x000000002000005c     0x1720 load address 0x000000000800a8e0
                0x000000002000005c                _sbss = .
                0x000000002000005c                __bss_start__ = _sbss
 *(.bss)
 .bss           0x000000002000005c       0x1c C:/ST/STM32CubeIDE_1.13.0/STM32CubeIDE/plugins/com.st.stm32cube.ide.mcu.externaltools.gnu-tools-for-stm32.11.3.rel1.win32_1.1.100.202309141235/tools/bin/../lib/gcc/arm-none-eabi/11.3.1/thumb/v8-m.main+fp/hard/crtbegin.o
 *(.bss*)
 .bss.hi2c1     0x0000000020000078       0x54 ./Application/User/Core/main.o
                0x0000000020000078                hi2c1
 .bss.hi3c1     0x00000000200000cc       0x58 ./Application/User/Core/main.o
                0x00000000200000cc                hi3c1
 .bss.huart3    0x0000000020000124       0x94 ./Application/User/Core/main.o
                0x0000000020000124                huart3
 .bss.g_lcd     0x00000000200001b8        0xc ./Application/User/Core/main.o
 .bss.g_dimm_table
                0x00000000200001c4     0x1458 ./Application/User/Core/main.o
 .bss.__sbrk_heap_end
                0x000000002000161c        0x4 ./Application/User/Core/sysmem.o
 .bss.g_lcd     0x0000000020001620        0x4 ./Bsp/src/DDR5_LCD_DIMM.o
 .bss.g_table   0x0000000020001624        0x4 ./Bsp/src/DDR5_LCD_DIMM.o
 .bss.g_lcd_page
                0x0000000020001628        0x1 ./Bsp/src/DDR5_LCD_DIMM.o
 *fill*         0x0000000020001629        0x3 
 .bss.g_ms_ticks
                0x000000002000162c        0x4 ./Bsp/src/DDR5_Time.o
 .bss.uwTick    0x0000000020001630        0x4 ./Drivers/STM32H5xx_HAL_Driver/stm32h5xx_hal.o
                0x0000000020001630                uwTick
 .bss.__sf      0x0000000020001634      0x138 C:/ST/STM32CubeIDE_1.13.0/STM32CubeIDE/plugins/com.st.stm32cube.ide.mcu.externaltools.gnu-tools-for-stm32.11.3.rel1.win32_1.1.100.202309141235/tools/bin/../lib/gcc/arm-none-eabi/11.3.1/../../../../arm-none-eabi/lib/thumb/v8-m.main+fp/hard\libc_nano.a(libc_a-findfp.o)
                0x0000000020001634                __sf
 .bss.errno     0x000000002000176c        0x4 C:/ST/STM32CubeIDE_1.13.0/STM32CubeIDE/plugins/com.st.stm32cube.ide.mcu.externaltools.gnu-tools-for-stm32.11.3.rel1.win32_1.1.100.202309141235/tools/bin/../lib/gcc/arm-none-eabi/11.3.1/../../../../arm-none-eabi/lib/thumb/v8-m.main+fp/hard\libc_nano.a(libc_a-reent.o)
                0x000000002000176c                errno
 .bss.__lock___malloc_recursive_mutex
                0x0000000020001770        0x1 C:/ST/STM32CubeIDE_1.13.0/STM32CubeIDE/plugins/com.st.stm32cube.ide.mcu.externaltools.gnu-tools-for-stm32.11.3.rel1.win32_1.1.100.202309141235/tools/bin/../lib/gcc/arm-none-eabi/11.3.1/../../../../arm-none-eabi/lib/thumb/v8-m.main+fp/hard\libc_nano.a(libc_a-lock.o)
                0x0000000020001770                __lock___malloc_recursive_mutex
 *fill*         0x0000000020001771        0x3 
 .bss.__malloc_free_list
                0x0000000020001774        0x4 C:/ST/STM32CubeIDE_1.13.0/STM32CubeIDE/plugins/com.st.stm32cube.ide.mcu.externaltools.gnu-tools-for-stm32.11.3.rel1.win32_1.1.100.202309141235/tools/bin/../lib/gcc/arm-none-eabi/11.3.1/../../../../arm-none-eabi/lib/thumb/v8-m.main+fp/hard\libc_nano.a(libc_a-mallocr.o)
                0x0000000020001774                __malloc_free_list
 .bss.__malloc_sbrk_start
                0x0000000020001778        0x4 C:/ST/STM32CubeIDE_1.13.0/STM32CubeIDE/plugins/com.st.stm32cube.ide.mcu.externaltools.gnu-tools-for-stm32.11.3.rel1.win32_1.1.100.202309141235/tools/bin/../lib/gcc/arm-none-eabi/11.3.1/../../../../arm-none-eabi/lib/thumb/v8-m.main+fp/hard\libc_nano.a(libc_a-mallocr.o)
                0x0000000020001778                __malloc_sbrk_start
 *(COMMON)
                0x000000002000177c                . = ALIGN (0x4)
                0x000000002000177c                _ebss = .
                0x000000002000177c                __bss_end__ = _ebss

._user_heap_stack
                0x000000002000177c      0x604 load address 0x000000000800a8e0
                0x0000000020001780                . = ALIGN (0x8)
 *fill*         0x000000002000177c        0x4 
                [!provide]                        PROVIDE (end = .)
                0x0000000020001780                PROVIDE (_end = .)
                0x0000000020001980                . = (. + _Min_Heap_Size)
 *fill*         0x0000000020001780      0x200 
                0x0000000020001d80                . = (. + _Min_Stack_Size)
 *fill*         0x0000000020001980      0x400 
                0x0000000020001d80                . = ALIGN (0x8)

/DISCARD/
 libc.a(*)
 libm.a(*)
 libgcc.a(*)

.ARM.attributes
                0x0000000000000000       0x36
 *(.ARM.attributes)
 .ARM.attributes
                0x0000000000000000       0x22 C:/ST/STM32CubeIDE_1.13.0/STM32CubeIDE/plugins/com.st.stm32cube.ide.mcu.externaltools.gnu-tools-for-stm32.11.3.rel1.win32_1.1.100.202309141235/tools/bin/../lib/gcc/arm-none-eabi/11.3.1/thumb/v8-m.main+fp/hard/crti.o
 .ARM.attributes
                0x0000000000000022       0x38 C:/ST/STM32CubeIDE_1.13.0/STM32CubeIDE/plugins/com.st.stm32cube.ide.mcu.externaltools.gnu-tools-for-stm32.11.3.rel1.win32_1.1.100.202309141235/tools/bin/../lib/gcc/arm-none-eabi/11.3.1/thumb/v8-m.main+fp/hard/crtbegin.o
 .ARM.attributes
                0x000000000000005a       0x3a ./Application/User/Core/main.o
 .ARM.attributes
                0x0000000000000094       0x3a ./Application/User/Core/stm32h5xx_hal_msp.o
 .ARM.attributes
                0x00000000000000ce       0x3a ./Application/User/Core/stm32h5xx_it.o
 .ARM.attributes
                0x0000000000000108       0x3a ./Application/User/Core/sysmem.o
 .ARM.attributes
                0x0000000000000142       0x24 ./Application/User/Startup/startup_stm32h563zitx.o
 .ARM.attributes
                0x0000000000000166       0x3a ./Bsp/src/DDR5_DIMM_Detect.o
 .ARM.attributes
                0x00000000000001a0       0x3a ./Bsp/src/DDR5_I3C.o
 .ARM.attributes
                0x00000000000001da       0x3a ./Bsp/src/DDR5_LCD_DIMM.o
 .ARM.attributes
                0x0000000000000214       0x3a ./Bsp/src/DDR5_SPD.o
 .ARM.attributes
                0x000000000000024e       0x3a ./Bsp/src/DDR5_Time.o
 .ARM.attributes
                0x0000000000000288       0x3a ./Bsp/src/DDR5_board.o
 .ARM.attributes
                0x00000000000002c2       0x3a ./Bsp/src/nhd0420_i2c.o
 .ARM.attributes
                0x00000000000002fc       0x3a ./Drivers/CMSIS/system_stm32h5xx.o
 .ARM.attributes
                0x0000000000000336       0x3a ./Drivers/STM32H5xx_HAL_Driver/stm32h5xx_hal.o
 .ARM.attributes
                0x0000000000000370       0x3a ./Drivers/STM32H5xx_HAL_Driver/stm32h5xx_hal_cortex.o
 .ARM.attributes
                0x00000000000003aa       0x3a ./Drivers/STM32H5xx_HAL_Driver/stm32h5xx_hal_gpio.o
 .ARM.attributes
                0x00000000000003e4       0x3a ./Drivers/STM32H5xx_HAL_Driver/stm32h5xx_hal_i2c.o
 .ARM.attributes
                0x000000000000041e       0x3a ./Drivers/STM32H5xx_HAL_Driver/stm32h5xx_hal_i2c_ex.o
 .ARM.attributes
                0x0000000000000458       0x3a ./Drivers/STM32H5xx_HAL_Driver/stm32h5xx_hal_i3c.o
 .ARM.attributes
                0x0000000000000492       0x3a ./Drivers/STM32H5xx_HAL_Driver/stm32h5xx_hal_icache.o
 .ARM.attributes
                0x00000000000004cc       0x3a ./Drivers/STM32H5xx_HAL_Driver/stm32h5xx_hal_rcc.o
 .ARM.attributes
                0x0000000000000506       0x3a ./Drivers/STM32H5xx_HAL_Driver/stm32h5xx_hal_rcc_ex.o
 .ARM.attributes
                0x0000000000000540       0x3a ./Drivers/STM32H5xx_HAL_Driver/stm32h5xx_hal_uart.o
 .ARM.attributes
                0x000000000000057a       0x3a ./Drivers/STM32H5xx_HAL_Driver/stm32h5xx_hal_uart_ex.o
 .ARM.attributes
                0x00000000000005b4       0x38 C:/ST/STM32CubeIDE_1.13.0/STM32CubeIDE/plugins/com.st.stm32cube.ide.mcu.externaltools.gnu-tools-for-stm32.11.3.rel1.win32_1.1.100.202309141235/tools/bin/../lib/gcc/arm-none-eabi/11.3.1/../../../../arm-none-eabi/lib/thumb/v8-m.main+fp/hard\libc_nano.a(libc_a-findfp.o)
 .ARM.attributes
                0x00000000000005ec       0x38 C:/ST/STM32CubeIDE_1.13.0/STM32CubeIDE/plugins/com.st.stm32cube.ide.mcu.externaltools.gnu-tools-for-stm32.11.3.rel1.win32_1.1.100.202309141235/tools/bin/../lib/gcc/arm-none-eabi/11.3.1/../../../../arm-none-eabi/lib/thumb/v8-m.main+fp/hard\libc_nano.a(libc_a-snprintf.o)
 .ARM.attributes
                0x0000000000000624       0x38 C:/ST/STM32CubeIDE_1.13.0/STM32CubeIDE/plugins/com.st.stm32cube.ide.mcu.externaltools.gnu-tools-for-stm32.11.3.rel1.win32_1.1.100.202309141235/tools/bin/../lib/gcc/arm-none-eabi/11.3.1/../../../../arm-none-eabi/lib/thumb/v8-m.main+fp/hard\libc_nano.a(libc_a-memset.o)
 .ARM.attributes
                0x000000000000065c       0x38 C:/ST/STM32CubeIDE_1.13.0/STM32CubeIDE/plugins/com.st.stm32cube.ide.mcu.externaltools.gnu-tools-for-stm32.11.3.rel1.win32_1.1.100.202309141235/tools/bin/../lib/gcc/arm-none-eabi/11.3.1/../../../../arm-none-eabi/lib/thumb/v8-m.main+fp/hard\libc_nano.a(libc_a-reent.o)
 .ARM.attributes
                0x0000000000000694       0x38 C:/ST/STM32CubeIDE_1.13.0/STM32CubeIDE/plugins/com.st.stm32cube.ide.mcu.externaltools.gnu-tools-for-stm32.11.3.rel1.win32_1.1.100.202309141235/tools/bin/../lib/gcc/arm-none-eabi/11.3.1/../../../../arm-none-eabi/lib/thumb/v8-m.main+fp/hard\libc_nano.a(libc_a-impure.o)
 .ARM.attributes
                0x00000000000006cc       0x38 C:/ST/STM32CubeIDE_1.13.0/STM32CubeIDE/plugins/com.st.stm32cube.ide.mcu.externaltools.gnu-tools-for-stm32.11.3.rel1.win32_1.1.100.202309141235/tools/bin/../lib/gcc/arm-none-eabi/11.3.1/../../../../arm-none-eabi/lib/thumb/v8-m.main+fp/hard\libc_nano.a(libc_a-errno.o)
 .ARM.attributes
                0x0000000000000704       0x38 C:/ST/STM32CubeIDE_1.13.0/STM32CubeIDE/plugins/com.st.stm32cube.ide.mcu.externaltools.gnu-tools-for-stm32.11.3.rel1.win32_1.1.100.202309141235/tools/bin/../lib/gcc/arm-none-eabi/11.3.1/../../../../arm-none-eabi/lib/thumb/v8-m.main+fp/hard\libc_nano.a(libc_a-init.o)
 .ARM.attributes
                0x000000000000073c       0x38 C:/ST/STM32CubeIDE_1.13.0/STM32CubeIDE/plugins/com.st.stm32cube.ide.mcu.externaltools.gnu-tools-for-stm32.11.3.rel1.win32_1.1.100.202309141235/tools/bin/../lib/gcc/arm-none-eabi/11.3.1/../../../../arm-none-eabi/lib/thumb/v8-m.main+fp/hard\libc_nano.a(libc_a-lock.o)
 .ARM.attributes
                0x0000000000000774       0x38 C:/ST/STM32CubeIDE_1.13.0/STM32CubeIDE/plugins/com.st.stm32cube.ide.mcu.externaltools.gnu-tools-for-stm32.11.3.rel1.win32_1.1.100.202309141235/tools/bin/../lib/gcc/arm-none-eabi/11.3.1/../../../../arm-none-eabi/lib/thumb/v8-m.main+fp/hard\libc_nano.a(libc_a-freer.o)
 .ARM.attributes
                0x00000000000007ac       0x38 C:/ST/STM32CubeIDE_1.13.0/STM32CubeIDE/plugins/com.st.stm32cube.ide.mcu.externaltools.gnu-tools-for-stm32.11.3.rel1.win32_1.1.100.202309141235/tools/bin/../lib/gcc/arm-none-eabi/11.3.1/../../../../arm-none-eabi/lib/thumb/v8-m.main+fp/hard\libc_nano.a(libc_a-mallocr.o)
 .ARM.attributes
                0x00000000000007e4       0x38 C:/ST/STM32CubeIDE_1.13.0/STM32CubeIDE/plugins/com.st.stm32cube.ide.mcu.externaltools.gnu-tools-for-stm32.11.3.rel1.win32_1.1.100.202309141235/tools/bin/../lib/gcc/arm-none-eabi/11.3.1/../../../../arm-none-eabi/lib/thumb/v8-m.main+fp/hard\libc_nano.a(libc_a-mlock.o)
 .ARM.attributes
                0x000000000000081c       0x38 C:/ST/STM32CubeIDE_1.13.0/STM32CubeIDE/plugins/com.st.stm32cube.ide.mcu.externaltools.gnu-tools-for-stm32.11.3.rel1.win32_1.1.100.202309141235/tools/bin/../lib/gcc/arm-none-eabi/11.3.1/../../../../arm-none-eabi/lib/thumb/v8-m.main+fp/hard\libc_nano.a(libc_a-nano-svfprintf.o)
 .ARM.attributes
                0x0000000000000854       0x38 C:/ST/STM32CubeIDE_1.13.0/STM32CubeIDE/plugins/com.st.stm32cube.ide.mcu.externaltools.gnu-tools-for-stm32.11.3.rel1.win32_1.1.100.202309141235/tools/bin/../lib/gcc/arm-none-eabi/11.3.1/../../../../arm-none-eabi/lib/thumb/v8-m.main+fp/hard\libc_nano.a(libc_a-nano-vfprintf_i.o)
 .ARM.attributes
                0x000000000000088c       0x38 C:/ST/STM32CubeIDE_1.13.0/STM32CubeIDE/plugins/com.st.stm32cube.ide.mcu.externaltools.gnu-tools-for-stm32.11.3.rel1.win32_1.1.100.202309141235/tools/bin/../lib/gcc/arm-none-eabi/11.3.1/../../../../arm-none-eabi/lib/thumb/v8-m.main+fp/hard\libc_nano.a(libc_a-memmove.o)
 .ARM.attributes
                0x00000000000008c4       0x38 C:/ST/STM32CubeIDE_1.13.0/STM32CubeIDE/plugins/com.st.stm32cube.ide.mcu.externaltools.gnu-tools-for-stm32.11.3.rel1.win32_1.1.100.202309141235/tools/bin/../lib/gcc/arm-none-eabi/11.3.1/../../../../arm-none-eabi/lib/thumb/v8-m.main+fp/hard\libc_nano.a(libc_a-sbrkr.o)
 .ARM.attributes
                0x00000000000008fc       0x38 C:/ST/STM32CubeIDE_1.13.0/STM32CubeIDE/plugins/com.st.stm32cube.ide.mcu.externaltools.gnu-tools-for-stm32.11.3.rel1.win32_1.1.100.202309141235/tools/bin/../lib/gcc/arm-none-eabi/11.3.1/../../../../arm-none-eabi/lib/thumb/v8-m.main+fp/hard\libc_nano.a(libc_a-memchr-stub.o)
 .ARM.attributes
                0x0000000000000934       0x38 C:/ST/STM32CubeIDE_1.13.0/STM32CubeIDE/plugins/com.st.stm32cube.ide.mcu.externaltools.gnu-tools-for-stm32.11.3.rel1.win32_1.1.100.202309141235/tools/bin/../lib/gcc/arm-none-eabi/11.3.1/../../../../arm-none-eabi/lib/thumb/v8-m.main+fp/hard\libc_nano.a(libc_a-memcpy-stub.o)
 .ARM.attributes
                0x000000000000096c       0x38 C:/ST/STM32CubeIDE_1.13.0/STM32CubeIDE/plugins/com.st.stm32cube.ide.mcu.externaltools.gnu-tools-for-stm32.11.3.rel1.win32_1.1.100.202309141235/tools/bin/../lib/gcc/arm-none-eabi/11.3.1/../../../../arm-none-eabi/lib/thumb/v8-m.main+fp/hard\libc_nano.a(libc_a-reallocr.o)
 .ARM.attributes
                0x00000000000009a4       0x38 C:/ST/STM32CubeIDE_1.13.0/STM32CubeIDE/plugins/com.st.stm32cube.ide.mcu.externaltools.gnu-tools-for-stm32.11.3.rel1.win32_1.1.100.202309141235/tools/bin/../lib/gcc/arm-none-eabi/11.3.1/../../../../arm-none-eabi/lib/thumb/v8-m.main+fp/hard\libc_nano.a(libc_a-msizer.o)
 .ARM.attributes
                0x00000000000009dc       0x22 C:/ST/STM32CubeIDE_1.13.0/STM32CubeIDE/plugins/com.st.stm32cube.ide.mcu.externaltools.gnu-tools-for-stm32.11.3.rel1.win32_1.1.100.202309141235/tools/bin/../lib/gcc/arm-none-eabi/11.3.1/thumb/v8-m.main+fp/hard\libgcc.a(_aeabi_uldivmod.o)
 .ARM.attributes
                0x00000000000009fe       0x38 C:/ST/STM32CubeIDE_1.13.0/STM32CubeIDE/plugins/com.st.stm32cube.ide.mcu.externaltools.gnu-tools-for-stm32.11.3.rel1.win32_1.1.100.202309141235/tools/bin/../lib/gcc/arm-none-eabi/11.3.1/thumb/v8-m.main+fp/hard\libgcc.a(_udivmoddi4.o)
 .ARM.attributes
                0x0000000000000a36       0x22 C:/ST/STM32CubeIDE_1.13.0/STM32CubeIDE/plugins/com.st.stm32cube.ide.mcu.externaltools.gnu-tools-for-stm32.11.3.rel1.win32_1.1.100.202309141235/tools/bin/../lib/gcc/arm-none-eabi/11.3.1/thumb/v8-m.main+fp/hard\libgcc.a(_dvmd_tls.o)
 .ARM.attributes
                0x0000000000000a58       0x22 C:/ST/STM32CubeIDE_1.13.0/STM32CubeIDE/plugins/com.st.stm32cube.ide.mcu.externaltools.gnu-tools-for-stm32.11.3.rel1.win32_1.1.100.202309141235/tools/bin/../lib/gcc/arm-none-eabi/11.3.1/thumb/v8-m.main+fp/hard/crtn.o
OUTPUT(DDR5_TestPlatform.elf elf32-littlearm)
LOAD linker stubs
LOAD C:/ST/STM32CubeIDE_1.13.0/STM32CubeIDE/plugins/com.st.stm32cube.ide.mcu.externaltools.gnu-tools-for-stm32.11.3.rel1.win32_1.1.100.202309141235/tools/bin/../lib/gcc/arm-none-eabi/11.3.1/../../../../arm-none-eabi/lib/thumb/v8-m.main+fp/hard\libc.a
LOAD C:/ST/STM32CubeIDE_1.13.0/STM32CubeIDE/plugins/com.st.stm32cube.ide.mcu.externaltools.gnu-tools-for-stm32.11.3.rel1.win32_1.1.100.202309141235/tools/bin/../lib/gcc/arm-none-eabi/11.3.1/../../../../arm-none-eabi/lib/thumb/v8-m.main+fp/hard\libm.a
LOAD C:/ST/STM32CubeIDE_1.13.0/STM32CubeIDE/plugins/com.st.stm32cube.ide.mcu.externaltools.gnu-tools-for-stm32.11.3.rel1.win32_1.1.100.202309141235/tools/bin/../lib/gcc/arm-none-eabi/11.3.1/thumb/v8-m.main+fp/hard\libgcc.a

.comment        0x0000000000000000       0x43
 .comment       0x0000000000000000       0x43 C:/ST/STM32CubeIDE_1.13.0/STM32CubeIDE/plugins/com.st.stm32cube.ide.mcu.externaltools.gnu-tools-for-stm32.11.3.rel1.win32_1.1.100.202309141235/tools/bin/../lib/gcc/arm-none-eabi/11.3.1/thumb/v8-m.main+fp/hard/crtbegin.o
                                         0x44 (size before relaxing)
 .comment       0x0000000000000043       0x44 ./Application/User/Core/main.o
 .comment       0x0000000000000043       0x44 ./Application/User/Core/stm32h5xx_hal_msp.o
 .comment       0x0000000000000043       0x44 ./Application/User/Core/stm32h5xx_it.o
 .comment       0x0000000000000043       0x44 ./Application/User/Core/sysmem.o
 .comment       0x0000000000000043       0x44 ./Bsp/src/DDR5_DIMM_Detect.o
 .comment       0x0000000000000043       0x44 ./Bsp/src/DDR5_I3C.o
 .comment       0x0000000000000043       0x44 ./Bsp/src/DDR5_LCD_DIMM.o
 .comment       0x0000000000000043       0x44 ./Bsp/src/DDR5_SPD.o
 .comment       0x0000000000000043       0x44 ./Bsp/src/DDR5_Time.o
 .comment       0x0000000000000043       0x44 ./Bsp/src/DDR5_board.o
 .comment       0x0000000000000043       0x44 ./Bsp/src/nhd0420_i2c.o
 .comment       0x0000000000000043       0x44 ./Drivers/CMSIS/system_stm32h5xx.o
 .comment       0x0000000000000043       0x44 ./Drivers/STM32H5xx_HAL_Driver/stm32h5xx_hal.o
 .comment       0x0000000000000043       0x44 ./Drivers/STM32H5xx_HAL_Driver/stm32h5xx_hal_cortex.o
 .comment       0x0000000000000043       0x44 ./Drivers/STM32H5xx_HAL_Driver/stm32h5xx_hal_gpio.o
 .comment       0x0000000000000043       0x44 ./Drivers/STM32H5xx_HAL_Driver/stm32h5xx_hal_i2c.o
 .comment       0x0000000000000043       0x44 ./Drivers/STM32H5xx_HAL_Driver/stm32h5xx_hal_i2c_ex.o
 .comment       0x0000000000000043       0x44 ./Drivers/STM32H5xx_HAL_Driver/stm32h5xx_hal_i3c.o
 .comment       0x0000000000000043       0x44 ./Drivers/STM32H5xx_HAL_Driver/stm32h5xx_hal_icache.o
 .comment       0x0000000000000043       0x44 ./Drivers/STM32H5xx_HAL_Driver/stm32h5xx_hal_rcc.o
 .comment       0x0000000000000043       0x44 ./Drivers/STM32H5xx_HAL_Driver/stm32h5xx_hal_rcc_ex.o
 .comment       0x0000000000000043       0x44 ./Drivers/STM32H5xx_HAL_Driver/stm32h5xx_hal_uart.o
 .comment       0x0000000000000043       0x44 ./Drivers/STM32H5xx_HAL_Driver/stm32h5xx_hal_uart_ex.o

.debug_info     0x0000000000000000    0x1a15b
 .debug_info    0x0000000000000000     0x21a5 ./Application/User/Core/main.o
 .debug_info    0x00000000000021a5     0x1d19 ./Application/User/Core/stm32h5xx_hal_msp.o
 .debug_info    0x0000000000003ebe      0x130 ./Application/User/Core/stm32h5xx_it.o
 .debug_info    0x0000000000003fee      0x168 ./Application/User/Core/sysmem.o
 .debug_info    0x0000000000004156       0x23 ./Application/User/Startup/startup_stm32h563zitx.o
 .debug_info    0x0000000000004179      0x5aa ./Bsp/src/DDR5_DIMM_Detect.o
 .debug_info    0x0000000000004723     0x101c ./Bsp/src/DDR5_I3C.o
 .debug_info    0x000000000000573f      0xd00 ./Bsp/src/DDR5_LCD_DIMM.o
 .debug_info    0x000000000000643f      0x3c1 ./Bsp/src/DDR5_SPD.o
 .debug_info    0x0000000000006800      0x1a1 ./Bsp/src/DDR5_Time.o
 .debug_info    0x00000000000069a1      0x2ed ./Bsp/src/DDR5_board.o
 .debug_info    0x0000000000006c8e      0xf36 ./Bsp/src/nhd0420_i2c.o
 .debug_info    0x0000000000007bc4      0xd8e ./Drivers/CMSIS/system_stm32h5xx.o
 .debug_info    0x0000000000008952     0x1361 ./Drivers/STM32H5xx_HAL_Driver/stm32h5xx_hal.o
 .debug_info    0x0000000000009cb3     0x15f8 ./Drivers/STM32H5xx_HAL_Driver/stm32h5xx_hal_cortex.o
 .debug_info    0x000000000000b2ab      0x6b6 ./Drivers/STM32H5xx_HAL_Driver/stm32h5xx_hal_gpio.o
 .debug_info    0x000000000000b961     0x22d6 ./Drivers/STM32H5xx_HAL_Driver/stm32h5xx_hal_i2c.o
 .debug_info    0x000000000000dc37      0x901 ./Drivers/STM32H5xx_HAL_Driver/stm32h5xx_hal_i2c_ex.o
 .debug_info    0x000000000000e538     0x42a7 ./Drivers/STM32H5xx_HAL_Driver/stm32h5xx_hal_i3c.o
 .debug_info    0x00000000000127df      0x4e9 ./Drivers/STM32H5xx_HAL_Driver/stm32h5xx_hal_icache.o
 .debug_info    0x0000000000012cc8     0x109f ./Drivers/STM32H5xx_HAL_Driver/stm32h5xx_hal_rcc.o
 .debug_info    0x0000000000013d67     0x12d7 ./Drivers/STM32H5xx_HAL_Driver/stm32h5xx_hal_rcc_ex.o
 .debug_info    0x000000000001503e     0x4030 ./Drivers/STM32H5xx_HAL_Driver/stm32h5xx_hal_uart.o
 .debug_info    0x000000000001906e     0x10ed ./Drivers/STM32H5xx_HAL_Driver/stm32h5xx_hal_uart_ex.o

.debug_abbrev   0x0000000000000000     0x308e
 .debug_abbrev  0x0000000000000000      0x33b ./Application/User/Core/main.o
 .debug_abbrev  0x000000000000033b      0x25a ./Application/User/Core/stm32h5xx_hal_msp.o
 .debug_abbrev  0x0000000000000595       0x86 ./Application/User/Core/stm32h5xx_it.o
 .debug_abbrev  0x000000000000061b       0xbc ./Application/User/Core/sysmem.o
 .debug_abbrev  0x00000000000006d7       0x12 ./Application/User/Startup/startup_stm32h563zitx.o
 .debug_abbrev  0x00000000000006e9      0x1ea ./Bsp/src/DDR5_DIMM_Detect.o
 .debug_abbrev  0x00000000000008d3      0x29a ./Bsp/src/DDR5_I3C.o
 .debug_abbrev  0x0000000000000b6d      0x2b6 ./Bsp/src/DDR5_LCD_DIMM.o
 .debug_abbrev  0x0000000000000e23      0x16e ./Bsp/src/DDR5_SPD.o
 .debug_abbrev  0x0000000000000f91      0x118 ./Bsp/src/DDR5_Time.o
 .debug_abbrev  0x00000000000010a9      0x170 ./Bsp/src/DDR5_board.o
 .debug_abbrev  0x0000000000001219      0x21f ./Bsp/src/nhd0420_i2c.o
 .debug_abbrev  0x0000000000001438      0x13a ./Drivers/CMSIS/system_stm32h5xx.o
 .debug_abbrev  0x0000000000001572      0x29c ./Drivers/STM32H5xx_HAL_Driver/stm32h5xx_hal.o
 .debug_abbrev  0x000000000000180e      0x30d ./Drivers/STM32H5xx_HAL_Driver/stm32h5xx_hal_cortex.o
 .debug_abbrev  0x0000000000001b1b      0x1db ./Drivers/STM32H5xx_HAL_Driver/stm32h5xx_hal_gpio.o
 .debug_abbrev  0x0000000000001cf6      0x270 ./Drivers/STM32H5xx_HAL_Driver/stm32h5xx_hal_i2c.o
 .debug_abbrev  0x0000000000001f66      0x1a7 ./Drivers/STM32H5xx_HAL_Driver/stm32h5xx_hal_i2c_ex.o
 .debug_abbrev  0x000000000000210d      0x287 ./Drivers/STM32H5xx_HAL_Driver/stm32h5xx_hal_i3c.o
 .debug_abbrev  0x0000000000002394      0x228 ./Drivers/STM32H5xx_HAL_Driver/stm32h5xx_hal_icache.o
 .debug_abbrev  0x00000000000025bc      0x290 ./Drivers/STM32H5xx_HAL_Driver/stm32h5xx_hal_rcc.o
 .debug_abbrev  0x000000000000284c      0x269 ./Drivers/STM32H5xx_HAL_Driver/stm32h5xx_hal_rcc_ex.o
 .debug_abbrev  0x0000000000002ab5      0x305 ./Drivers/STM32H5xx_HAL_Driver/stm32h5xx_hal_uart.o
 .debug_abbrev  0x0000000000002dba      0x2d4 ./Drivers/STM32H5xx_HAL_Driver/stm32h5xx_hal_uart_ex.o

.debug_aranges  0x0000000000000000     0x15e8
 .debug_aranges
                0x0000000000000000       0x60 ./Application/User/Core/main.o
 .debug_aranges
                0x0000000000000060       0x50 ./Application/User/Core/stm32h5xx_hal_msp.o
 .debug_aranges
                0x00000000000000b0       0x60 ./Application/User/Core/stm32h5xx_it.o
 .debug_aranges
                0x0000000000000110       0x20 ./Application/User/Core/sysmem.o
 .debug_aranges
                0x0000000000000130       0x28 ./Application/User/Startup/startup_stm32h563zitx.o
 .debug_aranges
                0x0000000000000158       0x40 ./Bsp/src/DDR5_DIMM_Detect.o
 .debug_aranges
                0x0000000000000198       0x60 ./Bsp/src/DDR5_I3C.o
 .debug_aranges
                0x00000000000001f8       0x58 ./Bsp/src/DDR5_LCD_DIMM.o
 .debug_aranges
                0x0000000000000250       0x50 ./Bsp/src/DDR5_SPD.o
 .debug_aranges
                0x00000000000002a0       0x40 ./Bsp/src/DDR5_Time.o
 .debug_aranges
                0x00000000000002e0       0x40 ./Bsp/src/DDR5_board.o
 .debug_aranges
                0x0000000000000320       0xe0 ./Bsp/src/nhd0420_i2c.o
 .debug_aranges
                0x0000000000000400       0x28 ./Drivers/CMSIS/system_stm32h5xx.o
 .debug_aranges
                0x0000000000000428      0x200 ./Drivers/STM32H5xx_HAL_Driver/stm32h5xx_hal.o
 .debug_aranges
                0x0000000000000628      0x130 ./Drivers/STM32H5xx_HAL_Driver/stm32h5xx_hal_cortex.o
 .debug_aranges
                0x0000000000000758       0x78 ./Drivers/STM32H5xx_HAL_Driver/stm32h5xx_hal_gpio.o
 .debug_aranges
                0x00000000000007d0      0x2a0 ./Drivers/STM32H5xx_HAL_Driver/stm32h5xx_hal_i2c.o
 .debug_aranges
                0x0000000000000a70       0x40 ./Drivers/STM32H5xx_HAL_Driver/stm32h5xx_hal_i2c_ex.o
 .debug_aranges
                0x0000000000000ab0      0x5f8 ./Drivers/STM32H5xx_HAL_Driver/stm32h5xx_hal_i3c.o
 .debug_aranges
                0x00000000000010a8       0xa8 ./Drivers/STM32H5xx_HAL_Driver/stm32h5xx_hal_icache.o
 .debug_aranges
                0x0000000000001150       0xa0 ./Drivers/STM32H5xx_HAL_Driver/stm32h5xx_hal_rcc.o
 .debug_aranges
                0x00000000000011f0      0x108 ./Drivers/STM32H5xx_HAL_Driver/stm32h5xx_hal_rcc_ex.o
 .debug_aranges
                0x00000000000012f8      0x248 ./Drivers/STM32H5xx_HAL_Driver/stm32h5xx_hal_uart.o
 .debug_aranges
                0x0000000000001540       0xa8 ./Drivers/STM32H5xx_HAL_Driver/stm32h5xx_hal_uart_ex.o

.debug_rnglists
                0x0000000000000000     0x10f0
 .debug_rnglists
                0x0000000000000000       0x49 ./Application/User/Core/main.o
 .debug_rnglists
                0x0000000000000049       0x3a ./Application/User/Core/stm32h5xx_hal_msp.o
 .debug_rnglists
                0x0000000000000083       0x43 ./Application/User/Core/stm32h5xx_it.o
 .debug_rnglists
                0x00000000000000c6       0x13 ./Application/User/Core/sysmem.o
 .debug_rnglists
                0x00000000000000d9       0x19 ./Application/User/Startup/startup_stm32h563zitx.o
 .debug_rnglists
                0x00000000000000f2       0x2e ./Bsp/src/DDR5_DIMM_Detect.o
 .debug_rnglists
                0x0000000000000120       0x49 ./Bsp/src/DDR5_I3C.o
 .debug_rnglists
                0x0000000000000169       0x41 ./Bsp/src/DDR5_LCD_DIMM.o
 .debug_rnglists
                0x00000000000001aa       0x39 ./Bsp/src/DDR5_SPD.o
 .debug_rnglists
                0x00000000000001e3       0x2b ./Bsp/src/DDR5_Time.o
 .debug_rnglists
                0x000000000000020e       0x2b ./Bsp/src/DDR5_board.o
 .debug_rnglists
                0x0000000000000239       0xa3 ./Bsp/src/nhd0420_i2c.o
 .debug_rnglists
                0x00000000000002dc       0x1b ./Drivers/CMSIS/system_stm32h5xx.o
 .debug_rnglists
                0x00000000000002f7      0x17c ./Drivers/STM32H5xx_HAL_Driver/stm32h5xx_hal.o
 .debug_rnglists
                0x0000000000000473       0xe0 ./Drivers/STM32H5xx_HAL_Driver/stm32h5xx_hal_cortex.o
 .debug_rnglists
                0x0000000000000553       0x57 ./Drivers/STM32H5xx_HAL_Driver/stm32h5xx_hal_gpio.o
 .debug_rnglists
                0x00000000000005aa      0x228 ./Drivers/STM32H5xx_HAL_Driver/stm32h5xx_hal_i2c.o
 .debug_rnglists
                0x00000000000007d2       0x30 ./Drivers/STM32H5xx_HAL_Driver/stm32h5xx_hal_i2c_ex.o
 .debug_rnglists
                0x0000000000000802      0x4b2 ./Drivers/STM32H5xx_HAL_Driver/stm32h5xx_hal_i3c.o
 .debug_rnglists
                0x0000000000000cb4       0x7a ./Drivers/STM32H5xx_HAL_Driver/stm32h5xx_hal_icache.o
 .debug_rnglists
                0x0000000000000d2e       0x79 ./Drivers/STM32H5xx_HAL_Driver/stm32h5xx_hal_rcc.o
 .debug_rnglists
                0x0000000000000da7       0xcf ./Drivers/STM32H5xx_HAL_Driver/stm32h5xx_hal_rcc_ex.o
 .debug_rnglists
                0x0000000000000e76      0x1fb ./Drivers/STM32H5xx_HAL_Driver/stm32h5xx_hal_uart.o
 .debug_rnglists
                0x0000000000001071       0x7f ./Drivers/STM32H5xx_HAL_Driver/stm32h5xx_hal_uart_ex.o

.debug_macro    0x0000000000000000    0x3362b
 .debug_macro   0x0000000000000000      0x2f3 ./Application/User/Core/main.o
 .debug_macro   0x00000000000002f3      0xab4 ./Application/User/Core/main.o
 .debug_macro   0x0000000000000da7      0x1d6 ./Application/User/Core/main.o
 .debug_macro   0x0000000000000f7d       0x22 ./Application/User/Core/main.o
 .debug_macro   0x0000000000000f9f       0x5b ./Application/User/Core/main.o
 .debug_macro   0x0000000000000ffa       0x2a ./Application/User/Core/main.o
 .debug_macro   0x0000000000001024       0x94 ./Application/User/Core/main.o
 .debug_macro   0x00000000000010b8       0x43 ./Application/User/Core/main.o
 .debug_macro   0x00000000000010fb       0x34 ./Application/User/Core/main.o
 .debug_macro   0x000000000000112f      0x174 ./Application/User/Core/main.o
 .debug_macro   0x00000000000012a3       0x16 ./Application/User/Core/main.o
 .debug_macro   0x00000000000012b9       0x43 ./Application/User/Core/main.o
 .debug_macro   0x00000000000012fc       0x57 ./Application/User/Core/main.o
 .debug_macro   0x0000000000001353       0x34 ./Application/User/Core/main.o
 .debug_macro   0x0000000000001387       0x10 ./Application/User/Core/main.o
 .debug_macro   0x0000000000001397       0x58 ./Application/User/Core/main.o
 .debug_macro   0x00000000000013ef       0x8e ./Application/User/Core/main.o
 .debug_macro   0x000000000000147d       0x1c ./Application/User/Core/main.o
 .debug_macro   0x0000000000001499      0x177 ./Application/User/Core/main.o
 .debug_macro   0x0000000000001610      0x369 ./Application/User/Core/main.o
 .debug_macro   0x0000000000001979      0x19b ./Application/User/Core/main.o
 .debug_macro   0x0000000000001b14       0x28 ./Application/User/Core/main.o
 .debug_macro   0x0000000000001b3c       0x49 ./Application/User/Core/main.o
 .debug_macro   0x0000000000001b85      0x103 ./Application/User/Core/main.o
 .debug_macro   0x0000000000001c88       0x6a ./Application/User/Core/main.o
 .debug_macro   0x0000000000001cf2      0x1df ./Application/User/Core/main.o
 .debug_macro   0x0000000000001ed1       0x1c ./Application/User/Core/main.o
 .debug_macro   0x0000000000001eed       0x29 ./Application/User/Core/main.o
 .debug_macro   0x0000000000001f16       0xfb ./Application/User/Core/main.o
 .debug_macro   0x0000000000002011     0x1685 ./Application/User/Core/main.o
 .debug_macro   0x0000000000003696       0x5e ./Application/User/Core/main.o
 .debug_macro   0x00000000000036f4    0x20913 ./Application/User/Core/main.o
 .debug_macro   0x0000000000024007       0x6d ./Application/User/Core/main.o
 .debug_macro   0x0000000000024074     0x387c ./Application/User/Core/main.o
 .debug_macro   0x00000000000278f0       0x63 ./Application/User/Core/main.o
 .debug_macro   0x0000000000027953     0x1ee3 ./Application/User/Core/main.o
 .debug_macro   0x0000000000029836      0xe96 ./Application/User/Core/main.o
 .debug_macro   0x000000000002a6cc      0x15f ./Application/User/Core/main.o
 .debug_macro   0x000000000002a82b      0x2ff ./Application/User/Core/main.o
 .debug_macro   0x000000000002ab2a       0xca ./Application/User/Core/main.o
 .debug_macro   0x000000000002abf4      0x917 ./Application/User/Core/main.o
 .debug_macro   0x000000000002b50b      0x478 ./Application/User/Core/main.o
 .debug_macro   0x000000000002b983       0xd6 ./Application/User/Core/main.o
 .debug_macro   0x000000000002ba59      0x1ce ./Application/User/Core/main.o
 .debug_macro   0x000000000002bc27      0x554 ./Application/User/Core/main.o
 .debug_macro   0x000000000002c17b      0x5eb ./Application/User/Core/main.o
 .debug_macro   0x000000000002c766       0x74 ./Application/User/Core/main.o
 .debug_macro   0x000000000002c7da      0x22c ./Application/User/Core/main.o
 .debug_macro   0x000000000002ca06       0x35 ./Application/User/Core/main.o
 .debug_macro   0x000000000002ca3b       0xa5 ./Application/User/Core/main.o
 .debug_macro   0x000000000002cae0      0x424 ./Application/User/Core/main.o
 .debug_macro   0x000000000002cf04      0x4e2 ./Application/User/Core/main.o
 .debug_macro   0x000000000002d3e6      0x313 ./Application/User/Core/main.o
 .debug_macro   0x000000000002d6f9      0x1bb ./Application/User/Core/main.o
 .debug_macro   0x000000000002d8b4      0x693 ./Application/User/Core/main.o
 .debug_macro   0x000000000002df47       0xa6 ./Application/User/Core/main.o
 .debug_macro   0x000000000002dfed      0x2a0 ./Application/User/Core/main.o
 .debug_macro   0x000000000002e28d      0x485 ./Application/User/Core/main.o
 .debug_macro   0x000000000002e712      0x2b4 ./Application/User/Core/main.o
 .debug_macro   0x000000000002e9c6       0x10 ./Application/User/Core/main.o
 .debug_macro   0x000000000002e9d6      0x365 ./Application/User/Core/main.o
 .debug_macro   0x000000000002ed3b       0x16 ./Application/User/Core/main.o
 .debug_macro   0x000000000002ed51       0x82 ./Application/User/Core/main.o
 .debug_macro   0x000000000002edd3       0x16 ./Application/User/Core/main.o
 .debug_macro   0x000000000002ede9      0x2a4 ./Application/User/Core/stm32h5xx_hal_msp.o
 .debug_macro   0x000000000002f08d      0x2b8 ./Application/User/Core/stm32h5xx_it.o
 .debug_macro   0x000000000002f345       0xff ./Application/User/Core/sysmem.o
 .debug_macro   0x000000000002f444      0x23c ./Application/User/Core/sysmem.o
 .debug_macro   0x000000000002f680      0x320 ./Bsp/src/DDR5_DIMM_Detect.o
 .debug_macro   0x000000000002f9a0       0x8e ./Bsp/src/DDR5_DIMM_Detect.o
 .debug_macro   0x000000000002fa2e       0x51 ./Bsp/src/DDR5_DIMM_Detect.o
 .debug_macro   0x000000000002fa7f       0x61 ./Bsp/src/DDR5_DIMM_Detect.o
 .debug_macro   0x000000000002fae0       0x10 ./Bsp/src/DDR5_DIMM_Detect.o
 .debug_macro   0x000000000002faf0       0x16 ./Bsp/src/DDR5_DIMM_Detect.o
 .debug_macro   0x000000000002fb06       0x20 ./Bsp/src/DDR5_DIMM_Detect.o
 .debug_macro   0x000000000002fb26       0x1c ./Bsp/src/DDR5_DIMM_Detect.o
 .debug_macro   0x000000000002fb42      0x2a5 ./Bsp/src/DDR5_I3C.o
 .debug_macro   0x000000000002fde7      0x344 ./Bsp/src/DDR5_LCD_DIMM.o
 .debug_macro   0x000000000003012b      0x365 ./Bsp/src/DDR5_LCD_DIMM.o
 .debug_macro   0x0000000000030490      0x2bf ./Bsp/src/DDR5_SPD.o
 .debug_macro   0x000000000003074f       0x10 ./Bsp/src/DDR5_SPD.o
 .debug_macro   0x000000000003075f       0x6d ./Bsp/src/DDR5_Time.o
 .debug_macro   0x00000000000307cc      0x2c3 ./Bsp/src/DDR5_board.o
 .debug_macro   0x0000000000030a8f      0x35f ./Bsp/src/DDR5_board.o
 .debug_macro   0x0000000000030dee      0x40f ./Bsp/src/DDR5_board.o
 .debug_macro   0x00000000000311fd      0x2c0 ./Bsp/src/nhd0420_i2c.o
 .debug_macro   0x00000000000314bd      0x29c ./Drivers/CMSIS/system_stm32h5xx.o
 .debug_macro   0x0000000000031759      0x2cb ./Drivers/STM32H5xx_HAL_Driver/stm32h5xx_hal.o
 .debug_macro   0x0000000000031a24      0x295 ./Drivers/STM32H5xx_HAL_Driver/stm32h5xx_hal_cortex.o
 .debug_macro   0x0000000000031cb9      0x2cb ./Drivers/STM32H5xx_HAL_Driver/stm32h5xx_hal_gpio.o
 .debug_macro   0x0000000000031f84      0x361 ./Drivers/STM32H5xx_HAL_Driver/stm32h5xx_hal_i2c.o
 .debug_macro   0x00000000000322e5      0x295 ./Drivers/STM32H5xx_HAL_Driver/stm32h5xx_hal_i2c_ex.o
 .debug_macro   0x000000000003257a      0x30d ./Drivers/STM32H5xx_HAL_Driver/stm32h5xx_hal_i3c.o
 .debug_macro   0x0000000000032887      0x2c5 ./Drivers/STM32H5xx_HAL_Driver/stm32h5xx_hal_icache.o
 .debug_macro   0x0000000000032b4c      0x2d7 ./Drivers/STM32H5xx_HAL_Driver/stm32h5xx_hal_rcc.o
 .debug_macro   0x0000000000032e23      0x2a7 ./Drivers/STM32H5xx_HAL_Driver/stm32h5xx_hal_rcc_ex.o
 .debug_macro   0x00000000000330ca      0x2c0 ./Drivers/STM32H5xx_HAL_Driver/stm32h5xx_hal_uart.o
 .debug_macro   0x000000000003338a      0x2a1 ./Drivers/STM32H5xx_HAL_Driver/stm32h5xx_hal_uart_ex.o

.debug_line     0x0000000000000000    0x1d5e6
 .debug_line    0x0000000000000000      0xc70 ./Application/User/Core/main.o
 .debug_line    0x0000000000000c70      0xa3f ./Application/User/Core/stm32h5xx_hal_msp.o
 .debug_line    0x00000000000016af      0xa19 ./Application/User/Core/stm32h5xx_it.o
 .debug_line    0x00000000000020c8      0x590 ./Application/User/Core/sysmem.o
 .debug_line    0x0000000000002658       0x7b ./Application/User/Startup/startup_stm32h563zitx.o
 .debug_line    0x00000000000026d3      0xbfb ./Bsp/src/DDR5_DIMM_Detect.o
 .debug_line    0x00000000000032ce      0xd5a ./Bsp/src/DDR5_I3C.o
 .debug_line    0x0000000000004028      0xb9b ./Bsp/src/DDR5_LCD_DIMM.o
 .debug_line    0x0000000000004bc3      0xa41 ./Bsp/src/DDR5_SPD.o
 .debug_line    0x0000000000005604      0x4fe ./Bsp/src/DDR5_Time.o
 .debug_line    0x0000000000005b02      0x9ea ./Bsp/src/DDR5_board.o
 .debug_line    0x00000000000064ec      0xd23 ./Bsp/src/nhd0420_i2c.o
 .debug_line    0x000000000000720f      0xa75 ./Drivers/CMSIS/system_stm32h5xx.o
 .debug_line    0x0000000000007c84      0xfc9 ./Drivers/STM32H5xx_HAL_Driver/stm32h5xx_hal.o
 .debug_line    0x0000000000008c4d      0xf33 ./Drivers/STM32H5xx_HAL_Driver/stm32h5xx_hal_cortex.o
 .debug_line    0x0000000000009b80      0xce5 ./Drivers/STM32H5xx_HAL_Driver/stm32h5xx_hal_gpio.o
 .debug_line    0x000000000000a865     0x3d2a ./Drivers/STM32H5xx_HAL_Driver/stm32h5xx_hal_i2c.o
 .debug_line    0x000000000000e58f      0xb54 ./Drivers/STM32H5xx_HAL_Driver/stm32h5xx_hal_i2c_ex.o
 .debug_line    0x000000000000f0e3     0x4d7c ./Drivers/STM32H5xx_HAL_Driver/stm32h5xx_hal_i3c.o
 .debug_line    0x0000000000013e5f      0xbef ./Drivers/STM32H5xx_HAL_Driver/stm32h5xx_hal_icache.o
 .debug_line    0x0000000000014a4e     0x137a ./Drivers/STM32H5xx_HAL_Driver/stm32h5xx_hal_rcc.o
 .debug_line    0x0000000000015dc8     0x2e48 ./Drivers/STM32H5xx_HAL_Driver/stm32h5xx_hal_rcc_ex.o
 .debug_line    0x0000000000018c10     0x3a90 ./Drivers/STM32H5xx_HAL_Driver/stm32h5xx_hal_uart.o
 .debug_line    0x000000000001c6a0      0xf46 ./Drivers/STM32H5xx_HAL_Driver/stm32h5xx_hal_uart_ex.o

.debug_str      0x0000000000000000   0x13a1ca
 .debug_str     0x0000000000000000   0x130cc1 ./Application/User/Core/main.o
                                     0x131185 (size before relaxing)
 .debug_str     0x0000000000130cc1      0x569 ./Application/User/Core/stm32h5xx_hal_msp.o
                                     0x12f9a1 (size before relaxing)
 .debug_str     0x000000000013122a      0x105 ./Application/User/Core/stm32h5xx_it.o
                                     0x12e586 (size before relaxing)
 .debug_str     0x000000000013132f      0x4e9 ./Application/User/Core/sysmem.o
                                       0x60a6 (size before relaxing)
 .debug_str     0x0000000000131818       0x40 ./Application/User/Startup/startup_stm32h563zitx.o
                                         0x80 (size before relaxing)
 .debug_str     0x0000000000131858      0x778 ./Bsp/src/DDR5_DIMM_Detect.o
                                     0x12f636 (size before relaxing)
 .debug_str     0x0000000000131fd0      0x174 ./Bsp/src/DDR5_I3C.o
                                     0x12e2dd (size before relaxing)
 .debug_str     0x0000000000132144       0xef ./Bsp/src/DDR5_LCD_DIMM.o
                                     0x12ff9e (size before relaxing)
 .debug_str     0x0000000000132233      0x101 ./Bsp/src/DDR5_SPD.o
                                     0x12db38 (size before relaxing)
 .debug_str     0x0000000000132334       0x66 ./Bsp/src/DDR5_Time.o
                                       0x3dd8 (size before relaxing)
 .debug_str     0x000000000013239a     0x1a04 ./Bsp/src/DDR5_board.o
                                     0x1306f9 (size before relaxing)
 .debug_str     0x0000000000133d9e      0x294 ./Bsp/src/nhd0420_i2c.o
                                     0x12e510 (size before relaxing)
 .debug_str     0x0000000000134032      0x47c ./Drivers/CMSIS/system_stm32h5xx.o
                                     0x12dfc5 (size before relaxing)
 .debug_str     0x00000000001344ae     0x103b ./Drivers/STM32H5xx_HAL_Driver/stm32h5xx_hal.o