C:/Users/Xavi/Documents/FW/DDR5_TestPlatform/STM32CubeIDE/Bsp/Inc/DDR5_Board.h:336:23:DDR5_ButtonPressed	16	static
C:/Users/Xavi/Documents/FW/DDR5_TestPlatform/STM32CubeIDE/Bsp/Inc/DDR5_Board.h:341:23:DDR5_UPButtonPressed	8	static
C:/Users/Xavi/Documents/FW/DDR5_TestPlatform/STM32CubeIDE/Bsp/Inc/DDR5_Board.h:346:23:DDR5_DOWNButtonPressed	8	static
C:/Users/Xavi/Documents/FW/DDR5_TestPlatform/STM32CubeIDE/Bsp/Inc/DDR5_Board.h:351:23:DDR5_LEFTButtonPressed	8	static
C:/Users/Xavi/Documents/FW/DDR5_TestPlatform/STM32CubeIDE/Bsp/Inc/DDR5_Board.h:356:23:DDR5_RIGHTButtonPressed	8	static
C:/Users/Xavi/Documents/FW/DDR5_TestPlatform/STM32CubeIDE/Bsp/Inc/DDR5_Board.h:361:23:DDR5_OKButtonPressed	8	static
C:/Users/Xavi/Documents/FW/DDR5_TestPlatform/STM32CubeIDE/Bsp/Inc/DDR5_Board.h:366:23:DDR5_CANCELButtonPressed	8	static
../Bsp/src/DDR5_UI_Menu.c:62:13:UI_WriteLine20	40	static
../Bsp/src/DDR5_UI_Menu.c:85:25:UI_GetButtonEvent	8	static
../Bsp/src/DDR5_UI_Menu.c:150:13:UI_ShowMain	8	static
../Bsp/src/DDR5_UI_Menu.c:161:13:UI_ShowMainPage2	8	static
../Bsp/src/DDR5_UI_Menu.c:172:13:UI_ShowMainAuto	8	static
../Bsp/src/DDR5_UI_Menu.c:180:13:UI_ShowCCC	8	static
../Bsp/src/DDR5_UI_Menu.c:191:13:UI_ShowRead	8	static
../Bsp/src/DDR5_UI_Menu.c:207:13:UI_ShowReadAddr	32	static
../Bsp/src/DDR5_UI_Menu.c:223:13:UI_ShowReadReg	32	static
../Bsp/src/DDR5_UI_Menu.c:239:13:UI_ShowReadResult	40	static
../Bsp/src/DDR5_UI_Menu.c:263:13:UI_ShowWrite	8	static
../Bsp/src/DDR5_UI_Menu.c:279:13:UI_ShowMessage	24	static
../Bsp/src/DDR5_UI_Menu.c:295:13:UI_ExecuteRead	16	static
../Bsp/src/DDR5_UI_Menu.c:332:13:UI_ExecuteCCC	24	static
../Bsp/src/DDR5_UI_Menu.c:409:6:DDR5_UI_Menu_Init	16	static
../Bsp/src/DDR5_UI_Menu.c:426:6:DDR5_UI_Menu_FSM_Update	24	static
