../../Drivers/STM32H5xx_HAL_Driver/Inc/stm32h5xx_ll_i3c.h:2370:22:LL_I3C_RequestTransfer	16	static
../../Drivers/STM32H5xx_HAL_Driver/Inc/stm32h5xx_ll_i3c.h:4165:22:LL_I3C_ClearFlag_FC	16	static
../../Drivers/STM32H5xx_HAL_Driver/Inc/stm32h5xx_ll_i3c.h:4187:22:LL_I3C_ClearFlag_ERR	16	static
../Bsp/src/DDR5_I3C.c:14:6:I3C_SETHID	8	static
../Bsp/src/DDR5_I3C.c:18:6:I3C_RSTDAA	8	static
../Bsp/src/DDR5_I3C.c:23:6:I3C_SETAASA	8	static
../Bsp/src/DDR5_I3C.c:28:19:I3C_LL_I2C_PrivateReadReg	32	static
../Bsp/src/DDR5_I3C.c:99:19:I3C_LL_I2C_PrivateWriteReg	32	static
../Bsp/src/DDR5_I3C.c:153:19:I3C_LL_PrivateWriteReg	48	static
../Bsp/src/DDR5_I3C.c:235:19:I3C_LL_PrivateReadReg	48	static
../Bsp/src/DDR5_I3C.c:394:19:I3C_SETAASA_Status	72	static
../Bsp/src/DDR5_I3C.c:430:19:I3C_RSTDAA_Status	72	static
../Bsp/src/DDR5_I3C.c:473:19:I3C_SETHID_Status	72	static
