../Bsp/src/nhd0420_i2c.c:10:5:nhd0420_i2c_write_raw	32	static
../Bsp/src/nhd0420_i2c.c:30:12:nhd0420_send_cmd0	24	static
../Bsp/src/nhd0420_i2c.c:36:12:nhd0420_send_cmd1	24	static
../Bsp/src/nhd0420_i2c.c:42:16:nhd0420_rowcol_to_pos	16	static
../Bsp/src/nhd0420_i2c.c:48:5:nhd0420_init	24	static
../Bsp/src/nhd0420_i2c.c:65:5:nhd0420_display_on	16	static
../Bsp/src/nhd0420_i2c.c:70:5:nhd0420_display_off	16	static
../Bsp/src/nhd0420_i2c.c:75:5:nhd0420_clear	24	static
../Bsp/src/nhd0420_i2c.c:83:5:nhd0420_home	24	static
../Bsp/src/nhd0420_i2c.c:91:5:nhd0420_set_cursor_pos	16	static
../Bsp/src/nhd0420_i2c.c:96:5:nhd0420_set_cursor_rc	24	static
../Bsp/src/nhd0420_i2c.c:111:5:nhd0420_write_char	32	static
../Bsp/src/nhd0420_i2c.c:131:5:nhd0420_write_data	32	static
../Bsp/src/nhd0420_i2c.c:149:5:nhd0420_write_string	24	static
../Bsp/src/nhd0420_i2c.c:164:5:nhd0420_write_line	32	static
../Bsp/src/nhd0420_i2c.c:190:5:nhd0420_write_line_20	24	static
../Bsp/src/nhd0420_i2c.c:198:5:nhd0420_set_contrast	16	static
../Bsp/src/nhd0420_i2c.c:206:5:nhd0420_set_backlight	16	static
../Bsp/src/nhd0420_i2c.c:214:5:nhd0420_underline_on	16	static
../Bsp/src/nhd0420_i2c.c:219:5:nhd0420_underline_off	16	static
../Bsp/src/nhd0420_i2c.c:224:5:nhd0420_blink_on	16	static
../Bsp/src/nhd0420_i2c.c:229:5:nhd0420_blink_off	16	static
../Bsp/src/nhd0420_i2c.c:234:5:nhd0420_shift_left	16	static
../Bsp/src/nhd0420_i2c.c:239:5:nhd0420_shift_right	16	static
../Bsp/src/nhd0420_i2c.c:244:5:nhd0420_load_custom_char	40	static
