../Bsp/src/nhd0420_i2c.c:10:5:nhd0420_i2c_write_raw	32	static
../Bsp/src/nhd0420_i2c.c:30:12:nhd0420_send_cmd0	24	static
../Bsp/src/nhd0420_i2c.c:36:12:nhd0420_send_cmd1	24	static
../Bsp/src/nhd0420_i2c.c:42:16:nhd0420_rowcol_to_pos	16	static
../Bsp/src/nhd0420_i2c.c:49:5:nhd0420_init	24	static
../Bsp/src/nhd0420_i2c.c:66:5:nhd0420_display_on	16	static
../Bsp/src/nhd0420_i2c.c:71:5:nhd0420_display_off	16	static
../Bsp/src/nhd0420_i2c.c:76:5:nhd0420_clear	24	static
../Bsp/src/nhd0420_i2c.c:84:5:nhd0420_home	24	static
../Bsp/src/nhd0420_i2c.c:92:5:nhd0420_set_cursor_pos	16	static
../Bsp/src/nhd0420_i2c.c:97:5:nhd0420_set_cursor_rc	24	static
../Bsp/src/nhd0420_i2c.c:112:5:nhd0420_write_char	32	static
../Bsp/src/nhd0420_i2c.c:135:5:nhd0420_write_data	32	static
../Bsp/src/nhd0420_i2c.c:153:5:nhd0420_write_string	24	static
../Bsp/src/nhd0420_i2c.c:168:5:nhd0420_write_line	32	static
../Bsp/src/nhd0420_i2c.c:192:5:nhd0420_write_line_20	24	static
../Bsp/src/nhd0420_i2c.c:200:5:nhd0420_set_contrast	16	static
../Bsp/src/nhd0420_i2c.c:208:5:nhd0420_set_backlight	16	static
../Bsp/src/nhd0420_i2c.c:216:5:nhd0420_underline_on	16	static
../Bsp/src/nhd0420_i2c.c:221:5:nhd0420_underline_off	16	static
../Bsp/src/nhd0420_i2c.c:226:5:nhd0420_blink_on	16	static
../Bsp/src/nhd0420_i2c.c:231:5:nhd0420_blink_off	16	static
../Bsp/src/nhd0420_i2c.c:236:5:nhd0420_shift_left	16	static
../Bsp/src/nhd0420_i2c.c:241:5:nhd0420_shift_right	16	static
../Bsp/src/nhd0420_i2c.c:246:5:nhd0420_load_custom_char	40	static
