C:/Users/Xavi/Documents/FW/DDR5_TestPlatform/Core/Src/main.c:84:5:main	8	static,ignoring_inline_asm
C:/Users/Xavi/Documents/FW/DDR5_TestPlatform/Core/Src/main.c:174:6:SystemClock_Config	120	static
C:/Users/Xavi/Documents/FW/DDR5_TestPlatform/Core/Src/main.c:229:13:MX_I2C1_Init	8	static
C:/Users/Xavi/Documents/FW/DDR5_TestPlatform/Core/Src/main.c:277:13:MX_I3C1_Init	32	static
C:/Users/Xavi/Documents/FW/DDR5_TestPlatform/Core/Src/main.c:353:13:MX_ICACHE_Init	8	static
C:/Users/Xavi/Documents/FW/DDR5_TestPlatform/Core/Src/main.c:381:13:MX_MEMORYMAP_Init	4	static
C:/Users/Xavi/Documents/FW/DDR5_TestPlatform/Core/Src/main.c:402:13:MX_USART3_UART_Init	8	static
C:/Users/Xavi/Documents/FW/DDR5_TestPlatform/Core/Src/main.c:451:13:MX_GPIO_Init	64	static
C:/Users/Xavi/Documents/FW/DDR5_TestPlatform/Core/Src/main.c:586:6:Error_Handler	4	static,ignoring_inline_asm
