C:/Users/Xavi/Documents/FW/DDR5_TestPlatform/Core/Src/main.c:84:5:main	2
C:/Users/Xavi/Documents/FW/DDR5_TestPlatform/Core/Src/main.c:174:6:SystemClock_Config	4
C:/Users/Xavi/Documents/FW/DDR5_TestPlatform/Core/Src/main.c:229:13:MX_I2C1_Init	4
C:/Users/Xavi/Documents/FW/DDR5_TestPlatform/Core/Src/main.c:277:13:MX_I3C1_Init	4
C:/Users/Xavi/Documents/FW/DDR5_TestPlatform/Core/Src/main.c:353:13:MX_ICACHE_Init	2
C:/Users/Xavi/Documents/FW/DDR5_TestPlatform/Core/Src/main.c:381:13:MX_MEMORYMAP_Init	1
C:/Users/Xavi/Documents/FW/DDR5_TestPlatform/Core/Src/main.c:402:13:MX_USART3_UART_Init	5
C:/Users/Xavi/Documents/FW/DDR5_TestPlatform/Core/Src/main.c:451:13:MX_GPIO_Init	1
C:/Users/Xavi/Documents/FW/DDR5_TestPlatform/Core/Src/main.c:586:6:Error_Handler	1
